
> virtual-tryon-frontend@1.0.0 prebuild
> npm run clean


> virtual-tryon-frontend@1.0.0 clean
> rimraf .next


> virtual-tryon-frontend@1.0.0 build
> next build

   Ôû▓ Next.js 14.0.4
   - Environments: .env.local, .env.production, .env

   Creating an optimized production build ...
 Ô£ô Compiled successfully
   Linting and checking validity of types ...
node.exe :  Ô¿» ESLint: Failed to load config "next/typescript" to 
extend from. Referenced from: 
C:\Users\Matt\Mostrador_wilkiedevs\frontend\.eslintrc.json
En línea: 1 Carácter: 1
+ & "C:\Program Files\nodejs/node.exe" "C:\Program 
Files\nodejs/node_mo ...
+ 
~~~~~~~~~~~~~~~~~~~~~~~~~~~~~~~~~~~~~~~~~~~~~~~~~~~~~~~~~~~~~~~~~~~~~
    + CategoryInfo          : NotSpecified: ( Ô¿» ESLint: Fa...\.es  
  lintrc.json:String) [], RemoteException
    + FullyQualifiedErrorId : NativeCommandError
 
Failed to compile.

./src/components/mini-landing/TemplateClassic.tsx:120:49
Type error: Type '{ className: string; style: { color: string; }; }' 
is not assignable to type 'IntrinsicAttributes & { className?: 
string | undefined; }'.
  Property 'style' does not exist on type 'IntrinsicAttributes & { 
className?: string | undefined; }'.

[0m [90m 118 |[39m           [33m<[39m[33mdiv[39m 
className[33m=[39m[32m"relative z-10 text-center 
lg:text-left"[39m[33m>[39m[0m
[0m [90m 119 |[39m             [33m<[39m[33mdiv[39m 
className[33m=[39m[32m"inline-flex items-center gap-2 px-4 py-1.5 
rounded-full bg-black/5 border border-black/10 text-[#0a0a0a] 
text-[11px] font-bold uppercase tracking-[0.2em] mb-8 animate-in 
fade-in slide-in-from-top-4 duration-700"[39m[33m>[39m[0m
[0m[31m[1m>[22m[39m[90m 120 |[39m               
[33m<[39m[33mSparklesIcon[39m className[33m=[39m[32m"w-4 
h-4"[39m style[33m=[39m{{ color[33m:[39m primaryColor }} 
[33m/[39m[33m>[39m[0m
[0m [90m     |[39m                                                
 [31m[1m^[22m[39m[0m
[0m [90m 121 |[39m               [33mProbador[39m 
[33mVirtual[39m [33mIA[39m[0m
[0m [90m 122 |[39m             
[33m<[39m[33m/[39m[33mdiv[39m[33m>[39m[0m
[0m [90m 123 |[39m             [33m<[39m[33mh2[39m 
className[33m=[39m[32m"text-5xl lg:text-7xl font-extrabold 
tracking-tighter text-[#0a0a0a] leading-[0.9] 
mb-8"[39m[33m>[39m[0m
