  console.error
    [Wompi] Error en getCheckoutUrl: TypeError: supabase_1.supabaseAdmin.from(...).select is not a function
        at PricingService.getPricingConfig (C:\Users\Matt\Lookitry\backend\src\services\pricing.service.ts:18:8)
        at PricingService.calculateTotal (C:\Users\Matt\Lookitry\backend\src\services\pricing.service.ts:38:32)
        at WompiController.getCheckoutUrl (C:\Users\Matt\Lookitry\backend\src\controllers\wompi.controller.ts:317:44)
        at C:\Users\Matt\Lookitry\backend\src\__tests__\properties\checkout-email-registro-pro.property.test.ts:106:30
        at AsyncProperty.predicate (C:\Users\Matt\Lookitry\backend\node_modules\fast-check\lib\cjs\fast-check.js:1272:104)
        at AsyncProperty.run (C:\Users\Matt\Lookitry\backend\node_modules\fast-check\lib\cjs\fast-check.js:1208:30)
        at asyncRunIt (C:\Users\Matt\Lookitry\backend\node_modules\fast-check\lib\cjs\fast-check.js:2503:30)
        at Object.<anonymous> (C:\Users\Matt\Lookitry\backend\src\__tests__\properties\checkout-email-registro-pro.property.test.ts:87:7)

    [0m [90m 345 |[39m       res[33m.[39mjson({ checkoutUrl })[33m;[39m
     [90m 346 |[39m     } [36mcatch[39m (error) {
    [31m[1m>[22m[39m[90m 347 |[39m       console[33m.[39merror([32m'[Wompi] Error en getCheckoutUrl:'[39m[33m,[39m error)[33m;[39m
     [90m     |[39m               [31m[1m^[22m[39m
     [90m 348 |[39m       res[33m.[39mstatus([35m500[39m)[33m.[39mjson({ error[33m:[39m [32m'Error interno'[39m })[33m;[39m
     [90m 349 |[39m     }
     [90m 350 |[39m   }[0m

      at WompiController.getCheckoutUrl (src/controllers/wompi.controller.ts:347:15)
      at src/__tests__/properties/checkout-email-registro-pro.property.test.ts:106:13
      at AsyncProperty.run (node_modules/fast-check/lib/cjs/fast-check.js:1208:19)
      at asyncRunIt (node_modules/fast-check/lib/cjs/fast-check.js:2503:15)
      at Object.<anonymous> (src/__tests__/properties/checkout-email-registro-pro.property.test.ts:87:7)

  console.error
    [Wompi] Error en getCheckoutUrl: TypeError: supabase_1.supabaseAdmin.from(...).select is not a function
        at PricingService.getPricingConfig (C:\Users\Matt\Lookitry\backend\src\services\pricing.service.ts:18:8)
        at PricingService.calculateTotal (C:\Users\Matt\Lookitry\backend\src\services\pricing.service.ts:38:32)
        at WompiController.getCheckoutUrl (C:\Users\Matt\Lookitry\backend\src\controllers\wompi.controller.ts:317:44)
        at C:\Users\Matt\Lookitry\backend\src\__tests__\properties\checkout-email-registro-pro.property.test.ts:106:30
        at AsyncProperty.predicate (C:\Users\Matt\Lookitry\backend\node_modules\fast-check\lib\cjs\fast-check.js:1272:104)
        at AsyncProperty.run (C:\Users\Matt\Lookitry\backend\node_modules\fast-check\lib\cjs\fast-check.js:1208:30)
        at asyncRunIt (C:\Users\Matt\Lookitry\backend\node_modules\fast-check\lib\cjs\fast-check.js:2503:30)
        at Object.<anonymous> (C:\Users\Matt\Lookitry\backend\src\__tests__\properties\checkout-email-registro-pro.property.test.ts:87:7)

    [0m [90m 345 |[39m       res[33m.[39mjson({ checkoutUrl })[33m;[39m
     [90m 346 |[39m     } [36mcatch[39m (error) {
    [31m[1m>[22m[39m[90m 347 |[39m       console[33m.[39merror([32m'[Wompi] Error en getCheckoutUrl:'[39m[33m,[39m error)[33m;[39m
     [90m     |[39m               [31m[1m^[22m[39m
     [90m 348 |[39m       res[33m.[39mstatus([35m500[39m)[33m.[39mjson({ error[33m:[39m [32m'Error interno'[39m })[33m;[39m
     [90m 349 |[39m     }
     [90m 350 |[39m   }[0m

      at WompiController.getCheckoutUrl (src/controllers/wompi.controller.ts:347:15)
      at src/__tests__/properties/checkout-email-registro-pro.property.test.ts:106:13
      at AsyncProperty.run (node_modules/fast-check/lib/cjs/fast-check.js:1208:19)
      at asyncRunIt (node_modules/fast-check/lib/cjs/fast-check.js:2503:15)
      at Object.<anonymous> (src/__tests__/properties/checkout-email-registro-pro.property.test.ts:87:7)

  console.error
    [Wompi] Error en getCheckoutUrl: TypeError: supabase_1.supabaseAdmin.from(...).select is not a function
        at PricingService.getPricingConfig (C:\Users\Matt\Lookitry\backend\src\services\pricing.service.ts:18:8)
        at PricingService.calculateTotal (C:\Users\Matt\Lookitry\backend\src\services\pricing.service.ts:38:32)
        at WompiController.getCheckoutUrl (C:\Users\Matt\Lookitry\backend\src\controllers\wompi.controller.ts:317:44)
        at C:\Users\Matt\Lookitry\backend\src\__tests__\properties\checkout-email-registro-pro.property.test.ts:106:30
        at AsyncProperty.predicate (C:\Users\Matt\Lookitry\backend\node_modules\fast-check\lib\cjs\fast-check.js:1272:104)
        at AsyncProperty.run (C:\Users\Matt\Lookitry\backend\node_modules\fast-check\lib\cjs\fast-check.js:1208:30)
        at asyncRunIt (C:\Users\Matt\Lookitry\backend\node_modules\fast-check\lib\cjs\fast-check.js:2503:30)
        at Object.<anonymous> (C:\Users\Matt\Lookitry\backend\src\__tests__\properties\checkout-email-registro-pro.property.test.ts:87:7)

    [0m [90m 345 |[39m       res[33m.[39mjson({ checkoutUrl })[33m;[39m
     [90m 346 |[39m     } [36mcatch[39m (error) {
    [31m[1m>[22m[39m[90m 347 |[39m       console[33m.[39merror([32m'[Wompi] Error en getCheckoutUrl:'[39m[33m,[39m error)[33m;[39m
     [90m     |[39m               [31m[1m^[22m[39m
     [90m 348 |[39m       res[33m.[39mstatus([35m500[39m)[33m.[39mjson({ error[33m:[39m [32m'Error interno'[39m })[33m;[39m
     [90m 349 |[39m     }
     [90m 350 |[39m   }[0m

      at WompiController.getCheckoutUrl (src/controllers/wompi.controller.ts:347:15)
      at src/__tests__/properties/checkout-email-registro-pro.property.test.ts:106:13
      at AsyncProperty.run (node_modules/fast-check/lib/cjs/fast-check.js:1208:19)
      at asyncRunIt (node_modules/fast-check/lib/cjs/fast-check.js:2503:15)
      at Object.<anonymous> (src/__tests__/properties/checkout-email-registro-pro.property.test.ts:87:7)

  console.error
    [Wompi] Error en getCheckoutUrl: TypeError: supabase_1.supabaseAdmin.from(...).select is not a function
        at PricingService.getPricingConfig (C:\Users\Matt\Lookitry\backend\src\services\pricing.service.ts:18:8)
        at PricingService.calculateTotal (C:\Users\Matt\Lookitry\backend\src\services\pricing.service.ts:38:32)
        at WompiController.getCheckoutUrl (C:\Users\Matt\Lookitry\backend\src\controllers\wompi.controller.ts:317:44)
        at C:\Users\Matt\Lookitry\backend\src\__tests__\properties\checkout-email-registro-pro.property.test.ts:106:30
        at AsyncProperty.predicate (C:\Users\Matt\Lookitry\backend\node_modules\fast-check\lib\cjs\fast-check.js:1272:104)
        at AsyncProperty.run (C:\Users\Matt\Lookitry\backend\node_modules\fast-check\lib\cjs\fast-check.js:1208:30)
        at asyncRunIt (C:\Users\Matt\Lookitry\backend\node_modules\fast-check\lib\cjs\fast-check.js:2503:30)
        at Object.<anonymous> (C:\Users\Matt\Lookitry\backend\src\__tests__\properties\checkout-email-registro-pro.property.test.ts:87:7)

    [0m [90m 345 |[39m       res[33m.[39mjson({ checkoutUrl })[33m;[39m
     [90m 346 |[39m     } [36mcatch[39m (error) {
    [31m[1m>[22m[39m[90m 347 |[39m       console[33m.[39merror([32m'[Wompi] Error en getCheckoutUrl:'[39m[33m,[39m error)[33m;[39m
     [90m     |[39m               [31m[1m^[22m[39m
     [90m 348 |[39m       res[33m.[39mstatus([35m500[39m)[33m.[39mjson({ error[33m:[39m [32m'Error interno'[39m })[33m;[39m
     [90m 349 |[39m     }
     [90m 350 |[39m   }[0m

      at WompiController.getCheckoutUrl (src/controllers/wompi.controller.ts:347:15)
      at src/__tests__/properties/checkout-email-registro-pro.property.test.ts:106:13
      at AsyncProperty.run (node_modules/fast-check/lib/cjs/fast-check.js:1208:19)
      at asyncRunIt (node_modules/fast-check/lib/cjs/fast-check.js:2503:15)
      at Object.<anonymous> (src/__tests__/properties/checkout-email-registro-pro.property.test.ts:87:7)

  console.error
    [Wompi] Error en getCheckoutUrl: TypeError: supabase_1.supabaseAdmin.from(...).select is not a function
        at PricingService.getPricingConfig (C:\Users\Matt\Lookitry\backend\src\services\pricing.service.ts:18:8)
        at PricingService.calculateTotal (C:\Users\Matt\Lookitry\backend\src\services\pricing.service.ts:38:32)
        at WompiController.getCheckoutUrl (C:\Users\Matt\Lookitry\backend\src\controllers\wompi.controller.ts:317:44)
        at C:\Users\Matt\Lookitry\backend\src\__tests__\properties\checkout-email-registro-pro.property.test.ts:106:30
        at AsyncProperty.predicate (C:\Users\Matt\Lookitry\backend\node_modules\fast-check\lib\cjs\fast-check.js:1272:104)
        at AsyncProperty.run (C:\Users\Matt\Lookitry\backend\node_modules\fast-check\lib\cjs\fast-check.js:1208:30)
        at asyncRunIt (C:\Users\Matt\Lookitry\backend\node_modules\fast-check\lib\cjs\fast-check.js:2503:30)
        at Object.<anonymous> (C:\Users\Matt\Lookitry\backend\src\__tests__\properties\checkout-email-registro-pro.property.test.ts:87:7)

    [0m [90m 345 |[39m       res[33m.[39mjson({ checkoutUrl })[33m;[39m
     [90m 346 |[39m     } [36mcatch[39m (error) {
    [31m[1m>[22m[39m[90m 347 |[39m       console[33m.[39merror([32m'[Wompi] Error en getCheckoutUrl:'[39m[33m,[39m error)[33m;[39m
     [90m     |[39m               [31m[1m^[22m[39m
     [90m 348 |[39m       res[33m.[39mstatus([35m500[39m)[33m.[39mjson({ error[33m:[39m [32m'Error interno'[39m })[33m;[39m
     [90m 349 |[39m     }
     [90m 350 |[39m   }[0m

      at WompiController.getCheckoutUrl (src/controllers/wompi.controller.ts:347:15)
      at src/__tests__/properties/checkout-email-registro-pro.property.test.ts:106:13
      at AsyncProperty.run (node_modules/fast-check/lib/cjs/fast-check.js:1208:19)
      at asyncRunIt (node_modules/fast-check/lib/cjs/fast-check.js:2503:15)
      at Object.<anonymous> (src/__tests__/properties/checkout-email-registro-pro.property.test.ts:87:7)

  console.error
    [Wompi] Error en getCheckoutUrl: TypeError: supabase_1.supabaseAdmin.from(...).select is not a function
        at PricingService.getPricingConfig (C:\Users\Matt\Lookitry\backend\src\services\pricing.service.ts:18:8)
        at PricingService.calculateTotal (C:\Users\Matt\Lookitry\backend\src\services\pricing.service.ts:38:32)
        at WompiController.getCheckoutUrl (C:\Users\Matt\Lookitry\backend\src\controllers\wompi.controller.ts:317:44)
        at C:\Users\Matt\Lookitry\backend\src\__tests__\properties\checkout-email-registro-pro.property.test.ts:106:30
        at AsyncProperty.predicate (C:\Users\Matt\Lookitry\backend\node_modules\fast-check\lib\cjs\fast-check.js:1272:104)
        at AsyncProperty.run (C:\Users\Matt\Lookitry\backend\node_modules\fast-check\lib\cjs\fast-check.js:1208:30)
        at asyncRunIt (C:\Users\Matt\Lookitry\backend\node_modules\fast-check\lib\cjs\fast-check.js:2503:30)
        at Object.<anonymous> (C:\Users\Matt\Lookitry\backend\src\__tests__\properties\checkout-email-registro-pro.property.test.ts:87:7)

    [0m [90m 345 |[39m       res[33m.[39mjson({ checkoutUrl })[33m;[39m
     [90m 346 |[39m     } [36mcatch[39m (error) {
    [31m[1m>[22m[39m[90m 347 |[39m       console[33m.[39merror([32m'[Wompi] Error en getCheckoutUrl:'[39m[33m,[39m error)[33m;[39m
     [90m     |[39m               [31m[1m^[22m[39m
     [90m 348 |[39m       res[33m.[39mstatus([35m500[39m)[33m.[39mjson({ error[33m:[39m [32m'Error interno'[39m })[33m;[39m
     [90m 349 |[39m     }
     [90m 350 |[39m   }[0m

      at WompiController.getCheckoutUrl (src/controllers/wompi.controller.ts:347:15)
      at src/__tests__/properties/checkout-email-registro-pro.property.test.ts:106:13
      at AsyncProperty.run (node_modules/fast-check/lib/cjs/fast-check.js:1208:19)
      at asyncRunIt (node_modules/fast-check/lib/cjs/fast-check.js:2503:15)
      at Object.<anonymous> (src/__tests__/properties/checkout-email-registro-pro.property.test.ts:87:7)

  console.error
    [Wompi] Error en getCheckoutUrl: TypeError: supabase_1.supabaseAdmin.from(...).select is not a function
        at PricingService.getPricingConfig (C:\Users\Matt\Lookitry\backend\src\services\pricing.service.ts:18:8)
        at PricingService.calculateTotal (C:\Users\Matt\Lookitry\backend\src\services\pricing.service.ts:38:32)
        at WompiController.getCheckoutUrl (C:\Users\Matt\Lookitry\backend\src\controllers\wompi.controller.ts:317:44)
        at C:\Users\Matt\Lookitry\backend\src\__tests__\properties\checkout-email-registro-pro.property.test.ts:106:30
        at AsyncProperty.predicate (C:\Users\Matt\Lookitry\backend\node_modules\fast-check\lib\cjs\fast-check.js:1272:104)
        at AsyncProperty.run (C:\Users\Matt\Lookitry\backend\node_modules\fast-check\lib\cjs\fast-check.js:1208:30)
        at asyncRunIt (C:\Users\Matt\Lookitry\backend\node_modules\fast-check\lib\cjs\fast-check.js:2503:30)
        at Object.<anonymous> (C:\Users\Matt\Lookitry\backend\src\__tests__\properties\checkout-email-registro-pro.property.test.ts:87:7)

    [0m [90m 345 |[39m       res[33m.[39mjson({ checkoutUrl })[33m;[39m
     [90m 346 |[39m     } [36mcatch[39m (error) {
    [31m[1m>[22m[39m[90m 347 |[39m       console[33m.[39merror([32m'[Wompi] Error en getCheckoutUrl:'[39m[33m,[39m error)[33m;[39m
     [90m     |[39m               [31m[1m^[22m[39m
     [90m 348 |[39m       res[33m.[39mstatus([35m500[39m)[33m.[39mjson({ error[33m:[39m [32m'Error interno'[39m })[33m;[39m
     [90m 349 |[39m     }
     [90m 350 |[39m   }[0m

      at WompiController.getCheckoutUrl (src/controllers/wompi.controller.ts:347:15)
      at src/__tests__/properties/checkout-email-registro-pro.property.test.ts:106:13
      at AsyncProperty.run (node_modules/fast-check/lib/cjs/fast-check.js:1208:19)
      at asyncRunIt (node_modules/fast-check/lib/cjs/fast-check.js:2503:15)
      at Object.<anonymous> (src/__tests__/properties/checkout-email-registro-pro.property.test.ts:87:7)

  console.error
    [Wompi] Error en getCheckoutUrl: TypeError: supabase_1.supabaseAdmin.from(...).select is not a function
        at PricingService.getPricingConfig (C:\Users\Matt\Lookitry\backend\src\services\pricing.service.ts:18:8)
        at PricingService.calculateTotal (C:\Users\Matt\Lookitry\backend\src\services\pricing.service.ts:38:32)
        at WompiController.getCheckoutUrl (C:\Users\Matt\Lookitry\backend\src\controllers\wompi.controller.ts:317:44)
        at C:\Users\Matt\Lookitry\backend\src\__tests__\properties\checkout-email-registro-pro.property.test.ts:106:30
        at AsyncProperty.predicate (C:\Users\Matt\Lookitry\backend\node_modules\fast-check\lib\cjs\fast-check.js:1272:104)
        at AsyncProperty.run (C:\Users\Matt\Lookitry\backend\node_modules\fast-check\lib\cjs\fast-check.js:1208:30)
        at asyncRunIt (C:\Users\Matt\Lookitry\backend\node_modules\fast-check\lib\cjs\fast-check.js:2503:30)
        at Object.<anonymous> (C:\Users\Matt\Lookitry\backend\src\__tests__\properties\checkout-email-registro-pro.property.test.ts:87:7)

    [0m [90m 345 |[39m       res[33m.[39mjson({ checkoutUrl })[33m;[39m
     [90m 346 |[39m     } [36mcatch[39m (error) {
    [31m[1m>[22m[39m[90m 347 |[39m       console[33m.[39merror([32m'[Wompi] Error en getCheckoutUrl:'[39m[33m,[39m error)[33m;[39m
     [90m     |[39m               [31m[1m^[22m[39m
     [90m 348 |[39m       res[33m.[39mstatus([35m500[39m)[33m.[39mjson({ error[33m:[39m [32m'Error interno'[39m })[33m;[39m
     [90m 349 |[39m     }
     [90m 350 |[39m   }[0m

      at WompiController.getCheckoutUrl (src/controllers/wompi.controller.ts:347:15)
      at src/__tests__/properties/checkout-email-registro-pro.property.test.ts:106:13
      at AsyncProperty.run (node_modules/fast-check/lib/cjs/fast-check.js:1208:19)
      at asyncRunIt (node_modules/fast-check/lib/cjs/fast-check.js:2503:15)
      at Object.<anonymous> (src/__tests__/properties/checkout-email-registro-pro.property.test.ts:87:7)

  console.error
    [Wompi] Error en getCheckoutUrl: TypeError: supabase_1.supabaseAdmin.from(...).select is not a function
        at PricingService.getPricingConfig (C:\Users\Matt\Lookitry\backend\src\services\pricing.service.ts:18:8)
        at PricingService.calculateTotal (C:\Users\Matt\Lookitry\backend\src\services\pricing.service.ts:38:32)
        at WompiController.getCheckoutUrl (C:\Users\Matt\Lookitry\backend\src\controllers\wompi.controller.ts:317:44)
        at C:\Users\Matt\Lookitry\backend\src\__tests__\properties\checkout-email-registro-pro.property.test.ts:106:30
        at AsyncProperty.predicate (C:\Users\Matt\Lookitry\backend\node_modules\fast-check\lib\cjs\fast-check.js:1272:104)
        at AsyncProperty.run (C:\Users\Matt\Lookitry\backend\node_modules\fast-check\lib\cjs\fast-check.js:1208:30)
        at asyncRunIt (C:\Users\Matt\Lookitry\backend\node_modules\fast-check\lib\cjs\fast-check.js:2503:30)
        at Object.<anonymous> (C:\Users\Matt\Lookitry\backend\src\__tests__\properties\checkout-email-registro-pro.property.test.ts:87:7)

    [0m [90m 345 |[39m       res[33m.[39mjson({ checkoutUrl })[33m;[39m
     [90m 346 |[39m     } [36mcatch[39m (error) {
    [31m[1m>[22m[39m[90m 347 |[39m       console[33m.[39merror([32m'[Wompi] Error en getCheckoutUrl:'[39m[33m,[39m error)[33m;[39m
     [90m     |[39m               [31m[1m^[22m[39m
     [90m 348 |[39m       res[33m.[39mstatus([35m500[39m)[33m.[39mjson({ error[33m:[39m [32m'Error interno'[39m })[33m;[39m
     [90m 349 |[39m     }
     [90m 350 |[39m   }[0m

      at WompiController.getCheckoutUrl (src/controllers/wompi.controller.ts:347:15)
      at src/__tests__/properties/checkout-email-registro-pro.property.test.ts:106:13
      at AsyncProperty.run (node_modules/fast-check/lib/cjs/fast-check.js:1208:19)
      at asyncRunIt (node_modules/fast-check/lib/cjs/fast-check.js:2503:15)
      at Object.<anonymous> (src/__tests__/properties/checkout-email-registro-pro.property.test.ts:87:7)

  console.error
    [Wompi] Error en getCheckoutUrl: TypeError: supabase_1.supabaseAdmin.from(...).select is not a function
        at PricingService.getPricingConfig (C:\Users\Matt\Lookitry\backend\src\services\pricing.service.ts:18:8)
        at PricingService.calculateTotal (C:\Users\Matt\Lookitry\backend\src\services\pricing.service.ts:38:32)
        at WompiController.getCheckoutUrl (C:\Users\Matt\Lookitry\backend\src\controllers\wompi.controller.ts:317:44)
        at C:\Users\Matt\Lookitry\backend\src\__tests__\properties\checkout-email-registro-pro.property.test.ts:106:30
        at AsyncProperty.predicate (C:\Users\Matt\Lookitry\backend\node_modules\fast-check\lib\cjs\fast-check.js:1272:104)
        at AsyncProperty.run (C:\Users\Matt\Lookitry\backend\node_modules\fast-check\lib\cjs\fast-check.js:1208:30)
        at asyncRunIt (C:\Users\Matt\Lookitry\backend\node_modules\fast-check\lib\cjs\fast-check.js:2503:30)
        at Object.<anonymous> (C:\Users\Matt\Lookitry\backend\src\__tests__\properties\checkout-email-registro-pro.property.test.ts:87:7)

    [0m [90m 345 |[39m       res[33m.[39mjson({ checkoutUrl })[33m;[39m
     [90m 346 |[39m     } [36mcatch[39m (error) {
    [31m[1m>[22m[39m[90m 347 |[39m       console[33m.[39merror([32m'[Wompi] Error en getCheckoutUrl:'[39m[33m,[39m error)[33m;[39m
     [90m     |[39m               [31m[1m^[22m[39m
     [90m 348 |[39m       res[33m.[39mstatus([35m500[39m)[33m.[39mjson({ error[33m:[39m [32m'Error interno'[39m })[33m;[39m
     [90m 349 |[39m     }
     [90m 350 |[39m   }[0m

      at WompiController.getCheckoutUrl (src/controllers/wompi.controller.ts:347:15)
      at src/__tests__/properties/checkout-email-registro-pro.property.test.ts:106:13
      at AsyncProperty.run (node_modules/fast-check/lib/cjs/fast-check.js:1208:19)
      at asyncRunIt (node_modules/fast-check/lib/cjs/fast-check.js:2503:15)
      at Object.<anonymous> (src/__tests__/properties/checkout-email-registro-pro.property.test.ts:87:7)

  console.error
    [Wompi] Error en getCheckoutUrl: TypeError: supabase_1.supabaseAdmin.from(...).select is not a function
        at PricingService.getPricingConfig (C:\Users\Matt\Lookitry\backend\src\services\pricing.service.ts:18:8)
        at PricingService.calculateTotal (C:\Users\Matt\Lookitry\backend\src\services\pricing.service.ts:38:32)
        at WompiController.getCheckoutUrl (C:\Users\Matt\Lookitry\backend\src\controllers\wompi.controller.ts:317:44)
        at C:\Users\Matt\Lookitry\backend\src\__tests__\properties\checkout-email-registro-pro.property.test.ts:106:30
        at AsyncProperty.predicate (C:\Users\Matt\Lookitry\backend\node_modules\fast-check\lib\cjs\fast-check.js:1272:104)
        at AsyncProperty.run (C:\Users\Matt\Lookitry\backend\node_modules\fast-check\lib\cjs\fast-check.js:1208:30)
        at asyncRunIt (C:\Users\Matt\Lookitry\backend\node_modules\fast-check\lib\cjs\fast-check.js:2503:30)
        at Object.<anonymous> (C:\Users\Matt\Lookitry\backend\src\__tests__\properties\checkout-email-registro-pro.property.test.ts:87:7)

    [0m [90m 345 |[39m       res[33m.[39mjson({ checkoutUrl })[33m;[39m
     [90m 346 |[39m     } [36mcatch[39m (error) {
    [31m[1m>[22m[39m[90m 347 |[39m       console[33m.[39merror([32m'[Wompi] Error en getCheckoutUrl:'[39m[33m,[39m error)[33m;[39m
     [90m     |[39m               [31m[1m^[22m[39m
     [90m 348 |[39m       res[33m.[39mstatus([35m500[39m)[33m.[39mjson({ error[33m:[39m [32m'Error interno'[39m })[33m;[39m
     [90m 349 |[39m     }
     [90m 350 |[39m   }[0m

      at WompiController.getCheckoutUrl (src/controllers/wompi.controller.ts:347:15)
      at src/__tests__/properties/checkout-email-registro-pro.property.test.ts:106:13
      at AsyncProperty.run (node_modules/fast-check/lib/cjs/fast-check.js:1208:19)
      at asyncRunIt (node_modules/fast-check/lib/cjs/fast-check.js:2503:15)
      at Object.<anonymous> (src/__tests__/properties/checkout-email-registro-pro.property.test.ts:87:7)

  console.error
    [Wompi] Error en getCheckoutUrl: TypeError: supabase_1.supabaseAdmin.from(...).select is not a function
        at PricingService.getPricingConfig (C:\Users\Matt\Lookitry\backend\src\services\pricing.service.ts:18:8)
        at PricingService.calculateTotal (C:\Users\Matt\Lookitry\backend\src\services\pricing.service.ts:38:32)
        at WompiController.getCheckoutUrl (C:\Users\Matt\Lookitry\backend\src\controllers\wompi.controller.ts:317:44)
        at C:\Users\Matt\Lookitry\backend\src\__tests__\properties\checkout-email-registro-pro.property.test.ts:106:30
        at AsyncProperty.predicate (C:\Users\Matt\Lookitry\backend\node_modules\fast-check\lib\cjs\fast-check.js:1272:104)
        at AsyncProperty.run (C:\Users\Matt\Lookitry\backend\node_modules\fast-check\lib\cjs\fast-check.js:1208:30)
        at asyncRunIt (C:\Users\Matt\Lookitry\backend\node_modules\fast-check\lib\cjs\fast-check.js:2503:30)
        at Object.<anonymous> (C:\Users\Matt\Lookitry\backend\src\__tests__\properties\checkout-email-registro-pro.property.test.ts:87:7)

    [0m [90m 345 |[39m       res[33m.[39mjson({ checkoutUrl })[33m;[39m
     [90m 346 |[39m     } [36mcatch[39m (error) {
    [31m[1m>[22m[39m[90m 347 |[39m       console[33m.[39merror([32m'[Wompi] Error en getCheckoutUrl:'[39m[33m,[39m error)[33m;[39m
     [90m     |[39m               [31m[1m^[22m[39m
     [90m 348 |[39m       res[33m.[39mstatus([35m500[39m)[33m.[39mjson({ error[33m:[39m [32m'Error interno'[39m })[33m;[39m
     [90m 349 |[39m     }
     [90m 350 |[39m   }[0m

      at WompiController.getCheckoutUrl (src/controllers/wompi.controller.ts:347:15)
      at src/__tests__/properties/checkout-email-registro-pro.property.test.ts:106:13
      at AsyncProperty.run (node_modules/fast-check/lib/cjs/fast-check.js:1208:19)
      at asyncRunIt (node_modules/fast-check/lib/cjs/fast-check.js:2503:15)
      at Object.<anonymous> (src/__tests__/properties/checkout-email-registro-pro.property.test.ts:87:7)

  console.error
    [Wompi] Error en getCheckoutUrl: TypeError: supabase_1.supabaseAdmin.from(...).select is not a function
        at PricingService.getPricingConfig (C:\Users\Matt\Lookitry\backend\src\services\pricing.service.ts:18:8)
        at PricingService.calculateTotal (C:\Users\Matt\Lookitry\backend\src\services\pricing.service.ts:38:32)
        at WompiController.getCheckoutUrl (C:\Users\Matt\Lookitry\backend\src\controllers\wompi.controller.ts:317:44)
        at C:\Users\Matt\Lookitry\backend\src\__tests__\properties\checkout-email-registro-pro.property.test.ts:149:30
        at AsyncProperty.predicate (C:\Users\Matt\Lookitry\backend\node_modules\fast-check\lib\cjs\fast-check.js:1272:104)
        at AsyncProperty.run (C:\Users\Matt\Lookitry\backend\node_modules\fast-check\lib\cjs\fast-check.js:1208:30)
        at asyncRunIt (C:\Users\Matt\Lookitry\backend\node_modules\fast-check\lib\cjs\fast-check.js:2503:30)
        at Object.<anonymous> (C:\Users\Matt\Lookitry\backend\src\__tests__\properties\checkout-email-registro-pro.property.test.ts:130:7)

    [0m [90m 345 |[39m       res[33m.[39mjson({ checkoutUrl })[33m;[39m
     [90m 346 |[39m     } [36mcatch[39m (error) {
    [31m[1m>[22m[39m[90m 347 |[39m       console[33m.[39merror([32m'[Wompi] Error en getCheckoutUrl:'[39m[33m,[39m error)[33m;[39m
     [90m     |[39m               [31m[1m^[22m[39m
     [90m 348 |[39m       res[33m.[39mstatus([35m500[39m)[33m.[39mjson({ error[33m:[39m [32m'Error interno'[39m })[33m;[39m
     [90m 349 |[39m     }
     [90m 350 |[39m   }[0m

      at WompiController.getCheckoutUrl (src/controllers/wompi.controller.ts:347:15)
      at src/__tests__/properties/checkout-email-registro-pro.property.test.ts:149:13
      at AsyncProperty.run (node_modules/fast-check/lib/cjs/fast-check.js:1208:19)
      at asyncRunIt (node_modules/fast-check/lib/cjs/fast-check.js:2503:15)
      at Object.<anonymous> (src/__tests__/properties/checkout-email-registro-pro.property.test.ts:130:7)

  console.error
    [Wompi] Error en getCheckoutUrl: TypeError: supabase_1.supabaseAdmin.from(...).select is not a function
        at PricingService.getPricingConfig (C:\Users\Matt\Lookitry\backend\src\services\pricing.service.ts:18:8)
        at PricingService.calculateTotal (C:\Users\Matt\Lookitry\backend\src\services\pricing.service.ts:38:32)
        at WompiController.getCheckoutUrl (C:\Users\Matt\Lookitry\backend\src\controllers\wompi.controller.ts:317:44)
        at C:\Users\Matt\Lookitry\backend\src\__tests__\properties\checkout-email-registro-pro.property.test.ts:149:30
        at AsyncProperty.predicate (C:\Users\Matt\Lookitry\backend\node_modules\fast-check\lib\cjs\fast-check.js:1272:104)
        at AsyncProperty.run (C:\Users\Matt\Lookitry\backend\node_modules\fast-check\lib\cjs\fast-check.js:1208:30)
        at asyncRunIt (C:\Users\Matt\Lookitry\backend\node_modules\fast-check\lib\cjs\fast-check.js:2503:30)
        at Object.<anonymous> (C:\Users\Matt\Lookitry\backend\src\__tests__\properties\checkout-email-registro-pro.property.test.ts:130:7)

    [0m [90m 345 |[39m       res[33m.[39mjson({ checkoutUrl })[33m;[39m
     [90m 346 |[39m     } [36mcatch[39m (error) {
    [31m[1m>[22m[39m[90m 347 |[39m       console[33m.[39merror([32m'[Wompi] Error en getCheckoutUrl:'[39m[33m,[39m error)[33m;[39m
     [90m     |[39m               [31m[1m^[22m[39m
     [90m 348 |[39m       res[33m.[39mstatus([35m500[39m)[33m.[39mjson({ error[33m:[39m [32m'Error interno'[39m })[33m;[39m
     [90m 349 |[39m     }
     [90m 350 |[39m   }[0m

      at WompiController.getCheckoutUrl (src/controllers/wompi.controller.ts:347:15)
      at src/__tests__/properties/checkout-email-registro-pro.property.test.ts:149:13
      at AsyncProperty.run (node_modules/fast-check/lib/cjs/fast-check.js:1208:19)
      at asyncRunIt (node_modules/fast-check/lib/cjs/fast-check.js:2503:15)
      at Object.<anonymous> (src/__tests__/properties/checkout-email-registro-pro.property.test.ts:130:7)

  console.error
    [Wompi] Error en getCheckoutUrl: TypeError: supabase_1.supabaseAdmin.from(...).select is not a function
        at PricingService.getPricingConfig (C:\Users\Matt\Lookitry\backend\src\services\pricing.service.ts:18:8)
        at PricingService.calculateTotal (C:\Users\Matt\Lookitry\backend\src\services\pricing.service.ts:38:32)
        at WompiController.getCheckoutUrl (C:\Users\Matt\Lookitry\backend\src\controllers\wompi.controller.ts:317:44)
        at C:\Users\Matt\Lookitry\backend\src\__tests__\properties\checkout-email-registro-pro.property.test.ts:149:30
        at AsyncProperty.predicate (C:\Users\Matt\Lookitry\backend\node_modules\fast-check\lib\cjs\fast-check.js:1272:104)
        at AsyncProperty.run (C:\Users\Matt\Lookitry\backend\node_modules\fast-check\lib\cjs\fast-check.js:1208:30)
        at asyncRunIt (C:\Users\Matt\Lookitry\backend\node_modules\fast-check\lib\cjs\fast-check.js:2503:30)
        at Object.<anonymous> (C:\Users\Matt\Lookitry\backend\src\__tests__\properties\checkout-email-registro-pro.property.test.ts:130:7)

    [0m [90m 345 |[39m       res[33m.[39mjson({ checkoutUrl })[33m;[39m
     [90m 346 |[39m     } [36mcatch[39m (error) {
    [31m[1m>[22m[39m[90m 347 |[39m       console[33m.[39merror([32m'[Wompi] Error en getCheckoutUrl:'[39m[33m,[39m error)[33m;[39m
     [90m     |[39m               [31m[1m^[22m[39m
     [90m 348 |[39m       res[33m.[39mstatus([35m500[39m)[33m.[39mjson({ error[33m:[39m [32m'Error interno'[39m })[33m;[39m
     [90m 349 |[39m     }
     [90m 350 |[39m   }[0m

      at WompiController.getCheckoutUrl (src/controllers/wompi.controller.ts:347:15)
      at src/__tests__/properties/checkout-email-registro-pro.property.test.ts:149:13
      at AsyncProperty.run (node_modules/fast-check/lib/cjs/fast-check.js:1208:19)
      at asyncRunIt (node_modules/fast-check/lib/cjs/fast-check.js:2503:15)
      at Object.<anonymous> (src/__tests__/properties/checkout-email-registro-pro.property.test.ts:130:7)

  console.error
    [Wompi] Error en getCheckoutUrl: TypeError: supabase_1.supabaseAdmin.from(...).select is not a function
        at PricingService.getPricingConfig (C:\Users\Matt\Lookitry\backend\src\services\pricing.service.ts:18:8)
        at PricingService.calculateTotal (C:\Users\Matt\Lookitry\backend\src\services\pricing.service.ts:38:32)
        at WompiController.getCheckoutUrl (C:\Users\Matt\Lookitry\backend\src\controllers\wompi.controller.ts:317:44)
        at C:\Users\Matt\Lookitry\backend\src\__tests__\properties\checkout-email-registro-pro.property.test.ts:149:30
        at AsyncProperty.predicate (C:\Users\Matt\Lookitry\backend\node_modules\fast-check\lib\cjs\fast-check.js:1272:104)
        at AsyncProperty.run (C:\Users\Matt\Lookitry\backend\node_modules\fast-check\lib\cjs\fast-check.js:1208:30)
        at asyncRunIt (C:\Users\Matt\Lookitry\backend\node_modules\fast-check\lib\cjs\fast-check.js:2503:30)
        at Object.<anonymous> (C:\Users\Matt\Lookitry\backend\src\__tests__\properties\checkout-email-registro-pro.property.test.ts:130:7)

    [0m [90m 345 |[39m       res[33m.[39mjson({ checkoutUrl })[33m;[39m
     [90m 346 |[39m     } [36mcatch[39m (error) {
    [31m[1m>[22m[39m[90m 347 |[39m       console[33m.[39merror([32m'[Wompi] Error en getCheckoutUrl:'[39m[33m,[39m error)[33m;[39m
     [90m     |[39m               [31m[1m^[22m[39m
     [90m 348 |[39m       res[33m.[39mstatus([35m500[39m)[33m.[39mjson({ error[33m:[39m [32m'Error interno'[39m })[33m;[39m
     [90m 349 |[39m     }
     [90m 350 |[39m   }[0m

      at WompiController.getCheckoutUrl (src/controllers/wompi.controller.ts:347:15)
      at src/__tests__/properties/checkout-email-registro-pro.property.test.ts:149:13
      at AsyncProperty.run (node_modules/fast-check/lib/cjs/fast-check.js:1208:19)
      at asyncRunIt (node_modules/fast-check/lib/cjs/fast-check.js:2503:15)
      at Object.<anonymous> (src/__tests__/properties/checkout-email-registro-pro.property.test.ts:130:7)

  console.error
    [Wompi] Error en getCheckoutUrl: TypeError: supabase_1.supabaseAdmin.from(...).select is not a function
        at PricingService.getPricingConfig (C:\Users\Matt\Lookitry\backend\src\services\pricing.service.ts:18:8)
        at PricingService.calculateTotal (C:\Users\Matt\Lookitry\backend\src\services\pricing.service.ts:38:32)
        at WompiController.getCheckoutUrl (C:\Users\Matt\Lookitry\backend\src\controllers\wompi.controller.ts:317:44)
        at C:\Users\Matt\Lookitry\backend\src\__tests__\properties\checkout-email-registro-pro.property.test.ts:149:30
        at AsyncProperty.predicate (C:\Users\Matt\Lookitry\backend\node_modules\fast-check\lib\cjs\fast-check.js:1272:104)
        at AsyncProperty.run (C:\Users\Matt\Lookitry\backend\node_modules\fast-check\lib\cjs\fast-check.js:1208:30)
        at asyncRunIt (C:\Users\Matt\Lookitry\backend\node_modules\fast-check\lib\cjs\fast-check.js:2503:30)
        at Object.<anonymous> (C:\Users\Matt\Lookitry\backend\src\__tests__\properties\checkout-email-registro-pro.property.test.ts:130:7)

    [0m [90m 345 |[39m       res[33m.[39mjson({ checkoutUrl })[33m;[39m
     [90m 346 |[39m     } [36mcatch[39m (error) {
    [31m[1m>[22m[39m[90m 347 |[39m       console[33m.[39merror([32m'[Wompi] Error en getCheckoutUrl:'[39m[33m,[39m error)[33m;[39m
     [90m     |[39m               [31m[1m^[22m[39m
     [90m 348 |[39m       res[33m.[39mstatus([35m500[39m)[33m.[39mjson({ error[33m:[39m [32m'Error interno'[39m })[33m;[39m
     [90m 349 |[39m     }
     [90m 350 |[39m   }[0m

      at WompiController.getCheckoutUrl (src/controllers/wompi.controller.ts:347:15)
      at src/__tests__/properties/checkout-email-registro-pro.property.test.ts:149:13
      at AsyncProperty.run (node_modules/fast-check/lib/cjs/fast-check.js:1208:19)
      at asyncRunIt (node_modules/fast-check/lib/cjs/fast-check.js:2503:15)
      at Object.<anonymous> (src/__tests__/properties/checkout-email-registro-pro.property.test.ts:130:7)

  console.error
    [Wompi] Error en getCheckoutUrl: TypeError: supabase_1.supabaseAdmin.from(...).select is not a function
        at PricingService.getPricingConfig (C:\Users\Matt\Lookitry\backend\src\services\pricing.service.ts:18:8)
        at PricingService.calculateTotal (C:\Users\Matt\Lookitry\backend\src\services\pricing.service.ts:38:32)
        at WompiController.getCheckoutUrl (C:\Users\Matt\Lookitry\backend\src\controllers\wompi.controller.ts:317:44)
        at C:\Users\Matt\Lookitry\backend\src\__tests__\properties\checkout-email-registro-pro.property.test.ts:149:30
        at AsyncProperty.predicate (C:\Users\Matt\Lookitry\backend\node_modules\fast-check\lib\cjs\fast-check.js:1272:104)
        at AsyncProperty.run (C:\Users\Matt\Lookitry\backend\node_modules\fast-check\lib\cjs\fast-check.js:1208:30)
        at asyncRunIt (C:\Users\Matt\Lookitry\backend\node_modules\fast-check\lib\cjs\fast-check.js:2503:30)
        at Object.<anonymous> (C:\Users\Matt\Lookitry\backend\src\__tests__\properties\checkout-email-registro-pro.property.test.ts:130:7)

    [0m [90m 345 |[39m       res[33m.[39mjson({ checkoutUrl })[33m;[39m
     [90m 346 |[39m     } [36mcatch[39m (error) {
    [31m[1m>[22m[39m[90m 347 |[39m       console[33m.[39merror([32m'[Wompi] Error en getCheckoutUrl:'[39m[33m,[39m error)[33m;[39m
     [90m     |[39m               [31m[1m^[22m[39m
     [90m 348 |[39m       res[33m.[39mstatus([35m500[39m)[33m.[39mjson({ error[33m:[39m [32m'Error interno'[39m })[33m;[39m
     [90m 349 |[39m     }
     [90m 350 |[39m   }[0m

      at WompiController.getCheckoutUrl (src/controllers/wompi.controller.ts:347:15)
      at src/__tests__/properties/checkout-email-registro-pro.property.test.ts:149:13
      at AsyncProperty.run (node_modules/fast-check/lib/cjs/fast-check.js:1208:19)
      at asyncRunIt (node_modules/fast-check/lib/cjs/fast-check.js:2503:15)
      at Object.<anonymous> (src/__tests__/properties/checkout-email-registro-pro.property.test.ts:130:7)

  console.error
    [Wompi] Error en getCheckoutUrl: TypeError: supabase_1.supabaseAdmin.from(...).select is not a function
        at PricingService.getPricingConfig (C:\Users\Matt\Lookitry\backend\src\services\pricing.service.ts:18:8)
        at PricingService.calculateTotal (C:\Users\Matt\Lookitry\backend\src\services\pricing.service.ts:38:32)
        at WompiController.getCheckoutUrl (C:\Users\Matt\Lookitry\backend\src\controllers\wompi.controller.ts:317:44)
        at C:\Users\Matt\Lookitry\backend\src\__tests__\properties\checkout-email-registro-pro.property.test.ts:149:30
        at AsyncProperty.predicate (C:\Users\Matt\Lookitry\backend\node_modules\fast-check\lib\cjs\fast-check.js:1272:104)
        at AsyncProperty.run (C:\Users\Matt\Lookitry\backend\node_modules\fast-check\lib\cjs\fast-check.js:1208:30)
        at asyncRunIt (C:\Users\Matt\Lookitry\backend\node_modules\fast-check\lib\cjs\fast-check.js:2503:30)
        at Object.<anonymous> (C:\Users\Matt\Lookitry\backend\src\__tests__\properties\checkout-email-registro-pro.property.test.ts:130:7)

    [0m [90m 345 |[39m       res[33m.[39mjson({ checkoutUrl })[33m;[39m
     [90m 346 |[39m     } [36mcatch[39m (error) {
    [31m[1m>[22m[39m[90m 347 |[39m       console[33m.[39merror([32m'[Wompi] Error en getCheckoutUrl:'[39m[33m,[39m error)[33m;[39m
     [90m     |[39m               [31m[1m^[22m[39m
     [90m 348 |[39m       res[33m.[39mstatus([35m500[39m)[33m.[39mjson({ error[33m:[39m [32m'Error interno'[39m })[33m;[39m
     [90m 349 |[39m     }
     [90m 350 |[39m   }[0m

      at WompiController.getCheckoutUrl (src/controllers/wompi.controller.ts:347:15)
      at src/__tests__/properties/checkout-email-registro-pro.property.test.ts:149:13
      at AsyncProperty.run (node_modules/fast-check/lib/cjs/fast-check.js:1208:19)
      at asyncRunIt (node_modules/fast-check/lib/cjs/fast-check.js:2503:15)
      at Object.<anonymous> (src/__tests__/properties/checkout-email-registro-pro.property.test.ts:130:7)

  console.error
    [Wompi] Error en getCheckoutUrl: TypeError: supabase_1.supabaseAdmin.from(...).select is not a function
        at PricingService.getPricingConfig (C:\Users\Matt\Lookitry\backend\src\services\pricing.service.ts:18:8)
        at PricingService.calculateTotal (C:\Users\Matt\Lookitry\backend\src\services\pricing.service.ts:38:32)
        at WompiController.getCheckoutUrl (C:\Users\Matt\Lookitry\backend\src\controllers\wompi.controller.ts:317:44)
        at C:\Users\Matt\Lookitry\backend\src\__tests__\properties\checkout-email-registro-pro.property.test.ts:149:30
        at AsyncProperty.predicate (C:\Users\Matt\Lookitry\backend\node_modules\fast-check\lib\cjs\fast-check.js:1272:104)
        at AsyncProperty.run (C:\Users\Matt\Lookitry\backend\node_modules\fast-check\lib\cjs\fast-check.js:1208:30)
        at asyncRunIt (C:\Users\Matt\Lookitry\backend\node_modules\fast-check\lib\cjs\fast-check.js:2503:30)
        at Object.<anonymous> (C:\Users\Matt\Lookitry\backend\src\__tests__\properties\checkout-email-registro-pro.property.test.ts:130:7)

    [0m [90m 345 |[39m       res[33m.[39mjson({ checkoutUrl })[33m;[39m
     [90m 346 |[39m     } [36mcatch[39m (error) {
    [31m[1m>[22m[39m[90m 347 |[39m       console[33m.[39merror([32m'[Wompi] Error en getCheckoutUrl:'[39m[33m,[39m error)[33m;[39m
     [90m     |[39m               [31m[1m^[22m[39m
     [90m 348 |[39m       res[33m.[39mstatus([35m500[39m)[33m.[39mjson({ error[33m:[39m [32m'Error interno'[39m })[33m;[39m
     [90m 349 |[39m     }
     [90m 350 |[39m   }[0m

      at WompiController.getCheckoutUrl (src/controllers/wompi.controller.ts:347:15)
      at src/__tests__/properties/checkout-email-registro-pro.property.test.ts:149:13
      at AsyncProperty.run (node_modules/fast-check/lib/cjs/fast-check.js:1208:19)
      at asyncRunIt (node_modules/fast-check/lib/cjs/fast-check.js:2503:15)
      at Object.<anonymous> (src/__tests__/properties/checkout-email-registro-pro.property.test.ts:130:7)

  console.error
    [Wompi] Error en getCheckoutUrl: TypeError: supabase_1.supabaseAdmin.from(...).select is not a function
        at PricingService.getPricingConfig (C:\Users\Matt\Lookitry\backend\src\services\pricing.service.ts:18:8)
        at PricingService.calculateTotal (C:\Users\Matt\Lookitry\backend\src\services\pricing.service.ts:38:32)
        at WompiController.getCheckoutUrl (C:\Users\Matt\Lookitry\backend\src\controllers\wompi.controller.ts:317:44)
        at C:\Users\Matt\Lookitry\backend\src\__tests__\properties\checkout-email-registro-pro.property.test.ts:149:30
        at AsyncProperty.predicate (C:\Users\Matt\Lookitry\backend\node_modules\fast-check\lib\cjs\fast-check.js:1272:104)
        at AsyncProperty.run (C:\Users\Matt\Lookitry\backend\node_modules\fast-check\lib\cjs\fast-check.js:1208:30)
        at asyncRunIt (C:\Users\Matt\Lookitry\backend\node_modules\fast-check\lib\cjs\fast-check.js:2503:30)
        at Object.<anonymous> (C:\Users\Matt\Lookitry\backend\src\__tests__\properties\checkout-email-registro-pro.property.test.ts:130:7)

    [0m [90m 345 |[39m       res[33m.[39mjson({ checkoutUrl })[33m;[39m
     [90m 346 |[39m     } [36mcatch[39m (error) {
    [31m[1m>[22m[39m[90m 347 |[39m       console[33m.[39merror([32m'[Wompi] Error en getCheckoutUrl:'[39m[33m,[39m error)[33m;[39m
     [90m     |[39m               [31m[1m^[22m[39m
     [90m 348 |[39m       res[33m.[39mstatus([35m500[39m)[33m.[39mjson({ error[33m:[39m [32m'Error interno'[39m })[33m;[39m
     [90m 349 |[39m     }
     [90m 350 |[39m   }[0m

      at WompiController.getCheckoutUrl (src/controllers/wompi.controller.ts:347:15)
      at src/__tests__/properties/checkout-email-registro-pro.property.test.ts:149:13
      at AsyncProperty.run (node_modules/fast-check/lib/cjs/fast-check.js:1208:19)
      at asyncRunIt (node_modules/fast-check/lib/cjs/fast-check.js:2503:15)
      at Object.<anonymous> (src/__tests__/properties/checkout-email-registro-pro.property.test.ts:130:7)

  console.error
    [Wompi] Error en getCheckoutUrl: TypeError: supabase_1.supabaseAdmin.from(...).select is not a function
        at PricingService.getPricingConfig (C:\Users\Matt\Lookitry\backend\src\services\pricing.service.ts:18:8)
        at PricingService.calculateTotal (C:\Users\Matt\Lookitry\backend\src\services\pricing.service.ts:38:32)
        at WompiController.getCheckoutUrl (C:\Users\Matt\Lookitry\backend\src\controllers\wompi.controller.ts:317:44)
        at C:\Users\Matt\Lookitry\backend\src\__tests__\properties\checkout-email-registro-pro.property.test.ts:149:30
        at AsyncProperty.predicate (C:\Users\Matt\Lookitry\backend\node_modules\fast-check\lib\cjs\fast-check.js:1272:104)
        at AsyncProperty.run (C:\Users\Matt\Lookitry\backend\node_modules\fast-check\lib\cjs\fast-check.js:1208:30)
        at asyncRunIt (C:\Users\Matt\Lookitry\backend\node_modules\fast-check\lib\cjs\fast-check.js:2503:30)
        at Object.<anonymous> (C:\Users\Matt\Lookitry\backend\src\__tests__\properties\checkout-email-registro-pro.property.test.ts:130:7)

    [0m [90m 345 |[39m       res[33m.[39mjson({ checkoutUrl })[33m;[39m
     [90m 346 |[39m     } [36mcatch[39m (error) {
    [31m[1m>[22m[39m[90m 347 |[39m       console[33m.[39merror([32m'[Wompi] Error en getCheckoutUrl:'[39m[33m,[39m error)[33m;[39m
     [90m     |[39m               [31m[1m^[22m[39m
     [90m 348 |[39m       res[33m.[39mstatus([35m500[39m)[33m.[39mjson({ error[33m:[39m [32m'Error interno'[39m })[33m;[39m
     [90m 349 |[39m     }
     [90m 350 |[39m   }[0m

      at WompiController.getCheckoutUrl (src/controllers/wompi.controller.ts:347:15)
      at src/__tests__/properties/checkout-email-registro-pro.property.test.ts:149:13
      at AsyncProperty.run (node_modules/fast-check/lib/cjs/fast-check.js:1208:19)
      at asyncRunIt (node_modules/fast-check/lib/cjs/fast-check.js:2503:15)
      at Object.<anonymous> (src/__tests__/properties/checkout-email-registro-pro.property.test.ts:130:7)

  console.error
    [Wompi] Error en getCheckoutUrl: TypeError: supabase_1.supabaseAdmin.from(...).select is not a function
        at PricingService.getPricingConfig (C:\Users\Matt\Lookitry\backend\src\services\pricing.service.ts:18:8)
        at PricingService.calculateTotal (C:\Users\Matt\Lookitry\backend\src\services\pricing.service.ts:38:32)
        at WompiController.getCheckoutUrl (C:\Users\Matt\Lookitry\backend\src\controllers\wompi.controller.ts:317:44)
        at C:\Users\Matt\Lookitry\backend\src\__tests__\properties\checkout-email-registro-pro.property.test.ts:149:30
        at AsyncProperty.predicate (C:\Users\Matt\Lookitry\backend\node_modules\fast-check\lib\cjs\fast-check.js:1272:104)
        at AsyncProperty.run (C:\Users\Matt\Lookitry\backend\node_modules\fast-check\lib\cjs\fast-check.js:1208:30)
        at asyncRunIt (C:\Users\Matt\Lookitry\backend\node_modules\fast-check\lib\cjs\fast-check.js:2503:30)
        at Object.<anonymous> (C:\Users\Matt\Lookitry\backend\src\__tests__\properties\checkout-email-registro-pro.property.test.ts:130:7)

    [0m [90m 345 |[39m       res[33m.[39mjson({ checkoutUrl })[33m;[39m
     [90m 346 |[39m     } [36mcatch[39m (error) {
    [31m[1m>[22m[39m[90m 347 |[39m       console[33m.[39merror([32m'[Wompi] Error en getCheckoutUrl:'[39m[33m,[39m error)[33m;[39m
     [90m     |[39m               [31m[1m^[22m[39m
     [90m 348 |[39m       res[33m.[39mstatus([35m500[39m)[33m.[39mjson({ error[33m:[39m [32m'Error interno'[39m })[33m;[39m
     [90m 349 |[39m     }
     [90m 350 |[39m   }[0m

      at WompiController.getCheckoutUrl (src/controllers/wompi.controller.ts:347:15)
      at src/__tests__/properties/checkout-email-registro-pro.property.test.ts:149:13
      at AsyncProperty.run (node_modules/fast-check/lib/cjs/fast-check.js:1208:19)
      at asyncRunIt (node_modules/fast-check/lib/cjs/fast-check.js:2503:15)
      at Object.<anonymous> (src/__tests__/properties/checkout-email-registro-pro.property.test.ts:130:7)

  console.error
    [Wompi] Error en getCheckoutUrl: TypeError: supabase_1.supabaseAdmin.from(...).select is not a function
        at PricingService.getPricingConfig (C:\Users\Matt\Lookitry\backend\src\services\pricing.service.ts:18:8)
        at PricingService.calculateTotal (C:\Users\Matt\Lookitry\backend\src\services\pricing.service.ts:38:32)
        at WompiController.getCheckoutUrl (C:\Users\Matt\Lookitry\backend\src\controllers\wompi.controller.ts:317:44)
        at C:\Users\Matt\Lookitry\backend\src\__tests__\properties\checkout-email-registro-pro.property.test.ts:149:30
        at AsyncProperty.predicate (C:\Users\Matt\Lookitry\backend\node_modules\fast-check\lib\cjs\fast-check.js:1272:104)
        at AsyncProperty.run (C:\Users\Matt\Lookitry\backend\node_modules\fast-check\lib\cjs\fast-check.js:1208:30)
        at asyncRunIt (C:\Users\Matt\Lookitry\backend\node_modules\fast-check\lib\cjs\fast-check.js:2503:30)
        at Object.<anonymous> (C:\Users\Matt\Lookitry\backend\src\__tests__\properties\checkout-email-registro-pro.property.test.ts:130:7)

    [0m [90m 345 |[39m       res[33m.[39mjson({ checkoutUrl })[33m;[39m
     [90m 346 |[39m     } [36mcatch[39m (error) {
    [31m[1m>[22m[39m[90m 347 |[39m       console[33m.[39merror([32m'[Wompi] Error en getCheckoutUrl:'[39m[33m,[39m error)[33m;[39m
     [90m     |[39m               [31m[1m^[22m[39m
     [90m 348 |[39m       res[33m.[39mstatus([35m500[39m)[33m.[39mjson({ error[33m:[39m [32m'Error interno'[39m })[33m;[39m
     [90m 349 |[39m     }
     [90m 350 |[39m   }[0m

      at WompiController.getCheckoutUrl (src/controllers/wompi.controller.ts:347:15)
      at src/__tests__/properties/checkout-email-registro-pro.property.test.ts:149:13
      at AsyncProperty.run (node_modules/fast-check/lib/cjs/fast-check.js:1208:19)
      at asyncRunIt (node_modules/fast-check/lib/cjs/fast-check.js:2503:15)
      at Object.<anonymous> (src/__tests__/properties/checkout-email-registro-pro.property.test.ts:130:7)

  console.error
    [Wompi] Error en getCheckoutUrl: TypeError: supabase_1.supabaseAdmin.from(...).select is not a function
        at PricingService.getPricingConfig (C:\Users\Matt\Lookitry\backend\src\services\pricing.service.ts:18:8)
        at PricingService.calculateTotal (C:\Users\Matt\Lookitry\backend\src\services\pricing.service.ts:38:32)
        at WompiController.getCheckoutUrl (C:\Users\Matt\Lookitry\backend\src\controllers\wompi.controller.ts:317:44)
        at C:\Users\Matt\Lookitry\backend\src\__tests__\properties\checkout-email-registro-pro.property.test.ts:149:30
        at AsyncProperty.predicate (C:\Users\Matt\Lookitry\backend\node_modules\fast-check\lib\cjs\fast-check.js:1272:104)
        at AsyncProperty.run (C:\Users\Matt\Lookitry\backend\node_modules\fast-check\lib\cjs\fast-check.js:1208:30)
        at asyncRunIt (C:\Users\Matt\Lookitry\backend\node_modules\fast-check\lib\cjs\fast-check.js:2503:30)
        at Object.<anonymous> (C:\Users\Matt\Lookitry\backend\src\__tests__\properties\checkout-email-registro-pro.property.test.ts:130:7)

    [0m [90m 345 |[39m       res[33m.[39mjson({ checkoutUrl })[33m;[39m
     [90m 346 |[39m     } [36mcatch[39m (error) {
    [31m[1m>[22m[39m[90m 347 |[39m       console[33m.[39merror([32m'[Wompi] Error en getCheckoutUrl:'[39m[33m,[39m error)[33m;[39m
     [90m     |[39m               [31m[1m^[22m[39m
     [90m 348 |[39m       res[33m.[39mstatus([35m500[39m)[33m.[39mjson({ error[33m:[39m [32m'Error interno'[39m })[33m;[39m
     [90m 349 |[39m     }
     [90m 350 |[39m   }[0m

      at WompiController.getCheckoutUrl (src/controllers/wompi.controller.ts:347:15)
      at src/__tests__/properties/checkout-email-registro-pro.property.test.ts:149:13
      at AsyncProperty.run (node_modules/fast-check/lib/cjs/fast-check.js:1208:19)
      at asyncRunIt (node_modules/fast-check/lib/cjs/fast-check.js:2503:15)
      at Object.<anonymous> (src/__tests__/properties/checkout-email-registro-pro.property.test.ts:130:7)

  console.error
    [Wompi] Error en getCheckoutUrl: TypeError: supabase_1.supabaseAdmin.from(...).select is not a function
        at PricingService.getPricingConfig (C:\Users\Matt\Lookitry\backend\src\services\pricing.service.ts:18:8)
        at PricingService.calculateTotal (C:\Users\Matt\Lookitry\backend\src\services\pricing.service.ts:38:32)
        at WompiController.getCheckoutUrl (C:\Users\Matt\Lookitry\backend\src\controllers\wompi.controller.ts:317:44)
        at C:\Users\Matt\Lookitry\backend\src\__tests__\properties\checkout-email-registro-pro.property.test.ts:149:30
        at AsyncProperty.predicate (C:\Users\Matt\Lookitry\backend\node_modules\fast-check\lib\cjs\fast-check.js:1272:104)
        at AsyncProperty.run (C:\Users\Matt\Lookitry\backend\node_modules\fast-check\lib\cjs\fast-check.js:1208:30)
        at asyncRunIt (C:\Users\Matt\Lookitry\backend\node_modules\fast-check\lib\cjs\fast-check.js:2503:30)
        at Object.<anonymous> (C:\Users\Matt\Lookitry\backend\src\__tests__\properties\checkout-email-registro-pro.property.test.ts:130:7)

    [0m [90m 345 |[39m       res[33m.[39mjson({ checkoutUrl })[33m;[39m
     [90m 346 |[39m     } [36mcatch[39m (error) {
    [31m[1m>[22m[39m[90m 347 |[39m       console[33m.[39merror([32m'[Wompi] Error en getCheckoutUrl:'[39m[33m,[39m error)[33m;[39m
     [90m     |[39m               [31m[1m^[22m[39m
     [90m 348 |[39m       res[33m.[39mstatus([35m500[39m)[33m.[39mjson({ error[33m:[39m [32m'Error interno'[39m })[33m;[39m
     [90m 349 |[39m     }
     [90m 350 |[39m   }[0m

      at WompiController.getCheckoutUrl (src/controllers/wompi.controller.ts:347:15)
      at src/__tests__/properties/checkout-email-registro-pro.property.test.ts:149:13
      at AsyncProperty.run (node_modules/fast-check/lib/cjs/fast-check.js:1208:19)
      at asyncRunIt (node_modules/fast-check/lib/cjs/fast-check.js:2503:15)
      at Object.<anonymous> (src/__tests__/properties/checkout-email-registro-pro.property.test.ts:130:7)

  console.error
    [Wompi] Error en getCheckoutUrl: TypeError: supabase_1.supabaseAdmin.from(...).select is not a function
        at PricingService.getPricingConfig (C:\Users\Matt\Lookitry\backend\src\services\pricing.service.ts:18:8)
        at PricingService.calculateTotal (C:\Users\Matt\Lookitry\backend\src\services\pricing.service.ts:38:32)
        at WompiController.getCheckoutUrl (C:\Users\Matt\Lookitry\backend\src\controllers\wompi.controller.ts:317:44)
        at C:\Users\Matt\Lookitry\backend\src\__tests__\properties\checkout-email-registro-pro.property.test.ts:149:30
        at AsyncProperty.predicate (C:\Users\Matt\Lookitry\backend\node_modules\fast-check\lib\cjs\fast-check.js:1272:104)
        at AsyncProperty.run (C:\Users\Matt\Lookitry\backend\node_modules\fast-check\lib\cjs\fast-check.js:1208:30)
        at asyncRunIt (C:\Users\Matt\Lookitry\backend\node_modules\fast-check\lib\cjs\fast-check.js:2503:30)
        at Object.<anonymous> (C:\Users\Matt\Lookitry\backend\src\__tests__\properties\checkout-email-registro-pro.property.test.ts:130:7)

    [0m [90m 345 |[39m       res[33m.[39mjson({ checkoutUrl })[33m;[39m
     [90m 346 |[39m     } [36mcatch[39m (error) {
    [31m[1m>[22m[39m[90m 347 |[39m       console[33m.[39merror([32m'[Wompi] Error en getCheckoutUrl:'[39m[33m,[39m error)[33m;[39m
     [90m     |[39m               [31m[1m^[22m[39m
     [90m 348 |[39m       res[33m.[39mstatus([35m500[39m)[33m.[39mjson({ error[33m:[39m [32m'Error interno'[39m })[33m;[39m
     [90m 349 |[39m     }
     [90m 350 |[39m   }[0m

      at WompiController.getCheckoutUrl (src/controllers/wompi.controller.ts:347:15)
      at src/__tests__/properties/checkout-email-registro-pro.property.test.ts:149:13
      at AsyncProperty.run (node_modules/fast-check/lib/cjs/fast-check.js:1208:19)
      at asyncRunIt (node_modules/fast-check/lib/cjs/fast-check.js:2503:15)
      at Object.<anonymous> (src/__tests__/properties/checkout-email-registro-pro.property.test.ts:130:7)

  console.error
    [Wompi] Error en getCheckoutUrl: TypeError: supabase_1.supabaseAdmin.from(...).select is not a function
        at PricingService.getPricingConfig (C:\Users\Matt\Lookitry\backend\src\services\pricing.service.ts:18:8)
        at PricingService.calculateTotal (C:\Users\Matt\Lookitry\backend\src\services\pricing.service.ts:38:32)
        at WompiController.getCheckoutUrl (C:\Users\Matt\Lookitry\backend\src\controllers\wompi.controller.ts:317:44)
        at C:\Users\Matt\Lookitry\backend\src\__tests__\properties\checkout-email-registro-pro.property.test.ts:149:30
        at AsyncProperty.predicate (C:\Users\Matt\Lookitry\backend\node_modules\fast-check\lib\cjs\fast-check.js:1272:104)
        at AsyncProperty.run (C:\Users\Matt\Lookitry\backend\node_modules\fast-check\lib\cjs\fast-check.js:1208:30)
        at asyncRunIt (C:\Users\Matt\Lookitry\backend\node_modules\fast-check\lib\cjs\fast-check.js:2503:30)
        at Object.<anonymous> (C:\Users\Matt\Lookitry\backend\src\__tests__\properties\checkout-email-registro-pro.property.test.ts:130:7)

    [0m [90m 345 |[39m       res[33m.[39mjson({ checkoutUrl })[33m;[39m
     [90m 346 |[39m     } [36mcatch[39m (error) {
    [31m[1m>[22m[39m[90m 347 |[39m       console[33m.[39merror([32m'[Wompi] Error en getCheckoutUrl:'[39m[33m,[39m error)[33m;[39m
     [90m     |[39m               [31m[1m^[22m[39m
     [90m 348 |[39m       res[33m.[39mstatus([35m500[39m)[33m.[39mjson({ error[33m:[39m [32m'Error interno'[39m })[33m;[39m
     [90m 349 |[39m     }
     [90m 350 |[39m   }[0m

      at WompiController.getCheckoutUrl (src/controllers/wompi.controller.ts:347:15)
      at src/__tests__/properties/checkout-email-registro-pro.property.test.ts:149:13
      at AsyncProperty.run (node_modules/fast-check/lib/cjs/fast-check.js:1208:19)
      at asyncRunIt (node_modules/fast-check/lib/cjs/fast-check.js:2503:15)
      at Object.<anonymous> (src/__tests__/properties/checkout-email-registro-pro.property.test.ts:130:7)

  console.error
    [Wompi] Error en getCheckoutUrl: TypeError: supabase_1.supabaseAdmin.from(...).select is not a function
        at PricingService.getPricingConfig (C:\Users\Matt\Lookitry\backend\src\services\pricing.service.ts:18:8)
        at PricingService.calculateTotal (C:\Users\Matt\Lookitry\backend\src\services\pricing.service.ts:38:32)
        at WompiController.getCheckoutUrl (C:\Users\Matt\Lookitry\backend\src\controllers\wompi.controller.ts:317:44)
        at C:\Users\Matt\Lookitry\backend\src\__tests__\properties\checkout-email-registro-pro.property.test.ts:149:30
        at AsyncProperty.predicate (C:\Users\Matt\Lookitry\backend\node_modules\fast-check\lib\cjs\fast-check.js:1272:104)
        at AsyncProperty.run (C:\Users\Matt\Lookitry\backend\node_modules\fast-check\lib\cjs\fast-check.js:1208:30)
        at asyncRunIt (C:\Users\Matt\Lookitry\backend\node_modules\fast-check\lib\cjs\fast-check.js:2503:30)
        at Object.<anonymous> (C:\Users\Matt\Lookitry\backend\src\__tests__\properties\checkout-email-registro-pro.property.test.ts:130:7)

    [0m [90m 345 |[39m       res[33m.[39mjson({ checkoutUrl })[33m;[39m
     [90m 346 |[39m     } [36mcatch[39m (error) {
    [31m[1m>[22m[39m[90m 347 |[39m       console[33m.[39merror([32m'[Wompi] Error en getCheckoutUrl:'[39m[33m,[39m error)[33m;[39m
     [90m     |[39m               [31m[1m^[22m[39m
     [90m 348 |[39m       res[33m.[39mstatus([35m500[39m)[33m.[39mjson({ error[33m:[39m [32m'Error interno'[39m })[33m;[39m
     [90m 349 |[39m     }
     [90m 350 |[39m   }[0m

      at WompiController.getCheckoutUrl (src/controllers/wompi.controller.ts:347:15)
      at src/__tests__/properties/checkout-email-registro-pro.property.test.ts:149:13
      at AsyncProperty.run (node_modules/fast-check/lib/cjs/fast-check.js:1208:19)
      at asyncRunIt (node_modules/fast-check/lib/cjs/fast-check.js:2503:15)
      at Object.<anonymous> (src/__tests__/properties/checkout-email-registro-pro.property.test.ts:130:7)

  console.error
    [Wompi] Error en getCheckoutUrl: TypeError: supabase_1.supabaseAdmin.from(...).select is not a function
        at PricingService.getPricingConfig (C:\Users\Matt\Lookitry\backend\src\services\pricing.service.ts:18:8)
        at PricingService.calculateTotal (C:\Users\Matt\Lookitry\backend\src\services\pricing.service.ts:38:32)
        at WompiController.getCheckoutUrl (C:\Users\Matt\Lookitry\backend\src\controllers\wompi.controller.ts:317:44)
        at C:\Users\Matt\Lookitry\backend\src\__tests__\properties\checkout-email-registro-pro.property.test.ts:149:30
        at AsyncProperty.predicate (C:\Users\Matt\Lookitry\backend\node_modules\fast-check\lib\cjs\fast-check.js:1272:104)
        at AsyncProperty.run (C:\Users\Matt\Lookitry\backend\node_modules\fast-check\lib\cjs\fast-check.js:1208:30)
        at asyncRunIt (C:\Users\Matt\Lookitry\backend\node_modules\fast-check\lib\cjs\fast-check.js:2503:30)
        at Object.<anonymous> (C:\Users\Matt\Lookitry\backend\src\__tests__\properties\checkout-email-registro-pro.property.test.ts:130:7)

    [0m [90m 345 |[39m       res[33m.[39mjson({ checkoutUrl })[33m;[39m
     [90m 346 |[39m     } [36mcatch[39m (error) {
    [31m[1m>[22m[39m[90m 347 |[39m       console[33m.[39merror([32m'[Wompi] Error en getCheckoutUrl:'[39m[33m,[39m error)[33m;[39m
     [90m     |[39m               [31m[1m^[22m[39m
     [90m 348 |[39m       res[33m.[39mstatus([35m500[39m)[33m.[39mjson({ error[33m:[39m [32m'Error interno'[39m })[33m;[39m
     [90m 349 |[39m     }
     [90m 350 |[39m   }[0m

      at WompiController.getCheckoutUrl (src/controllers/wompi.controller.ts:347:15)
      at src/__tests__/properties/checkout-email-registro-pro.property.test.ts:149:13
      at AsyncProperty.run (node_modules/fast-check/lib/cjs/fast-check.js:1208:19)
      at asyncRunIt (node_modules/fast-check/lib/cjs/fast-check.js:2503:15)
      at Object.<anonymous> (src/__tests__/properties/checkout-email-registro-pro.property.test.ts:130:7)

  console.error
    [Wompi] Error en getCheckoutUrl: TypeError: supabase_1.supabaseAdmin.from(...).select is not a function
        at PricingService.getPricingConfig (C:\Users\Matt\Lookitry\backend\src\services\pricing.service.ts:18:8)
        at PricingService.calculateTotal (C:\Users\Matt\Lookitry\backend\src\services\pricing.service.ts:38:32)
        at WompiController.getCheckoutUrl (C:\Users\Matt\Lookitry\backend\src\controllers\wompi.controller.ts:317:44)
        at C:\Users\Matt\Lookitry\backend\src\__tests__\properties\checkout-email-registro-pro.property.test.ts:149:30
        at AsyncProperty.predicate (C:\Users\Matt\Lookitry\backend\node_modules\fast-check\lib\cjs\fast-check.js:1272:104)
        at AsyncProperty.run (C:\Users\Matt\Lookitry\backend\node_modules\fast-check\lib\cjs\fast-check.js:1208:30)
        at asyncRunIt (C:\Users\Matt\Lookitry\backend\node_modules\fast-check\lib\cjs\fast-check.js:2503:30)
        at Object.<anonymous> (C:\Users\Matt\Lookitry\backend\src\__tests__\properties\checkout-email-registro-pro.property.test.ts:130:7)

    [0m [90m 345 |[39m       res[33m.[39mjson({ checkoutUrl })[33m;[39m
     [90m 346 |[39m     } [36mcatch[39m (error) {
    [31m[1m>[22m[39m[90m 347 |[39m       console[33m.[39merror([32m'[Wompi] Error en getCheckoutUrl:'[39m[33m,[39m error)[33m;[39m
     [90m     |[39m               [31m[1m^[22m[39m
     [90m 348 |[39m       res[33m.[39mstatus([35m500[39m)[33m.[39mjson({ error[33m:[39m [32m'Error interno'[39m })[33m;[39m
     [90m 349 |[39m     }
     [90m 350 |[39m   }[0m

      at WompiController.getCheckoutUrl (src/controllers/wompi.controller.ts:347:15)
      at src/__tests__/properties/checkout-email-registro-pro.property.test.ts:149:13
      at AsyncProperty.run (node_modules/fast-check/lib/cjs/fast-check.js:1208:19)
      at asyncRunIt (node_modules/fast-check/lib/cjs/fast-check.js:2503:15)
      at Object.<anonymous> (src/__tests__/properties/checkout-email-registro-pro.property.test.ts:130:7)

  console.error
    [Wompi] Error en getCheckoutUrl: TypeError: supabase_1.supabaseAdmin.from(...).select is not a function
        at PricingService.getPricingConfig (C:\Users\Matt\Lookitry\backend\src\services\pricing.service.ts:18:8)
        at PricingService.calculateTotal (C:\Users\Matt\Lookitry\backend\src\services\pricing.service.ts:38:32)
        at WompiController.getCheckoutUrl (C:\Users\Matt\Lookitry\backend\src\controllers\wompi.controller.ts:317:44)
        at C:\Users\Matt\Lookitry\backend\src\__tests__\properties\checkout-email-registro-pro.property.test.ts:149:30
        at AsyncProperty.predicate (C:\Users\Matt\Lookitry\backend\node_modules\fast-check\lib\cjs\fast-check.js:1272:104)
        at AsyncProperty.run (C:\Users\Matt\Lookitry\backend\node_modules\fast-check\lib\cjs\fast-check.js:1208:30)
        at asyncRunIt (C:\Users\Matt\Lookitry\backend\node_modules\fast-check\lib\cjs\fast-check.js:2503:30)
        at Object.<anonymous> (C:\Users\Matt\Lookitry\backend\src\__tests__\properties\checkout-email-registro-pro.property.test.ts:130:7)

    [0m [90m 345 |[39m       res[33m.[39mjson({ checkoutUrl })[33m;[39m
     [90m 346 |[39m     } [36mcatch[39m (error) {
    [31m[1m>[22m[39m[90m 347 |[39m       console[33m.[39merror([32m'[Wompi] Error en getCheckoutUrl:'[39m[33m,[39m error)[33m;[39m
     [90m     |[39m               [31m[1m^[22m[39m
     [90m 348 |[39m       res[33m.[39mstatus([35m500[39m)[33m.[39mjson({ error[33m:[39m [32m'Error interno'[39m })[33m;[39m
     [90m 349 |[39m     }
     [90m 350 |[39m   }[0m

      at WompiController.getCheckoutUrl (src/controllers/wompi.controller.ts:347:15)
      at src/__tests__/properties/checkout-email-registro-pro.property.test.ts:149:13
      at AsyncProperty.run (node_modules/fast-check/lib/cjs/fast-check.js:1208:19)
      at asyncRunIt (node_modules/fast-check/lib/cjs/fast-check.js:2503:15)
      at Object.<anonymous> (src/__tests__/properties/checkout-email-registro-pro.property.test.ts:130:7)

  console.error
    [Wompi] Error en getCheckoutUrl: TypeError: supabase_1.supabaseAdmin.from(...).select is not a function
        at PricingService.getPricingConfig (C:\Users\Matt\Lookitry\backend\src\services\pricing.service.ts:18:8)
        at PricingService.calculateTotal (C:\Users\Matt\Lookitry\backend\src\services\pricing.service.ts:38:32)
        at WompiController.getCheckoutUrl (C:\Users\Matt\Lookitry\backend\src\controllers\wompi.controller.ts:317:44)
        at C:\Users\Matt\Lookitry\backend\src\__tests__\properties\checkout-email-registro-pro.property.test.ts:149:30
        at AsyncProperty.predicate (C:\Users\Matt\Lookitry\backend\node_modules\fast-check\lib\cjs\fast-check.js:1272:104)
        at AsyncProperty.run (C:\Users\Matt\Lookitry\backend\node_modules\fast-check\lib\cjs\fast-check.js:1208:30)
        at asyncRunIt (C:\Users\Matt\Lookitry\backend\node_modules\fast-check\lib\cjs\fast-check.js:2503:30)
        at Object.<anonymous> (C:\Users\Matt\Lookitry\backend\src\__tests__\properties\checkout-email-registro-pro.property.test.ts:130:7)

    [0m [90m 345 |[39m       res[33m.[39mjson({ checkoutUrl })[33m;[39m
     [90m 346 |[39m     } [36mcatch[39m (error) {
    [31m[1m>[22m[39m[90m 347 |[39m       console[33m.[39merror([32m'[Wompi] Error en getCheckoutUrl:'[39m[33m,[39m error)[33m;[39m
     [90m     |[39m               [31m[1m^[22m[39m
     [90m 348 |[39m       res[33m.[39mstatus([35m500[39m)[33m.[39mjson({ error[33m:[39m [32m'Error interno'[39m })[33m;[39m
     [90m 349 |[39m     }
     [90m 350 |[39m   }[0m

      at WompiController.getCheckoutUrl (src/controllers/wompi.controller.ts:347:15)
      at src/__tests__/properties/checkout-email-registro-pro.property.test.ts:149:13
      at AsyncProperty.run (node_modules/fast-check/lib/cjs/fast-check.js:1208:19)
      at asyncRunIt (node_modules/fast-check/lib/cjs/fast-check.js:2503:15)
      at Object.<anonymous> (src/__tests__/properties/checkout-email-registro-pro.property.test.ts:130:7)

  console.error
    [Wompi] Error en getCheckoutUrl: TypeError: supabase_1.supabaseAdmin.from(...).select is not a function
        at PricingService.getPricingConfig (C:\Users\Matt\Lookitry\backend\src\services\pricing.service.ts:18:8)
        at PricingService.calculateTotal (C:\Users\Matt\Lookitry\backend\src\services\pricing.service.ts:38:32)
        at WompiController.getCheckoutUrl (C:\Users\Matt\Lookitry\backend\src\controllers\wompi.controller.ts:317:44)
        at C:\Users\Matt\Lookitry\backend\src\__tests__\properties\checkout-email-registro-pro.property.test.ts:149:30
        at AsyncProperty.predicate (C:\Users\Matt\Lookitry\backend\node_modules\fast-check\lib\cjs\fast-check.js:1272:104)
        at AsyncProperty.run (C:\Users\Matt\Lookitry\backend\node_modules\fast-check\lib\cjs\fast-check.js:1208:30)
        at asyncRunIt (C:\Users\Matt\Lookitry\backend\node_modules\fast-check\lib\cjs\fast-check.js:2503:30)
        at Object.<anonymous> (C:\Users\Matt\Lookitry\backend\src\__tests__\properties\checkout-email-registro-pro.property.test.ts:130:7)

    [0m [90m 345 |[39m       res[33m.[39mjson({ checkoutUrl })[33m;[39m
     [90m 346 |[39m     } [36mcatch[39m (error) {
    [31m[1m>[22m[39m[90m 347 |[39m       console[33m.[39merror([32m'[Wompi] Error en getCheckoutUrl:'[39m[33m,[39m error)[33m;[39m
     [90m     |[39m               [31m[1m^[22m[39m
     [90m 348 |[39m       res[33m.[39mstatus([35m500[39m)[33m.[39mjson({ error[33m:[39m [32m'Error interno'[39m })[33m;[39m
     [90m 349 |[39m     }
     [90m 350 |[39m   }[0m

      at WompiController.getCheckoutUrl (src/controllers/wompi.controller.ts:347:15)
      at src/__tests__/properties/checkout-email-registro-pro.property.test.ts:149:13
      at AsyncProperty.run (node_modules/fast-check/lib/cjs/fast-check.js:1208:19)
      at asyncRunIt (node_modules/fast-check/lib/cjs/fast-check.js:2503:15)
      at Object.<anonymous> (src/__tests__/properties/checkout-email-registro-pro.property.test.ts:130:7)

  console.error
    [Wompi] Error en getCheckoutUrl: TypeError: supabase_1.supabaseAdmin.from(...).select is not a function
        at PricingService.getPricingConfig (C:\Users\Matt\Lookitry\backend\src\services\pricing.service.ts:18:8)
        at PricingService.calculateTotal (C:\Users\Matt\Lookitry\backend\src\services\pricing.service.ts:38:32)
        at WompiController.getCheckoutUrl (C:\Users\Matt\Lookitry\backend\src\controllers\wompi.controller.ts:317:44)
        at C:\Users\Matt\Lookitry\backend\src\__tests__\properties\checkout-email-registro-pro.property.test.ts:149:30
        at AsyncProperty.predicate (C:\Users\Matt\Lookitry\backend\node_modules\fast-check\lib\cjs\fast-check.js:1272:104)
        at AsyncProperty.run (C:\Users\Matt\Lookitry\backend\node_modules\fast-check\lib\cjs\fast-check.js:1208:30)
        at asyncRunIt (C:\Users\Matt\Lookitry\backend\node_modules\fast-check\lib\cjs\fast-check.js:2503:30)
        at Object.<anonymous> (C:\Users\Matt\Lookitry\backend\src\__tests__\properties\checkout-email-registro-pro.property.test.ts:130:7)

    [0m [90m 345 |[39m       res[33m.[39mjson({ checkoutUrl })[33m;[39m
     [90m 346 |[39m     } [36mcatch[39m (error) {
    [31m[1m>[22m[39m[90m 347 |[39m       console[33m.[39merror([32m'[Wompi] Error en getCheckoutUrl:'[39m[33m,[39m error)[33m;[39m
     [90m     |[39m               [31m[1m^[22m[39m
     [90m 348 |[39m       res[33m.[39mstatus([35m500[39m)[33m.[39mjson({ error[33m:[39m [32m'Error interno'[39m })[33m;[39m
     [90m 349 |[39m     }
     [90m 350 |[39m   }[0m

      at WompiController.getCheckoutUrl (src/controllers/wompi.controller.ts:347:15)
      at src/__tests__/properties/checkout-email-registro-pro.property.test.ts:149:13
      at AsyncProperty.run (node_modules/fast-check/lib/cjs/fast-check.js:1208:19)
      at asyncRunIt (node_modules/fast-check/lib/cjs/fast-check.js:2503:15)
      at Object.<anonymous> (src/__tests__/properties/checkout-email-registro-pro.property.test.ts:130:7)

  console.error
    [Wompi] Error en getCheckoutUrl: TypeError: supabase_1.supabaseAdmin.from(...).select is not a function
        at PricingService.getPricingConfig (C:\Users\Matt\Lookitry\backend\src\services\pricing.service.ts:18:8)
        at PricingService.calculateTotal (C:\Users\Matt\Lookitry\backend\src\services\pricing.service.ts:38:32)
        at WompiController.getCheckoutUrl (C:\Users\Matt\Lookitry\backend\src\controllers\wompi.controller.ts:317:44)
        at C:\Users\Matt\Lookitry\backend\src\__tests__\properties\checkout-email-registro-pro.property.test.ts:149:30
        at AsyncProperty.predicate (C:\Users\Matt\Lookitry\backend\node_modules\fast-check\lib\cjs\fast-check.js:1272:104)
        at AsyncProperty.run (C:\Users\Matt\Lookitry\backend\node_modules\fast-check\lib\cjs\fast-check.js:1208:30)
        at asyncRunIt (C:\Users\Matt\Lookitry\backend\node_modules\fast-check\lib\cjs\fast-check.js:2503:30)
        at Object.<anonymous> (C:\Users\Matt\Lookitry\backend\src\__tests__\properties\checkout-email-registro-pro.property.test.ts:130:7)

    [0m [90m 345 |[39m       res[33m.[39mjson({ checkoutUrl })[33m;[39m
     [90m 346 |[39m     } [36mcatch[39m (error) {
    [31m[1m>[22m[39m[90m 347 |[39m       console[33m.[39merror([32m'[Wompi] Error en getCheckoutUrl:'[39m[33m,[39m error)[33m;[39m
     [90m     |[39m               [31m[1m^[22m[39m
     [90m 348 |[39m       res[33m.[39mstatus([35m500[39m)[33m.[39mjson({ error[33m:[39m [32m'Error interno'[39m })[33m;[39m
     [90m 349 |[39m     }
     [90m 350 |[39m   }[0m

      at WompiController.getCheckoutUrl (src/controllers/wompi.controller.ts:347:15)
      at src/__tests__/properties/checkout-email-registro-pro.property.test.ts:149:13
      at AsyncProperty.run (node_modules/fast-check/lib/cjs/fast-check.js:1208:19)
      at asyncRunIt (node_modules/fast-check/lib/cjs/fast-check.js:2503:15)
      at Object.<anonymous> (src/__tests__/properties/checkout-email-registro-pro.property.test.ts:130:7)

  console.error
    [Wompi] Error en getCheckoutUrl: TypeError: supabase_1.supabaseAdmin.from(...).select is not a function
        at PricingService.getPricingConfig (C:\Users\Matt\Lookitry\backend\src\services\pricing.service.ts:18:8)
        at PricingService.calculateTotal (C:\Users\Matt\Lookitry\backend\src\services\pricing.service.ts:38:32)
        at WompiController.getCheckoutUrl (C:\Users\Matt\Lookitry\backend\src\controllers\wompi.controller.ts:317:44)
        at C:\Users\Matt\Lookitry\backend\src\__tests__\properties\checkout-email-registro-pro.property.test.ts:149:30
        at AsyncProperty.predicate (C:\Users\Matt\Lookitry\backend\node_modules\fast-check\lib\cjs\fast-check.js:1272:104)
        at AsyncProperty.run (C:\Users\Matt\Lookitry\backend\node_modules\fast-check\lib\cjs\fast-check.js:1208:30)
        at asyncRunIt (C:\Users\Matt\Lookitry\backend\node_modules\fast-check\lib\cjs\fast-check.js:2503:30)
        at Object.<anonymous> (C:\Users\Matt\Lookitry\backend\src\__tests__\properties\checkout-email-registro-pro.property.test.ts:130:7)

    [0m [90m 345 |[39m       res[33m.[39mjson({ checkoutUrl })[33m;[39m
     [90m 346 |[39m     } [36mcatch[39m (error) {
    [31m[1m>[22m[39m[90m 347 |[39m       console[33m.[39merror([32m'[Wompi] Error en getCheckoutUrl:'[39m[33m,[39m error)[33m;[39m
     [90m     |[39m               [31m[1m^[22m[39m
     [90m 348 |[39m       res[33m.[39mstatus([35m500[39m)[33m.[39mjson({ error[33m:[39m [32m'Error interno'[39m })[33m;[39m
     [90m 349 |[39m     }
     [90m 350 |[39m   }[0m

      at WompiController.getCheckoutUrl (src/controllers/wompi.controller.ts:347:15)
      at src/__tests__/properties/checkout-email-registro-pro.property.test.ts:149:13
      at AsyncProperty.run (node_modules/fast-check/lib/cjs/fast-check.js:1208:19)
      at asyncRunIt (node_modules/fast-check/lib/cjs/fast-check.js:2503:15)
      at Object.<anonymous> (src/__tests__/properties/checkout-email-registro-pro.property.test.ts:130:7)

  console.error
    [Wompi] Error en getCheckoutUrl: TypeError: supabase_1.supabaseAdmin.from(...).select is not a function
        at PricingService.getPricingConfig (C:\Users\Matt\Lookitry\backend\src\services\pricing.service.ts:18:8)
        at PricingService.calculateTotal (C:\Users\Matt\Lookitry\backend\src\services\pricing.service.ts:38:32)
        at WompiController.getCheckoutUrl (C:\Users\Matt\Lookitry\backend\src\controllers\wompi.controller.ts:317:44)
        at C:\Users\Matt\Lookitry\backend\src\__tests__\properties\checkout-email-registro-pro.property.test.ts:149:30
        at AsyncProperty.predicate (C:\Users\Matt\Lookitry\backend\node_modules\fast-check\lib\cjs\fast-check.js:1272:104)
        at AsyncProperty.run (C:\Users\Matt\Lookitry\backend\node_modules\fast-check\lib\cjs\fast-check.js:1208:30)
        at asyncRunIt (C:\Users\Matt\Lookitry\backend\node_modules\fast-check\lib\cjs\fast-check.js:2503:30)
        at Object.<anonymous> (C:\Users\Matt\Lookitry\backend\src\__tests__\properties\checkout-email-registro-pro.property.test.ts:130:7)

    [0m [90m 345 |[39m       res[33m.[39mjson({ checkoutUrl })[33m;[39m
     [90m 346 |[39m     } [36mcatch[39m (error) {
    [31m[1m>[22m[39m[90m 347 |[39m       console[33m.[39merror([32m'[Wompi] Error en getCheckoutUrl:'[39m[33m,[39m error)[33m;[39m
     [90m     |[39m               [31m[1m^[22m[39m
     [90m 348 |[39m       res[33m.[39mstatus([35m500[39m)[33m.[39mjson({ error[33m:[39m [32m'Error interno'[39m })[33m;[39m
     [90m 349 |[39m     }
     [90m 350 |[39m   }[0m

      at WompiController.getCheckoutUrl (src/controllers/wompi.controller.ts:347:15)
      at src/__tests__/properties/checkout-email-registro-pro.property.test.ts:149:13
      at AsyncProperty.run (node_modules/fast-check/lib/cjs/fast-check.js:1208:19)
      at asyncRunIt (node_modules/fast-check/lib/cjs/fast-check.js:2503:15)
      at Object.<anonymous> (src/__tests__/properties/checkout-email-registro-pro.property.test.ts:130:7)

  console.error
    [Wompi] Error en getCheckoutUrl: TypeError: supabase_1.supabaseAdmin.from(...).select is not a function
        at PricingService.getPricingConfig (C:\Users\Matt\Lookitry\backend\src\services\pricing.service.ts:18:8)
        at PricingService.calculateTotal (C:\Users\Matt\Lookitry\backend\src\services\pricing.service.ts:38:32)
        at WompiController.getCheckoutUrl (C:\Users\Matt\Lookitry\backend\src\controllers\wompi.controller.ts:317:44)
        at C:\Users\Matt\Lookitry\backend\src\__tests__\properties\checkout-email-registro-pro.property.test.ts:149:30
        at AsyncProperty.predicate (C:\Users\Matt\Lookitry\backend\node_modules\fast-check\lib\cjs\fast-check.js:1272:104)
        at AsyncProperty.run (C:\Users\Matt\Lookitry\backend\node_modules\fast-check\lib\cjs\fast-check.js:1208:30)
        at asyncRunIt (C:\Users\Matt\Lookitry\backend\node_modules\fast-check\lib\cjs\fast-check.js:2503:30)
        at Object.<anonymous> (C:\Users\Matt\Lookitry\backend\src\__tests__\properties\checkout-email-registro-pro.property.test.ts:130:7)

    [0m [90m 345 |[39m       res[33m.[39mjson({ checkoutUrl })[33m;[39m
     [90m 346 |[39m     } [36mcatch[39m (error) {
    [31m[1m>[22m[39m[90m 347 |[39m       console[33m.[39merror([32m'[Wompi] Error en getCheckoutUrl:'[39m[33m,[39m error)[33m;[39m
     [90m     |[39m               [31m[1m^[22m[39m
     [90m 348 |[39m       res[33m.[39mstatus([35m500[39m)[33m.[39mjson({ error[33m:[39m [32m'Error interno'[39m })[33m;[39m
     [90m 349 |[39m     }
     [90m 350 |[39m   }[0m

      at WompiController.getCheckoutUrl (src/controllers/wompi.controller.ts:347:15)
      at src/__tests__/properties/checkout-email-registro-pro.property.test.ts:149:13
      at AsyncProperty.run (node_modules/fast-check/lib/cjs/fast-check.js:1208:19)
      at asyncRunIt (node_modules/fast-check/lib/cjs/fast-check.js:2503:15)
      at Object.<anonymous> (src/__tests__/properties/checkout-email-registro-pro.property.test.ts:130:7)

  console.error
    [Wompi] Error en getCheckoutUrl: TypeError: supabase_1.supabaseAdmin.from(...).select is not a function
        at PricingService.getPricingConfig (C:\Users\Matt\Lookitry\backend\src\services\pricing.service.ts:18:8)
        at PricingService.calculateTotal (C:\Users\Matt\Lookitry\backend\src\services\pricing.service.ts:38:32)
        at WompiController.getCheckoutUrl (C:\Users\Matt\Lookitry\backend\src\controllers\wompi.controller.ts:317:44)
        at C:\Users\Matt\Lookitry\backend\src\__tests__\properties\checkout-email-registro-pro.property.test.ts:149:30
        at AsyncProperty.predicate (C:\Users\Matt\Lookitry\backend\node_modules\fast-check\lib\cjs\fast-check.js:1272:104)
        at AsyncProperty.run (C:\Users\Matt\Lookitry\backend\node_modules\fast-check\lib\cjs\fast-check.js:1208:30)
        at asyncRunIt (C:\Users\Matt\Lookitry\backend\node_modules\fast-check\lib\cjs\fast-check.js:2503:30)
        at Object.<anonymous> (C:\Users\Matt\Lookitry\backend\src\__tests__\properties\checkout-email-registro-pro.property.test.ts:130:7)

    [0m [90m 345 |[39m       res[33m.[39mjson({ checkoutUrl })[33m;[39m
     [90m 346 |[39m     } [36mcatch[39m (error) {
    [31m[1m>[22m[39m[90m 347 |[39m       console[33m.[39merror([32m'[Wompi] Error en getCheckoutUrl:'[39m[33m,[39m error)[33m;[39m
     [90m     |[39m               [31m[1m^[22m[39m
     [90m 348 |[39m       res[33m.[39mstatus([35m500[39m)[33m.[39mjson({ error[33m:[39m [32m'Error interno'[39m })[33m;[39m
     [90m 349 |[39m     }
     [90m 350 |[39m   }[0m

      at WompiController.getCheckoutUrl (src/controllers/wompi.controller.ts:347:15)
      at src/__tests__/properties/checkout-email-registro-pro.property.test.ts:149:13
      at AsyncProperty.run (node_modules/fast-check/lib/cjs/fast-check.js:1208:19)
      at asyncRunIt (node_modules/fast-check/lib/cjs/fast-check.js:2503:15)
      at Object.<anonymous> (src/__tests__/properties/checkout-email-registro-pro.property.test.ts:130:7)

  console.error
    [Wompi] Error en getCheckoutUrl: TypeError: supabase_1.supabaseAdmin.from(...).select is not a function
        at PricingService.getPricingConfig (C:\Users\Matt\Lookitry\backend\src\services\pricing.service.ts:18:8)
        at PricingService.calculateTotal (C:\Users\Matt\Lookitry\backend\src\services\pricing.service.ts:38:32)
        at WompiController.getCheckoutUrl (C:\Users\Matt\Lookitry\backend\src\controllers\wompi.controller.ts:317:44)
        at C:\Users\Matt\Lookitry\backend\src\__tests__\properties\checkout-email-registro-pro.property.test.ts:149:30
        at AsyncProperty.predicate (C:\Users\Matt\Lookitry\backend\node_modules\fast-check\lib\cjs\fast-check.js:1272:104)
        at AsyncProperty.run (C:\Users\Matt\Lookitry\backend\node_modules\fast-check\lib\cjs\fast-check.js:1208:30)
        at asyncRunIt (C:\Users\Matt\Lookitry\backend\node_modules\fast-check\lib\cjs\fast-check.js:2503:30)
        at Object.<anonymous> (C:\Users\Matt\Lookitry\backend\src\__tests__\properties\checkout-email-registro-pro.property.test.ts:130:7)

    [0m [90m 345 |[39m       res[33m.[39mjson({ checkoutUrl })[33m;[39m
     [90m 346 |[39m     } [36mcatch[39m (error) {
    [31m[1m>[22m[39m[90m 347 |[39m       console[33m.[39merror([32m'[Wompi] Error en getCheckoutUrl:'[39m[33m,[39m error)[33m;[39m
     [90m     |[39m               [31m[1m^[22m[39m
     [90m 348 |[39m       res[33m.[39mstatus([35m500[39m)[33m.[39mjson({ error[33m:[39m [32m'Error interno'[39m })[33m;[39m
     [90m 349 |[39m     }
     [90m 350 |[39m   }[0m

      at WompiController.getCheckoutUrl (src/controllers/wompi.controller.ts:347:15)
      at src/__tests__/properties/checkout-email-registro-pro.property.test.ts:149:13
      at AsyncProperty.run (node_modules/fast-check/lib/cjs/fast-check.js:1208:19)
      at asyncRunIt (node_modules/fast-check/lib/cjs/fast-check.js:2503:15)
      at Object.<anonymous> (src/__tests__/properties/checkout-email-registro-pro.property.test.ts:130:7)

  console.error
    [Wompi] Error en getCheckoutUrl: TypeError: supabase_1.supabaseAdmin.from(...).select is not a function
        at PricingService.getPricingConfig (C:\Users\Matt\Lookitry\backend\src\services\pricing.service.ts:18:8)
        at PricingService.calculateTotal (C:\Users\Matt\Lookitry\backend\src\services\pricing.service.ts:38:32)
        at WompiController.getCheckoutUrl (C:\Users\Matt\Lookitry\backend\src\controllers\wompi.controller.ts:317:44)
        at C:\Users\Matt\Lookitry\backend\src\__tests__\properties\checkout-email-registro-pro.property.test.ts:149:30
        at AsyncProperty.predicate (C:\Users\Matt\Lookitry\backend\node_modules\fast-check\lib\cjs\fast-check.js:1272:104)
        at AsyncProperty.run (C:\Users\Matt\Lookitry\backend\node_modules\fast-check\lib\cjs\fast-check.js:1208:30)
        at asyncRunIt (C:\Users\Matt\Lookitry\backend\node_modules\fast-check\lib\cjs\fast-check.js:2503:30)
        at Object.<anonymous> (C:\Users\Matt\Lookitry\backend\src\__tests__\properties\checkout-email-registro-pro.property.test.ts:130:7)

    [0m [90m 345 |[39m       res[33m.[39mjson({ checkoutUrl })[33m;[39m
     [90m 346 |[39m     } [36mcatch[39m (error) {
    [31m[1m>[22m[39m[90m 347 |[39m       console[33m.[39merror([32m'[Wompi] Error en getCheckoutUrl:'[39m[33m,[39m error)[33m;[39m
     [90m     |[39m               [31m[1m^[22m[39m
     [90m 348 |[39m       res[33m.[39mstatus([35m500[39m)[33m.[39mjson({ error[33m:[39m [32m'Error interno'[39m })[33m;[39m
     [90m 349 |[39m     }
     [90m 350 |[39m   }[0m

      at WompiController.getCheckoutUrl (src/controllers/wompi.controller.ts:347:15)
      at src/__tests__/properties/checkout-email-registro-pro.property.test.ts:149:13
      at AsyncProperty.run (node_modules/fast-check/lib/cjs/fast-check.js:1208:19)
      at asyncRunIt (node_modules/fast-check/lib/cjs/fast-check.js:2503:15)
      at Object.<anonymous> (src/__tests__/properties/checkout-email-registro-pro.property.test.ts:130:7)

  console.error
    [Wompi] Error en getCheckoutUrl: TypeError: supabase_1.supabaseAdmin.from(...).select is not a function
        at PricingService.getPricingConfig (C:\Users\Matt\Lookitry\backend\src\services\pricing.service.ts:18:8)
        at PricingService.calculateTotal (C:\Users\Matt\Lookitry\backend\src\services\pricing.service.ts:38:32)
        at WompiController.getCheckoutUrl (C:\Users\Matt\Lookitry\backend\src\controllers\wompi.controller.ts:317:44)
        at C:\Users\Matt\Lookitry\backend\src\__tests__\properties\checkout-email-registro-pro.property.test.ts:149:30
        at AsyncProperty.predicate (C:\Users\Matt\Lookitry\backend\node_modules\fast-check\lib\cjs\fast-check.js:1272:104)
        at AsyncProperty.run (C:\Users\Matt\Lookitry\backend\node_modules\fast-check\lib\cjs\fast-check.js:1208:30)
        at asyncRunIt (C:\Users\Matt\Lookitry\backend\node_modules\fast-check\lib\cjs\fast-check.js:2503:30)
        at Object.<anonymous> (C:\Users\Matt\Lookitry\backend\src\__tests__\properties\checkout-email-registro-pro.property.test.ts:130:7)

    [0m [90m 345 |[39m       res[33m.[39mjson({ checkoutUrl })[33m;[39m
     [90m 346 |[39m     } [36mcatch[39m (error) {
    [31m[1m>[22m[39m[90m 347 |[39m       console[33m.[39merror([32m'[Wompi] Error en getCheckoutUrl:'[39m[33m,[39m error)[33m;[39m
     [90m     |[39m               [31m[1m^[22m[39m
     [90m 348 |[39m       res[33m.[39mstatus([35m500[39m)[33m.[39mjson({ error[33m:[39m [32m'Error interno'[39m })[33m;[39m
     [90m 349 |[39m     }
     [90m 350 |[39m   }[0m

      at WompiController.getCheckoutUrl (src/controllers/wompi.controller.ts:347:15)
      at src/__tests__/properties/checkout-email-registro-pro.property.test.ts:149:13
      at AsyncProperty.run (node_modules/fast-check/lib/cjs/fast-check.js:1208:19)
      at asyncRunIt (node_modules/fast-check/lib/cjs/fast-check.js:2503:15)
      at Object.<anonymous> (src/__tests__/properties/checkout-email-registro-pro.property.test.ts:130:7)

  console.error
    [Wompi] Error en getCheckoutUrl: TypeError: supabase_1.supabaseAdmin.from(...).select is not a function
        at PricingService.getPricingConfig (C:\Users\Matt\Lookitry\backend\src\services\pricing.service.ts:18:8)
        at PricingService.calculateTotal (C:\Users\Matt\Lookitry\backend\src\services\pricing.service.ts:38:32)
        at WompiController.getCheckoutUrl (C:\Users\Matt\Lookitry\backend\src\controllers\wompi.controller.ts:317:44)
        at C:\Users\Matt\Lookitry\backend\src\__tests__\properties\checkout-email-registro-pro.property.test.ts:149:30
        at AsyncProperty.predicate (C:\Users\Matt\Lookitry\backend\node_modules\fast-check\lib\cjs\fast-check.js:1272:104)
        at AsyncProperty.run (C:\Users\Matt\Lookitry\backend\node_modules\fast-check\lib\cjs\fast-check.js:1208:30)
        at asyncRunIt (C:\Users\Matt\Lookitry\backend\node_modules\fast-check\lib\cjs\fast-check.js:2503:30)
        at Object.<anonymous> (C:\Users\Matt\Lookitry\backend\src\__tests__\properties\checkout-email-registro-pro.property.test.ts:130:7)

    [0m [90m 345 |[39m       res[33m.[39mjson({ checkoutUrl })[33m;[39m
     [90m 346 |[39m     } [36mcatch[39m (error) {
    [31m[1m>[22m[39m[90m 347 |[39m       console[33m.[39merror([32m'[Wompi] Error en getCheckoutUrl:'[39m[33m,[39m error)[33m;[39m
     [90m     |[39m               [31m[1m^[22m[39m
     [90m 348 |[39m       res[33m.[39mstatus([35m500[39m)[33m.[39mjson({ error[33m:[39m [32m'Error interno'[39m })[33m;[39m
     [90m 349 |[39m     }
     [90m 350 |[39m   }[0m

      at WompiController.getCheckoutUrl (src/controllers/wompi.controller.ts:347:15)
      at src/__tests__/properties/checkout-email-registro-pro.property.test.ts:149:13
      at AsyncProperty.run (node_modules/fast-check/lib/cjs/fast-check.js:1208:19)
      at asyncRunIt (node_modules/fast-check/lib/cjs/fast-check.js:2503:15)
      at Object.<anonymous> (src/__tests__/properties/checkout-email-registro-pro.property.test.ts:130:7)

  console.error
    [Wompi] Error en getCheckoutUrl: TypeError: supabase_1.supabaseAdmin.from(...).select is not a function
        at PricingService.getPricingConfig (C:\Users\Matt\Lookitry\backend\src\services\pricing.service.ts:18:8)
        at PricingService.calculateTotal (C:\Users\Matt\Lookitry\backend\src\services\pricing.service.ts:38:32)
        at WompiController.getCheckoutUrl (C:\Users\Matt\Lookitry\backend\src\controllers\wompi.controller.ts:317:44)
        at C:\Users\Matt\Lookitry\backend\src\__tests__\properties\checkout-email-registro-pro.property.test.ts:149:30
        at AsyncProperty.predicate (C:\Users\Matt\Lookitry\backend\node_modules\fast-check\lib\cjs\fast-check.js:1272:104)
        at AsyncProperty.run (C:\Users\Matt\Lookitry\backend\node_modules\fast-check\lib\cjs\fast-check.js:1208:30)
        at asyncRunIt (C:\Users\Matt\Lookitry\backend\node_modules\fast-check\lib\cjs\fast-check.js:2503:30)
        at Object.<anonymous> (C:\Users\Matt\Lookitry\backend\src\__tests__\properties\checkout-email-registro-pro.property.test.ts:130:7)

    [0m [90m 345 |[39m       res[33m.[39mjson({ checkoutUrl })[33m;[39m
     [90m 346 |[39m     } [36mcatch[39m (error) {
    [31m[1m>[22m[39m[90m 347 |[39m       console[33m.[39merror([32m'[Wompi] Error en getCheckoutUrl:'[39m[33m,[39m error)[33m;[39m
     [90m     |[39m               [31m[1m^[22m[39m
     [90m 348 |[39m       res[33m.[39mstatus([35m500[39m)[33m.[39mjson({ error[33m:[39m [32m'Error interno'[39m })[33m;[39m
     [90m 349 |[39m     }
     [90m 350 |[39m   }[0m

      at WompiController.getCheckoutUrl (src/controllers/wompi.controller.ts:347:15)
      at src/__tests__/properties/checkout-email-registro-pro.property.test.ts:149:13
      at AsyncProperty.run (node_modules/fast-check/lib/cjs/fast-check.js:1208:19)
      at asyncRunIt (node_modules/fast-check/lib/cjs/fast-check.js:2503:15)
      at Object.<anonymous> (src/__tests__/properties/checkout-email-registro-pro.property.test.ts:130:7)

  console.error
    [Wompi] Error en getCheckoutUrl: TypeError: supabase_1.supabaseAdmin.from(...).select is not a function
        at PricingService.getPricingConfig (C:\Users\Matt\Lookitry\backend\src\services\pricing.service.ts:18:8)
        at PricingService.calculateTotal (C:\Users\Matt\Lookitry\backend\src\services\pricing.service.ts:38:32)
        at WompiController.getCheckoutUrl (C:\Users\Matt\Lookitry\backend\src\controllers\wompi.controller.ts:317:44)
        at C:\Users\Matt\Lookitry\backend\src\__tests__\properties\checkout-email-registro-pro.property.test.ts:149:30
        at AsyncProperty.predicate (C:\Users\Matt\Lookitry\backend\node_modules\fast-check\lib\cjs\fast-check.js:1272:104)
        at AsyncProperty.run (C:\Users\Matt\Lookitry\backend\node_modules\fast-check\lib\cjs\fast-check.js:1208:30)
        at asyncRunIt (C:\Users\Matt\Lookitry\backend\node_modules\fast-check\lib\cjs\fast-check.js:2503:30)
        at Object.<anonymous> (C:\Users\Matt\Lookitry\backend\src\__tests__\properties\checkout-email-registro-pro.property.test.ts:130:7)

    [0m [90m 345 |[39m       res[33m.[39mjson({ checkoutUrl })[33m;[39m
     [90m 346 |[39m     } [36mcatch[39m (error) {
    [31m[1m>[22m[39m[90m 347 |[39m       console[33m.[39merror([32m'[Wompi] Error en getCheckoutUrl:'[39m[33m,[39m error)[33m;[39m
     [90m     |[39m               [31m[1m^[22m[39m
     [90m 348 |[39m       res[33m.[39mstatus([35m500[39m)[33m.[39mjson({ error[33m:[39m [32m'Error interno'[39m })[33m;[39m
     [90m 349 |[39m     }
     [90m 350 |[39m   }[0m

      at WompiController.getCheckoutUrl (src/controllers/wompi.controller.ts:347:15)
      at src/__tests__/properties/checkout-email-registro-pro.property.test.ts:149:13
      at AsyncProperty.run (node_modules/fast-check/lib/cjs/fast-check.js:1208:19)
      at asyncRunIt (node_modules/fast-check/lib/cjs/fast-check.js:2503:15)
      at Object.<anonymous> (src/__tests__/properties/checkout-email-registro-pro.property.test.ts:130:7)

  console.error
    [Wompi] Error en getCheckoutUrl: TypeError: supabase_1.supabaseAdmin.from(...).select is not a function
        at PricingService.getPricingConfig (C:\Users\Matt\Lookitry\backend\src\services\pricing.service.ts:18:8)
        at PricingService.calculateTotal (C:\Users\Matt\Lookitry\backend\src\services\pricing.service.ts:38:32)
        at WompiController.getCheckoutUrl (C:\Users\Matt\Lookitry\backend\src\controllers\wompi.controller.ts:317:44)
        at C:\Users\Matt\Lookitry\backend\src\__tests__\properties\checkout-email-registro-pro.property.test.ts:149:30
        at AsyncProperty.predicate (C:\Users\Matt\Lookitry\backend\node_modules\fast-check\lib\cjs\fast-check.js:1272:104)
        at AsyncProperty.run (C:\Users\Matt\Lookitry\backend\node_modules\fast-check\lib\cjs\fast-check.js:1208:30)
        at asyncRunIt (C:\Users\Matt\Lookitry\backend\node_modules\fast-check\lib\cjs\fast-check.js:2503:30)
        at Object.<anonymous> (C:\Users\Matt\Lookitry\backend\src\__tests__\properties\checkout-email-registro-pro.property.test.ts:130:7)

    [0m [90m 345 |[39m       res[33m.[39mjson({ checkoutUrl })[33m;[39m
     [90m 346 |[39m     } [36mcatch[39m (error) {
    [31m[1m>[22m[39m[90m 347 |[39m       console[33m.[39merror([32m'[Wompi] Error en getCheckoutUrl:'[39m[33m,[39m error)[33m;[39m
     [90m     |[39m               [31m[1m^[22m[39m
     [90m 348 |[39m       res[33m.[39mstatus([35m500[39m)[33m.[39mjson({ error[33m:[39m [32m'Error interno'[39m })[33m;[39m
     [90m 349 |[39m     }
     [90m 350 |[39m   }[0m

      at WompiController.getCheckoutUrl (src/controllers/wompi.controller.ts:347:15)
      at src/__tests__/properties/checkout-email-registro-pro.property.test.ts:149:13
      at AsyncProperty.run (node_modules/fast-check/lib/cjs/fast-check.js:1208:19)
      at asyncRunIt (node_modules/fast-check/lib/cjs/fast-check.js:2503:15)
      at Object.<anonymous> (src/__tests__/properties/checkout-email-registro-pro.property.test.ts:130:7)

  console.error
    [Wompi] Error en getCheckoutUrl: TypeError: supabase_1.supabaseAdmin.from(...).select is not a function
        at PricingService.getPricingConfig (C:\Users\Matt\Lookitry\backend\src\services\pricing.service.ts:18:8)
        at PricingService.calculateTotal (C:\Users\Matt\Lookitry\backend\src\services\pricing.service.ts:38:32)
        at WompiController.getCheckoutUrl (C:\Users\Matt\Lookitry\backend\src\controllers\wompi.controller.ts:317:44)
        at C:\Users\Matt\Lookitry\backend\src\__tests__\properties\checkout-email-registro-pro.property.test.ts:149:30
        at AsyncProperty.predicate (C:\Users\Matt\Lookitry\backend\node_modules\fast-check\lib\cjs\fast-check.js:1272:104)
        at AsyncProperty.run (C:\Users\Matt\Lookitry\backend\node_modules\fast-check\lib\cjs\fast-check.js:1208:30)
        at asyncRunIt (C:\Users\Matt\Lookitry\backend\node_modules\fast-check\lib\cjs\fast-check.js:2503:30)
        at Object.<anonymous> (C:\Users\Matt\Lookitry\backend\src\__tests__\properties\checkout-email-registro-pro.property.test.ts:130:7)

    [0m [90m 345 |[39m       res[33m.[39mjson({ checkoutUrl })[33m;[39m
     [90m 346 |[39m     } [36mcatch[39m (error) {
    [31m[1m>[22m[39m[90m 347 |[39m       console[33m.[39merror([32m'[Wompi] Error en getCheckoutUrl:'[39m[33m,[39m error)[33m;[39m
     [90m     |[39m               [31m[1m^[22m[39m
     [90m 348 |[39m       res[33m.[39mstatus([35m500[39m)[33m.[39mjson({ error[33m:[39m [32m'Error interno'[39m })[33m;[39m
     [90m 349 |[39m     }
     [90m 350 |[39m   }[0m

      at WompiController.getCheckoutUrl (src/controllers/wompi.controller.ts:347:15)
      at src/__tests__/properties/checkout-email-registro-pro.property.test.ts:149:13
      at AsyncProperty.run (node_modules/fast-check/lib/cjs/fast-check.js:1208:19)
      at asyncRunIt (node_modules/fast-check/lib/cjs/fast-check.js:2503:15)
      at Object.<anonymous> (src/__tests__/properties/checkout-email-registro-pro.property.test.ts:130:7)

  console.error
    [Wompi] Error en getCheckoutUrl: TypeError: supabase_1.supabaseAdmin.from(...).select is not a function
        at PricingService.getPricingConfig (C:\Users\Matt\Lookitry\backend\src\services\pricing.service.ts:18:8)
        at PricingService.calculateTotal (C:\Users\Matt\Lookitry\backend\src\services\pricing.service.ts:38:32)
        at WompiController.getCheckoutUrl (C:\Users\Matt\Lookitry\backend\src\controllers\wompi.controller.ts:317:44)
        at C:\Users\Matt\Lookitry\backend\src\__tests__\properties\checkout-email-registro-pro.property.test.ts:149:30
        at AsyncProperty.predicate (C:\Users\Matt\Lookitry\backend\node_modules\fast-check\lib\cjs\fast-check.js:1272:104)
        at AsyncProperty.run (C:\Users\Matt\Lookitry\backend\node_modules\fast-check\lib\cjs\fast-check.js:1208:30)
        at asyncRunIt (C:\Users\Matt\Lookitry\backend\node_modules\fast-check\lib\cjs\fast-check.js:2503:30)
        at Object.<anonymous> (C:\Users\Matt\Lookitry\backend\src\__tests__\properties\checkout-email-registro-pro.property.test.ts:130:7)

    [0m [90m 345 |[39m       res[33m.[39mjson({ checkoutUrl })[33m;[39m
     [90m 346 |[39m     } [36mcatch[39m (error) {
    [31m[1m>[22m[39m[90m 347 |[39m       console[33m.[39merror([32m'[Wompi] Error en getCheckoutUrl:'[39m[33m,[39m error)[33m;[39m
     [90m     |[39m               [31m[1m^[22m[39m
     [90m 348 |[39m       res[33m.[39mstatus([35m500[39m)[33m.[39mjson({ error[33m:[39m [32m'Error interno'[39m })[33m;[39m
     [90m 349 |[39m     }
     [90m 350 |[39m   }[0m

      at WompiController.getCheckoutUrl (src/controllers/wompi.controller.ts:347:15)
      at src/__tests__/properties/checkout-email-registro-pro.property.test.ts:149:13
      at AsyncProperty.run (node_modules/fast-check/lib/cjs/fast-check.js:1208:19)
      at asyncRunIt (node_modules/fast-check/lib/cjs/fast-check.js:2503:15)
      at Object.<anonymous> (src/__tests__/properties/checkout-email-registro-pro.property.test.ts:130:7)

  console.error
    [Wompi] Error en getCheckoutUrl: TypeError: supabase_1.supabaseAdmin.from(...).select is not a function
        at PricingService.getPricingConfig (C:\Users\Matt\Lookitry\backend\src\services\pricing.service.ts:18:8)
        at PricingService.calculateTotal (C:\Users\Matt\Lookitry\backend\src\services\pricing.service.ts:38:32)
        at WompiController.getCheckoutUrl (C:\Users\Matt\Lookitry\backend\src\controllers\wompi.controller.ts:317:44)
        at C:\Users\Matt\Lookitry\backend\src\__tests__\properties\checkout-email-registro-pro.property.test.ts:149:30
        at AsyncProperty.predicate (C:\Users\Matt\Lookitry\backend\node_modules\fast-check\lib\cjs\fast-check.js:1272:104)
        at AsyncProperty.run (C:\Users\Matt\Lookitry\backend\node_modules\fast-check\lib\cjs\fast-check.js:1208:30)
        at asyncRunIt (C:\Users\Matt\Lookitry\backend\node_modules\fast-check\lib\cjs\fast-check.js:2503:30)
        at Object.<anonymous> (C:\Users\Matt\Lookitry\backend\src\__tests__\properties\checkout-email-registro-pro.property.test.ts:130:7)

    [0m [90m 345 |[39m       res[33m.[39mjson({ checkoutUrl })[33m;[39m
     [90m 346 |[39m     } [36mcatch[39m (error) {
    [31m[1m>[22m[39m[90m 347 |[39m       console[33m.[39merror([32m'[Wompi] Error en getCheckoutUrl:'[39m[33m,[39m error)[33m;[39m
     [90m     |[39m               [31m[1m^[22m[39m
     [90m 348 |[39m       res[33m.[39mstatus([35m500[39m)[33m.[39mjson({ error[33m:[39m [32m'Error interno'[39m })[33m;[39m
     [90m 349 |[39m     }
     [90m 350 |[39m   }[0m

      at WompiController.getCheckoutUrl (src/controllers/wompi.controller.ts:347:15)
      at src/__tests__/properties/checkout-email-registro-pro.property.test.ts:149:13
      at AsyncProperty.run (node_modules/fast-check/lib/cjs/fast-check.js:1208:19)
      at asyncRunIt (node_modules/fast-check/lib/cjs/fast-check.js:2503:15)
      at Object.<anonymous> (src/__tests__/properties/checkout-email-registro-pro.property.test.ts:130:7)

  console.error
    [Wompi] Error en getCheckoutUrl: TypeError: supabase_1.supabaseAdmin.from(...).select is not a function
        at PricingService.getPricingConfig (C:\Users\Matt\Lookitry\backend\src\services\pricing.service.ts:18:8)
        at PricingService.calculateTotal (C:\Users\Matt\Lookitry\backend\src\services\pricing.service.ts:38:32)
        at WompiController.getCheckoutUrl (C:\Users\Matt\Lookitry\backend\src\controllers\wompi.controller.ts:317:44)
        at C:\Users\Matt\Lookitry\backend\src\__tests__\properties\checkout-email-registro-pro.property.test.ts:149:30
        at AsyncProperty.predicate (C:\Users\Matt\Lookitry\backend\node_modules\fast-check\lib\cjs\fast-check.js:1272:104)
        at AsyncProperty.run (C:\Users\Matt\Lookitry\backend\node_modules\fast-check\lib\cjs\fast-check.js:1208:30)
        at asyncRunIt (C:\Users\Matt\Lookitry\backend\node_modules\fast-check\lib\cjs\fast-check.js:2503:30)
        at Object.<anonymous> (C:\Users\Matt\Lookitry\backend\src\__tests__\properties\checkout-email-registro-pro.property.test.ts:130:7)

    [0m [90m 345 |[39m       res[33m.[39mjson({ checkoutUrl })[33m;[39m
     [90m 346 |[39m     } [36mcatch[39m (error) {
    [31m[1m>[22m[39m[90m 347 |[39m       console[33m.[39merror([32m'[Wompi] Error en getCheckoutUrl:'[39m[33m,[39m error)[33m;[39m
     [90m     |[39m               [31m[1m^[22m[39m
     [90m 348 |[39m       res[33m.[39mstatus([35m500[39m)[33m.[39mjson({ error[33m:[39m [32m'Error interno'[39m })[33m;[39m
     [90m 349 |[39m     }
     [90m 350 |[39m   }[0m

      at WompiController.getCheckoutUrl (src/controllers/wompi.controller.ts:347:15)
      at src/__tests__/properties/checkout-email-registro-pro.property.test.ts:149:13
      at AsyncProperty.run (node_modules/fast-check/lib/cjs/fast-check.js:1208:19)
      at asyncRunIt (node_modules/fast-check/lib/cjs/fast-check.js:2503:15)
      at Object.<anonymous> (src/__tests__/properties/checkout-email-registro-pro.property.test.ts:130:7)

  console.error
    [Wompi] Error en getCheckoutUrl: TypeError: supabase_1.supabaseAdmin.from(...).select is not a function
        at PricingService.getPricingConfig (C:\Users\Matt\Lookitry\backend\src\services\pricing.service.ts:18:8)
        at PricingService.calculateTotal (C:\Users\Matt\Lookitry\backend\src\services\pricing.service.ts:38:32)
        at WompiController.getCheckoutUrl (C:\Users\Matt\Lookitry\backend\src\controllers\wompi.controller.ts:317:44)
        at C:\Users\Matt\Lookitry\backend\src\__tests__\properties\checkout-email-registro-pro.property.test.ts:149:30
        at AsyncProperty.predicate (C:\Users\Matt\Lookitry\backend\node_modules\fast-check\lib\cjs\fast-check.js:1272:104)
        at AsyncProperty.run (C:\Users\Matt\Lookitry\backend\node_modules\fast-check\lib\cjs\fast-check.js:1208:30)
        at asyncRunIt (C:\Users\Matt\Lookitry\backend\node_modules\fast-check\lib\cjs\fast-check.js:2503:30)
        at Object.<anonymous> (C:\Users\Matt\Lookitry\backend\src\__tests__\properties\checkout-email-registro-pro.property.test.ts:130:7)

    [0m [90m 345 |[39m       res[33m.[39mjson({ checkoutUrl })[33m;[39m
     [90m 346 |[39m     } [36mcatch[39m (error) {
    [31m[1m>[22m[39m[90m 347 |[39m       console[33m.[39merror([32m'[Wompi] Error en getCheckoutUrl:'[39m[33m,[39m error)[33m;[39m
     [90m     |[39m               [31m[1m^[22m[39m
     [90m 348 |[39m       res[33m.[39mstatus([35m500[39m)[33m.[39mjson({ error[33m:[39m [32m'Error interno'[39m })[33m;[39m
     [90m 349 |[39m     }
     [90m 350 |[39m   }[0m

      at WompiController.getCheckoutUrl (src/controllers/wompi.controller.ts:347:15)
      at src/__tests__/properties/checkout-email-registro-pro.property.test.ts:149:13
      at AsyncProperty.run (node_modules/fast-check/lib/cjs/fast-check.js:1208:19)
      at asyncRunIt (node_modules/fast-check/lib/cjs/fast-check.js:2503:15)
      at Object.<anonymous> (src/__tests__/properties/checkout-email-registro-pro.property.test.ts:130:7)

  console.error
    [Wompi] Error en getCheckoutUrl: TypeError: supabase_1.supabaseAdmin.from(...).select is not a function
        at PricingService.getPricingConfig (C:\Users\Matt\Lookitry\backend\src\services\pricing.service.ts:18:8)
        at PricingService.calculateTotal (C:\Users\Matt\Lookitry\backend\src\services\pricing.service.ts:38:32)
        at WompiController.getCheckoutUrl (C:\Users\Matt\Lookitry\backend\src\controllers\wompi.controller.ts:317:44)
        at C:\Users\Matt\Lookitry\backend\src\__tests__\properties\checkout-email-registro-pro.property.test.ts:149:30
        at AsyncProperty.predicate (C:\Users\Matt\Lookitry\backend\node_modules\fast-check\lib\cjs\fast-check.js:1272:104)
        at AsyncProperty.run (C:\Users\Matt\Lookitry\backend\node_modules\fast-check\lib\cjs\fast-check.js:1208:30)
        at asyncRunIt (C:\Users\Matt\Lookitry\backend\node_modules\fast-check\lib\cjs\fast-check.js:2503:30)
        at Object.<anonymous> (C:\Users\Matt\Lookitry\backend\src\__tests__\properties\checkout-email-registro-pro.property.test.ts:130:7)

    [0m [90m 345 |[39m       res[33m.[39mjson({ checkoutUrl })[33m;[39m
     [90m 346 |[39m     } [36mcatch[39m (error) {
    [31m[1m>[22m[39m[90m 347 |[39m       console[33m.[39merror([32m'[Wompi] Error en getCheckoutUrl:'[39m[33m,[39m error)[33m;[39m
     [90m     |[39m               [31m[1m^[22m[39m
     [90m 348 |[39m       res[33m.[39mstatus([35m500[39m)[33m.[39mjson({ error[33m:[39m [32m'Error interno'[39m })[33m;[39m
     [90m 349 |[39m     }
     [90m 350 |[39m   }[0m

      at WompiController.getCheckoutUrl (src/controllers/wompi.controller.ts:347:15)
      at src/__tests__/properties/checkout-email-registro-pro.property.test.ts:149:13
      at AsyncProperty.run (node_modules/fast-check/lib/cjs/fast-check.js:1208:19)
      at asyncRunIt (node_modules/fast-check/lib/cjs/fast-check.js:2503:15)
      at Object.<anonymous> (src/__tests__/properties/checkout-email-registro-pro.property.test.ts:130:7)

  console.error
    [Wompi] Error en getCheckoutUrl: TypeError: supabase_1.supabaseAdmin.from(...).select is not a function
        at PricingService.getPricingConfig (C:\Users\Matt\Lookitry\backend\src\services\pricing.service.ts:18:8)
        at PricingService.calculateTotal (C:\Users\Matt\Lookitry\backend\src\services\pricing.service.ts:38:32)
        at WompiController.getCheckoutUrl (C:\Users\Matt\Lookitry\backend\src\controllers\wompi.controller.ts:317:44)
        at C:\Users\Matt\Lookitry\backend\src\__tests__\properties\checkout-email-registro-pro.property.test.ts:149:30
        at AsyncProperty.predicate (C:\Users\Matt\Lookitry\backend\node_modules\fast-check\lib\cjs\fast-check.js:1272:104)
        at AsyncProperty.run (C:\Users\Matt\Lookitry\backend\node_modules\fast-check\lib\cjs\fast-check.js:1208:30)
        at asyncRunIt (C:\Users\Matt\Lookitry\backend\node_modules\fast-check\lib\cjs\fast-check.js:2503:30)
        at Object.<anonymous> (C:\Users\Matt\Lookitry\backend\src\__tests__\properties\checkout-email-registro-pro.property.test.ts:130:7)

    [0m [90m 345 |[39m       res[33m.[39mjson({ checkoutUrl })[33m;[39m
     [90m 346 |[39m     } [36mcatch[39m (error) {
    [31m[1m>[22m[39m[90m 347 |[39m       console[33m.[39merror([32m'[Wompi] Error en getCheckoutUrl:'[39m[33m,[39m error)[33m;[39m
     [90m     |[39m               [31m[1m^[22m[39m
     [90m 348 |[39m       res[33m.[39mstatus([35m500[39m)[33m.[39mjson({ error[33m:[39m [32m'Error interno'[39m })[33m;[39m
     [90m 349 |[39m     }
     [90m 350 |[39m   }[0m

      at WompiController.getCheckoutUrl (src/controllers/wompi.controller.ts:347:15)
      at src/__tests__/properties/checkout-email-registro-pro.property.test.ts:149:13
      at AsyncProperty.run (node_modules/fast-check/lib/cjs/fast-check.js:1208:19)
      at asyncRunIt (node_modules/fast-check/lib/cjs/fast-check.js:2503:15)
      at Object.<anonymous> (src/__tests__/properties/checkout-email-registro-pro.property.test.ts:130:7)

  console.error
    [Wompi] Error en getCheckoutUrl: TypeError: supabase_1.supabaseAdmin.from(...).select is not a function
        at PricingService.getPricingConfig (C:\Users\Matt\Lookitry\backend\src\services\pricing.service.ts:18:8)
        at PricingService.calculateTotal (C:\Users\Matt\Lookitry\backend\src\services\pricing.service.ts:38:32)
        at WompiController.getCheckoutUrl (C:\Users\Matt\Lookitry\backend\src\controllers\wompi.controller.ts:317:44)
        at C:\Users\Matt\Lookitry\backend\src\__tests__\properties\checkout-email-registro-pro.property.test.ts:149:30
        at AsyncProperty.predicate (C:\Users\Matt\Lookitry\backend\node_modules\fast-check\lib\cjs\fast-check.js:1272:104)
        at AsyncProperty.run (C:\Users\Matt\Lookitry\backend\node_modules\fast-check\lib\cjs\fast-check.js:1208:30)
        at asyncRunIt (C:\Users\Matt\Lookitry\backend\node_modules\fast-check\lib\cjs\fast-check.js:2503:30)
        at Object.<anonymous> (C:\Users\Matt\Lookitry\backend\src\__tests__\properties\checkout-email-registro-pro.property.test.ts:130:7)

    [0m [90m 345 |[39m       res[33m.[39mjson({ checkoutUrl })[33m;[39m
     [90m 346 |[39m     } [36mcatch[39m (error) {
    [31m[1m>[22m[39m[90m 347 |[39m       console[33m.[39merror([32m'[Wompi] Error en getCheckoutUrl:'[39m[33m,[39m error)[33m;[39m
     [90m     |[39m               [31m[1m^[22m[39m
     [90m 348 |[39m       res[33m.[39mstatus([35m500[39m)[33m.[39mjson({ error[33m:[39m [32m'Error interno'[39m })[33m;[39m
     [90m 349 |[39m     }
     [90m 350 |[39m   }[0m

      at WompiController.getCheckoutUrl (src/controllers/wompi.controller.ts:347:15)
      at src/__tests__/properties/checkout-email-registro-pro.property.test.ts:149:13
      at AsyncProperty.run (node_modules/fast-check/lib/cjs/fast-check.js:1208:19)
      at asyncRunIt (node_modules/fast-check/lib/cjs/fast-check.js:2503:15)
      at Object.<anonymous> (src/__tests__/properties/checkout-email-registro-pro.property.test.ts:130:7)

  console.error
    [Wompi] Error en getCheckoutUrl: TypeError: supabase_1.supabaseAdmin.from(...).select is not a function
        at PricingService.getPricingConfig (C:\Users\Matt\Lookitry\backend\src\services\pricing.service.ts:18:8)
        at PricingService.calculateTotal (C:\Users\Matt\Lookitry\backend\src\services\pricing.service.ts:38:32)
        at WompiController.getCheckoutUrl (C:\Users\Matt\Lookitry\backend\src\controllers\wompi.controller.ts:317:44)
        at C:\Users\Matt\Lookitry\backend\src\__tests__\properties\checkout-email-registro-pro.property.test.ts:149:30
        at AsyncProperty.predicate (C:\Users\Matt\Lookitry\backend\node_modules\fast-check\lib\cjs\fast-check.js:1272:104)
        at AsyncProperty.run (C:\Users\Matt\Lookitry\backend\node_modules\fast-check\lib\cjs\fast-check.js:1208:30)
        at asyncRunIt (C:\Users\Matt\Lookitry\backend\node_modules\fast-check\lib\cjs\fast-check.js:2503:30)
        at Object.<anonymous> (C:\Users\Matt\Lookitry\backend\src\__tests__\properties\checkout-email-registro-pro.property.test.ts:130:7)

    [0m [90m 345 |[39m       res[33m.[39mjson({ checkoutUrl })[33m;[39m
     [90m 346 |[39m     } [36mcatch[39m (error) {
    [31m[1m>[22m[39m[90m 347 |[39m       console[33m.[39merror([32m'[Wompi] Error en getCheckoutUrl:'[39m[33m,[39m error)[33m;[39m
     [90m     |[39m               [31m[1m^[22m[39m
     [90m 348 |[39m       res[33m.[39mstatus([35m500[39m)[33m.[39mjson({ error[33m:[39m [32m'Error interno'[39m })[33m;[39m
     [90m 349 |[39m     }
     [90m 350 |[39m   }[0m

      at WompiController.getCheckoutUrl (src/controllers/wompi.controller.ts:347:15)
      at src/__tests__/properties/checkout-email-registro-pro.property.test.ts:149:13
      at AsyncProperty.run (node_modules/fast-check/lib/cjs/fast-check.js:1208:19)
      at asyncRunIt (node_modules/fast-check/lib/cjs/fast-check.js:2503:15)
      at Object.<anonymous> (src/__tests__/properties/checkout-email-registro-pro.property.test.ts:130:7)

  console.error
    [Wompi] Error en getCheckoutUrl: TypeError: supabase_1.supabaseAdmin.from(...).select is not a function
        at PricingService.getPricingConfig (C:\Users\Matt\Lookitry\backend\src\services\pricing.service.ts:18:8)
        at PricingService.calculateTotal (C:\Users\Matt\Lookitry\backend\src\services\pricing.service.ts:38:32)
        at WompiController.getCheckoutUrl (C:\Users\Matt\Lookitry\backend\src\controllers\wompi.controller.ts:317:44)
        at C:\Users\Matt\Lookitry\backend\src\__tests__\properties\checkout-email-registro-pro.property.test.ts:149:30
        at AsyncProperty.predicate (C:\Users\Matt\Lookitry\backend\node_modules\fast-check\lib\cjs\fast-check.js:1272:104)
        at AsyncProperty.run (C:\Users\Matt\Lookitry\backend\node_modules\fast-check\lib\cjs\fast-check.js:1208:30)
        at asyncRunIt (C:\Users\Matt\Lookitry\backend\node_modules\fast-check\lib\cjs\fast-check.js:2503:30)
        at Object.<anonymous> (C:\Users\Matt\Lookitry\backend\src\__tests__\properties\checkout-email-registro-pro.property.test.ts:130:7)

    [0m [90m 345 |[39m       res[33m.[39mjson({ checkoutUrl })[33m;[39m
     [90m 346 |[39m     } [36mcatch[39m (error) {
    [31m[1m>[22m[39m[90m 347 |[39m       console[33m.[39merror([32m'[Wompi] Error en getCheckoutUrl:'[39m[33m,[39m error)[33m;[39m
     [90m     |[39m               [31m[1m^[22m[39m
     [90m 348 |[39m       res[33m.[39mstatus([35m500[39m)[33m.[39mjson({ error[33m:[39m [32m'Error interno'[39m })[33m;[39m
     [90m 349 |[39m     }
     [90m 350 |[39m   }[0m

      at WompiController.getCheckoutUrl (src/controllers/wompi.controller.ts:347:15)
      at src/__tests__/properties/checkout-email-registro-pro.property.test.ts:149:13
      at AsyncProperty.run (node_modules/fast-check/lib/cjs/fast-check.js:1208:19)
      at asyncRunIt (node_modules/fast-check/lib/cjs/fast-check.js:2503:15)
      at Object.<anonymous> (src/__tests__/properties/checkout-email-registro-pro.property.test.ts:130:7)

  console.error
    [Wompi] Error en getCheckoutUrl: TypeError: supabase_1.supabaseAdmin.from(...).select is not a function
        at PricingService.getPricingConfig (C:\Users\Matt\Lookitry\backend\src\services\pricing.service.ts:18:8)
        at PricingService.calculateTotal (C:\Users\Matt\Lookitry\backend\src\services\pricing.service.ts:38:32)
        at WompiController.getCheckoutUrl (C:\Users\Matt\Lookitry\backend\src\controllers\wompi.controller.ts:317:44)
        at C:\Users\Matt\Lookitry\backend\src\__tests__\properties\checkout-email-registro-pro.property.test.ts:149:30
        at AsyncProperty.predicate (C:\Users\Matt\Lookitry\backend\node_modules\fast-check\lib\cjs\fast-check.js:1272:104)
        at AsyncProperty.run (C:\Users\Matt\Lookitry\backend\node_modules\fast-check\lib\cjs\fast-check.js:1208:30)
        at asyncRunIt (C:\Users\Matt\Lookitry\backend\node_modules\fast-check\lib\cjs\fast-check.js:2503:30)
        at Object.<anonymous> (C:\Users\Matt\Lookitry\backend\src\__tests__\properties\checkout-email-registro-pro.property.test.ts:130:7)

    [0m [90m 345 |[39m       res[33m.[39mjson({ checkoutUrl })[33m;[39m
     [90m 346 |[39m     } [36mcatch[39m (error) {
    [31m[1m>[22m[39m[90m 347 |[39m       console[33m.[39merror([32m'[Wompi] Error en getCheckoutUrl:'[39m[33m,[39m error)[33m;[39m
     [90m     |[39m               [31m[1m^[22m[39m
     [90m 348 |[39m       res[33m.[39mstatus([35m500[39m)[33m.[39mjson({ error[33m:[39m [32m'Error interno'[39m })[33m;[39m
     [90m 349 |[39m     }
     [90m 350 |[39m   }[0m

      at WompiController.getCheckoutUrl (src/controllers/wompi.controller.ts:347:15)
      at src/__tests__/properties/checkout-email-registro-pro.property.test.ts:149:13
      at AsyncProperty.run (node_modules/fast-check/lib/cjs/fast-check.js:1208:19)
      at asyncRunIt (node_modules/fast-check/lib/cjs/fast-check.js:2503:15)
      at Object.<anonymous> (src/__tests__/properties/checkout-email-registro-pro.property.test.ts:130:7)

  console.error
    [Wompi] Error en getCheckoutUrl: TypeError: supabase_1.supabaseAdmin.from(...).select is not a function
        at PricingService.getPricingConfig (C:\Users\Matt\Lookitry\backend\src\services\pricing.service.ts:18:8)
        at PricingService.calculateTotal (C:\Users\Matt\Lookitry\backend\src\services\pricing.service.ts:38:32)
        at WompiController.getCheckoutUrl (C:\Users\Matt\Lookitry\backend\src\controllers\wompi.controller.ts:317:44)
        at C:\Users\Matt\Lookitry\backend\src\__tests__\properties\checkout-email-registro-pro.property.test.ts:149:30
        at AsyncProperty.predicate (C:\Users\Matt\Lookitry\backend\node_modules\fast-check\lib\cjs\fast-check.js:1272:104)
        at AsyncProperty.run (C:\Users\Matt\Lookitry\backend\node_modules\fast-check\lib\cjs\fast-check.js:1208:30)
        at asyncRunIt (C:\Users\Matt\Lookitry\backend\node_modules\fast-check\lib\cjs\fast-check.js:2503:30)
        at Object.<anonymous> (C:\Users\Matt\Lookitry\backend\src\__tests__\properties\checkout-email-registro-pro.property.test.ts:130:7)

    [0m [90m 345 |[39m       res[33m.[39mjson({ checkoutUrl })[33m;[39m
     [90m 346 |[39m     } [36mcatch[39m (error) {
    [31m[1m>[22m[39m[90m 347 |[39m       console[33m.[39merror([32m'[Wompi] Error en getCheckoutUrl:'[39m[33m,[39m error)[33m;[39m
     [90m     |[39m               [31m[1m^[22m[39m
     [90m 348 |[39m       res[33m.[39mstatus([35m500[39m)[33m.[39mjson({ error[33m:[39m [32m'Error interno'[39m })[33m;[39m
     [90m 349 |[39m     }
     [90m 350 |[39m   }[0m

      at WompiController.getCheckoutUrl (src/controllers/wompi.controller.ts:347:15)
      at src/__tests__/properties/checkout-email-registro-pro.property.test.ts:149:13
      at AsyncProperty.run (node_modules/fast-check/lib/cjs/fast-check.js:1208:19)
      at asyncRunIt (node_modules/fast-check/lib/cjs/fast-check.js:2503:15)
      at Object.<anonymous> (src/__tests__/properties/checkout-email-registro-pro.property.test.ts:130:7)

  console.error
    [Wompi] Error en getCheckoutUrl: TypeError: supabase_1.supabaseAdmin.from(...).select is not a function
        at PricingService.getPricingConfig (C:\Users\Matt\Lookitry\backend\src\services\pricing.service.ts:18:8)
        at PricingService.calculateTotal (C:\Users\Matt\Lookitry\backend\src\services\pricing.service.ts:38:32)
        at WompiController.getCheckoutUrl (C:\Users\Matt\Lookitry\backend\src\controllers\wompi.controller.ts:317:44)
        at C:\Users\Matt\Lookitry\backend\src\__tests__\properties\checkout-email-registro-pro.property.test.ts:149:30
        at AsyncProperty.predicate (C:\Users\Matt\Lookitry\backend\node_modules\fast-check\lib\cjs\fast-check.js:1272:104)
        at AsyncProperty.run (C:\Users\Matt\Lookitry\backend\node_modules\fast-check\lib\cjs\fast-check.js:1208:30)
        at asyncRunIt (C:\Users\Matt\Lookitry\backend\node_modules\fast-check\lib\cjs\fast-check.js:2503:30)
        at Object.<anonymous> (C:\Users\Matt\Lookitry\backend\src\__tests__\properties\checkout-email-registro-pro.property.test.ts:130:7)

    [0m [90m 345 |[39m       res[33m.[39mjson({ checkoutUrl })[33m;[39m
     [90m 346 |[39m     } [36mcatch[39m (error) {
    [31m[1m>[22m[39m[90m 347 |[39m       console[33m.[39merror([32m'[Wompi] Error en getCheckoutUrl:'[39m[33m,[39m error)[33m;[39m
     [90m     |[39m               [31m[1m^[22m[39m
     [90m 348 |[39m       res[33m.[39mstatus([35m500[39m)[33m.[39mjson({ error[33m:[39m [32m'Error interno'[39m })[33m;[39m
     [90m 349 |[39m     }
     [90m 350 |[39m   }[0m

      at WompiController.getCheckoutUrl (src/controllers/wompi.controller.ts:347:15)
      at src/__tests__/properties/checkout-email-registro-pro.property.test.ts:149:13
      at AsyncProperty.run (node_modules/fast-check/lib/cjs/fast-check.js:1208:19)
      at asyncRunIt (node_modules/fast-check/lib/cjs/fast-check.js:2503:15)
      at Object.<anonymous> (src/__tests__/properties/checkout-email-registro-pro.property.test.ts:130:7)

  console.error
    [Wompi] Error en getCheckoutUrl: TypeError: supabase_1.supabaseAdmin.from(...).select is not a function
        at PricingService.getPricingConfig (C:\Users\Matt\Lookitry\backend\src\services\pricing.service.ts:18:8)
        at PricingService.calculateTotal (C:\Users\Matt\Lookitry\backend\src\services\pricing.service.ts:38:32)
        at WompiController.getCheckoutUrl (C:\Users\Matt\Lookitry\backend\src\controllers\wompi.controller.ts:317:44)
        at C:\Users\Matt\Lookitry\backend\src\__tests__\properties\checkout-email-registro-pro.property.test.ts:149:30
        at AsyncProperty.predicate (C:\Users\Matt\Lookitry\backend\node_modules\fast-check\lib\cjs\fast-check.js:1272:104)
        at AsyncProperty.run (C:\Users\Matt\Lookitry\backend\node_modules\fast-check\lib\cjs\fast-check.js:1208:30)
        at asyncRunIt (C:\Users\Matt\Lookitry\backend\node_modules\fast-check\lib\cjs\fast-check.js:2503:30)
        at Object.<anonymous> (C:\Users\Matt\Lookitry\backend\src\__tests__\properties\checkout-email-registro-pro.property.test.ts:130:7)

    [0m [90m 345 |[39m       res[33m.[39mjson({ checkoutUrl })[33m;[39m
     [90m 346 |[39m     } [36mcatch[39m (error) {
    [31m[1m>[22m[39m[90m 347 |[39m       console[33m.[39merror([32m'[Wompi] Error en getCheckoutUrl:'[39m[33m,[39m error)[33m;[39m
     [90m     |[39m               [31m[1m^[22m[39m
     [90m 348 |[39m       res[33m.[39mstatus([35m500[39m)[33m.[39mjson({ error[33m:[39m [32m'Error interno'[39m })[33m;[39m
     [90m 349 |[39m     }
     [90m 350 |[39m   }[0m

      at WompiController.getCheckoutUrl (src/controllers/wompi.controller.ts:347:15)
      at src/__tests__/properties/checkout-email-registro-pro.property.test.ts:149:13
      at AsyncProperty.run (node_modules/fast-check/lib/cjs/fast-check.js:1208:19)
      at asyncRunIt (node_modules/fast-check/lib/cjs/fast-check.js:2503:15)
      at Object.<anonymous> (src/__tests__/properties/checkout-email-registro-pro.property.test.ts:130:7)

  console.error
    [Wompi] Error en getCheckoutUrl: TypeError: supabase_1.supabaseAdmin.from(...).select is not a function
        at PricingService.getPricingConfig (C:\Users\Matt\Lookitry\backend\src\services\pricing.service.ts:18:8)
        at PricingService.calculateTotal (C:\Users\Matt\Lookitry\backend\src\services\pricing.service.ts:38:32)
        at WompiController.getCheckoutUrl (C:\Users\Matt\Lookitry\backend\src\controllers\wompi.controller.ts:317:44)
        at C:\Users\Matt\Lookitry\backend\src\__tests__\properties\checkout-email-registro-pro.property.test.ts:149:30
        at AsyncProperty.predicate (C:\Users\Matt\Lookitry\backend\node_modules\fast-check\lib\cjs\fast-check.js:1272:104)
        at AsyncProperty.run (C:\Users\Matt\Lookitry\backend\node_modules\fast-check\lib\cjs\fast-check.js:1208:30)
        at asyncRunIt (C:\Users\Matt\Lookitry\backend\node_modules\fast-check\lib\cjs\fast-check.js:2503:30)
        at Object.<anonymous> (C:\Users\Matt\Lookitry\backend\src\__tests__\properties\checkout-email-registro-pro.property.test.ts:130:7)

    [0m [90m 345 |[39m       res[33m.[39mjson({ checkoutUrl })[33m;[39m
     [90m 346 |[39m     } [36mcatch[39m (error) {
    [31m[1m>[22m[39m[90m 347 |[39m       console[33m.[39merror([32m'[Wompi] Error en getCheckoutUrl:'[39m[33m,[39m error)[33m;[39m
     [90m     |[39m               [31m[1m^[22m[39m
     [90m 348 |[39m       res[33m.[39mstatus([35m500[39m)[33m.[39mjson({ error[33m:[39m [32m'Error interno'[39m })[33m;[39m
     [90m 349 |[39m     }
     [90m 350 |[39m   }[0m

      at WompiController.getCheckoutUrl (src/controllers/wompi.controller.ts:347:15)
      at src/__tests__/properties/checkout-email-registro-pro.property.test.ts:149:13
      at AsyncProperty.run (node_modules/fast-check/lib/cjs/fast-check.js:1208:19)
      at asyncRunIt (node_modules/fast-check/lib/cjs/fast-check.js:2503:15)
      at Object.<anonymous> (src/__tests__/properties/checkout-email-registro-pro.property.test.ts:130:7)

  console.error
    [Wompi] Error en getCheckoutUrl: TypeError: supabase_1.supabaseAdmin.from(...).select is not a function
        at PricingService.getPricingConfig (C:\Users\Matt\Lookitry\backend\src\services\pricing.service.ts:18:8)
        at PricingService.calculateTotal (C:\Users\Matt\Lookitry\backend\src\services\pricing.service.ts:38:32)
        at WompiController.getCheckoutUrl (C:\Users\Matt\Lookitry\backend\src\controllers\wompi.controller.ts:317:44)
        at C:\Users\Matt\Lookitry\backend\src\__tests__\properties\checkout-email-registro-pro.property.test.ts:149:30
        at AsyncProperty.predicate (C:\Users\Matt\Lookitry\backend\node_modules\fast-check\lib\cjs\fast-check.js:1272:104)
        at AsyncProperty.run (C:\Users\Matt\Lookitry\backend\node_modules\fast-check\lib\cjs\fast-check.js:1208:30)
        at asyncRunIt (C:\Users\Matt\Lookitry\backend\node_modules\fast-check\lib\cjs\fast-check.js:2503:30)
        at Object.<anonymous> (C:\Users\Matt\Lookitry\backend\src\__tests__\properties\checkout-email-registro-pro.property.test.ts:130:7)

    [0m [90m 345 |[39m       res[33m.[39mjson({ checkoutUrl })[33m;[39m
     [90m 346 |[39m     } [36mcatch[39m (error) {
    [31m[1m>[22m[39m[90m 347 |[39m       console[33m.[39merror([32m'[Wompi] Error en getCheckoutUrl:'[39m[33m,[39m error)[33m;[39m
     [90m     |[39m               [31m[1m^[22m[39m
     [90m 348 |[39m       res[33m.[39mstatus([35m500[39m)[33m.[39mjson({ error[33m:[39m [32m'Error interno'[39m })[33m;[39m
     [90m 349 |[39m     }
     [90m 350 |[39m   }[0m

      at WompiController.getCheckoutUrl (src/controllers/wompi.controller.ts:347:15)
      at src/__tests__/properties/checkout-email-registro-pro.property.test.ts:149:13
      at AsyncProperty.run (node_modules/fast-check/lib/cjs/fast-check.js:1208:19)
      at asyncRunIt (node_modules/fast-check/lib/cjs/fast-check.js:2503:15)
      at Object.<anonymous> (src/__tests__/properties/checkout-email-registro-pro.property.test.ts:130:7)

  console.error
    [Wompi] Error en getCheckoutUrl: TypeError: supabase_1.supabaseAdmin.from(...).select is not a function
        at PricingService.getPricingConfig (C:\Users\Matt\Lookitry\backend\src\services\pricing.service.ts:18:8)
        at PricingService.calculateTotal (C:\Users\Matt\Lookitry\backend\src\services\pricing.service.ts:38:32)
        at WompiController.getCheckoutUrl (C:\Users\Matt\Lookitry\backend\src\controllers\wompi.controller.ts:317:44)
        at C:\Users\Matt\Lookitry\backend\src\__tests__\properties\checkout-email-registro-pro.property.test.ts:149:30
        at AsyncProperty.predicate (C:\Users\Matt\Lookitry\backend\node_modules\fast-check\lib\cjs\fast-check.js:1272:104)
        at AsyncProperty.run (C:\Users\Matt\Lookitry\backend\node_modules\fast-check\lib\cjs\fast-check.js:1208:30)
        at asyncRunIt (C:\Users\Matt\Lookitry\backend\node_modules\fast-check\lib\cjs\fast-check.js:2503:30)
        at Object.<anonymous> (C:\Users\Matt\Lookitry\backend\src\__tests__\properties\checkout-email-registro-pro.property.test.ts:130:7)

    [0m [90m 345 |[39m       res[33m.[39mjson({ checkoutUrl })[33m;[39m
     [90m 346 |[39m     } [36mcatch[39m (error) {
    [31m[1m>[22m[39m[90m 347 |[39m       console[33m.[39merror([32m'[Wompi] Error en getCheckoutUrl:'[39m[33m,[39m error)[33m;[39m
     [90m     |[39m               [31m[1m^[22m[39m
     [90m 348 |[39m       res[33m.[39mstatus([35m500[39m)[33m.[39mjson({ error[33m:[39m [32m'Error interno'[39m })[33m;[39m
     [90m 349 |[39m     }
     [90m 350 |[39m   }[0m

      at WompiController.getCheckoutUrl (src/controllers/wompi.controller.ts:347:15)
      at src/__tests__/properties/checkout-email-registro-pro.property.test.ts:149:13
      at AsyncProperty.run (node_modules/fast-check/lib/cjs/fast-check.js:1208:19)
      at asyncRunIt (node_modules/fast-check/lib/cjs/fast-check.js:2503:15)
      at Object.<anonymous> (src/__tests__/properties/checkout-email-registro-pro.property.test.ts:130:7)

  console.error
    [Wompi] Error en getCheckoutUrl: TypeError: supabase_1.supabaseAdmin.from(...).select is not a function
        at PricingService.getPricingConfig (C:\Users\Matt\Lookitry\backend\src\services\pricing.service.ts:18:8)
        at PricingService.calculateTotal (C:\Users\Matt\Lookitry\backend\src\services\pricing.service.ts:38:32)
        at WompiController.getCheckoutUrl (C:\Users\Matt\Lookitry\backend\src\controllers\wompi.controller.ts:317:44)
        at C:\Users\Matt\Lookitry\backend\src\__tests__\properties\checkout-email-registro-pro.property.test.ts:149:30
        at AsyncProperty.predicate (C:\Users\Matt\Lookitry\backend\node_modules\fast-check\lib\cjs\fast-check.js:1272:104)
        at AsyncProperty.run (C:\Users\Matt\Lookitry\backend\node_modules\fast-check\lib\cjs\fast-check.js:1208:30)
        at asyncRunIt (C:\Users\Matt\Lookitry\backend\node_modules\fast-check\lib\cjs\fast-check.js:2503:30)
        at Object.<anonymous> (C:\Users\Matt\Lookitry\backend\src\__tests__\properties\checkout-email-registro-pro.property.test.ts:130:7)

    [0m [90m 345 |[39m       res[33m.[39mjson({ checkoutUrl })[33m;[39m
     [90m 346 |[39m     } [36mcatch[39m (error) {
    [31m[1m>[22m[39m[90m 347 |[39m       console[33m.[39merror([32m'[Wompi] Error en getCheckoutUrl:'[39m[33m,[39m error)[33m;[39m
     [90m     |[39m               [31m[1m^[22m[39m
     [90m 348 |[39m       res[33m.[39mstatus([35m500[39m)[33m.[39mjson({ error[33m:[39m [32m'Error interno'[39m })[33m;[39m
     [90m 349 |[39m     }
     [90m 350 |[39m   }[0m

      at WompiController.getCheckoutUrl (src/controllers/wompi.controller.ts:347:15)
      at src/__tests__/properties/checkout-email-registro-pro.property.test.ts:149:13
      at AsyncProperty.run (node_modules/fast-check/lib/cjs/fast-check.js:1208:19)
      at asyncRunIt (node_modules/fast-check/lib/cjs/fast-check.js:2503:15)
      at Object.<anonymous> (src/__tests__/properties/checkout-email-registro-pro.property.test.ts:130:7)

  console.error
    [Wompi] Error en getCheckoutUrl: TypeError: supabase_1.supabaseAdmin.from(...).select is not a function
        at PricingService.getPricingConfig (C:\Users\Matt\Lookitry\backend\src\services\pricing.service.ts:18:8)
        at PricingService.calculateTotal (C:\Users\Matt\Lookitry\backend\src\services\pricing.service.ts:38:32)
        at WompiController.getCheckoutUrl (C:\Users\Matt\Lookitry\backend\src\controllers\wompi.controller.ts:317:44)
        at C:\Users\Matt\Lookitry\backend\src\__tests__\properties\checkout-email-registro-pro.property.test.ts:149:30
        at AsyncProperty.predicate (C:\Users\Matt\Lookitry\backend\node_modules\fast-check\lib\cjs\fast-check.js:1272:104)
        at AsyncProperty.run (C:\Users\Matt\Lookitry\backend\node_modules\fast-check\lib\cjs\fast-check.js:1208:30)
        at asyncRunIt (C:\Users\Matt\Lookitry\backend\node_modules\fast-check\lib\cjs\fast-check.js:2503:30)
        at Object.<anonymous> (C:\Users\Matt\Lookitry\backend\src\__tests__\properties\checkout-email-registro-pro.property.test.ts:130:7)

    [0m [90m 345 |[39m       res[33m.[39mjson({ checkoutUrl })[33m;[39m
     [90m 346 |[39m     } [36mcatch[39m (error) {
    [31m[1m>[22m[39m[90m 347 |[39m       console[33m.[39merror([32m'[Wompi] Error en getCheckoutUrl:'[39m[33m,[39m error)[33m;[39m
     [90m     |[39m               [31m[1m^[22m[39m
     [90m 348 |[39m       res[33m.[39mstatus([35m500[39m)[33m.[39mjson({ error[33m:[39m [32m'Error interno'[39m })[33m;[39m
     [90m 349 |[39m     }
     [90m 350 |[39m   }[0m

      at WompiController.getCheckoutUrl (src/controllers/wompi.controller.ts:347:15)
      at src/__tests__/properties/checkout-email-registro-pro.property.test.ts:149:13
      at AsyncProperty.run (node_modules/fast-check/lib/cjs/fast-check.js:1208:19)
      at asyncRunIt (node_modules/fast-check/lib/cjs/fast-check.js:2503:15)
      at Object.<anonymous> (src/__tests__/properties/checkout-email-registro-pro.property.test.ts:130:7)

  console.error
    [Wompi] Error en getCheckoutUrl: TypeError: supabase_1.supabaseAdmin.from(...).select is not a function
        at PricingService.getPricingConfig (C:\Users\Matt\Lookitry\backend\src\services\pricing.service.ts:18:8)
        at PricingService.calculateTotal (C:\Users\Matt\Lookitry\backend\src\services\pricing.service.ts:38:32)
        at WompiController.getCheckoutUrl (C:\Users\Matt\Lookitry\backend\src\controllers\wompi.controller.ts:317:44)
        at C:\Users\Matt\Lookitry\backend\src\__tests__\properties\checkout-email-registro-pro.property.test.ts:149:30
        at AsyncProperty.predicate (C:\Users\Matt\Lookitry\backend\node_modules\fast-check\lib\cjs\fast-check.js:1272:104)
        at AsyncProperty.run (C:\Users\Matt\Lookitry\backend\node_modules\fast-check\lib\cjs\fast-check.js:1208:30)
        at asyncRunIt (C:\Users\Matt\Lookitry\backend\node_modules\fast-check\lib\cjs\fast-check.js:2503:30)
        at Object.<anonymous> (C:\Users\Matt\Lookitry\backend\src\__tests__\properties\checkout-email-registro-pro.property.test.ts:130:7)

    [0m [90m 345 |[39m       res[33m.[39mjson({ checkoutUrl })[33m;[39m
     [90m 346 |[39m     } [36mcatch[39m (error) {
    [31m[1m>[22m[39m[90m 347 |[39m       console[33m.[39merror([32m'[Wompi] Error en getCheckoutUrl:'[39m[33m,[39m error)[33m;[39m
     [90m     |[39m               [31m[1m^[22m[39m
     [90m 348 |[39m       res[33m.[39mstatus([35m500[39m)[33m.[39mjson({ error[33m:[39m [32m'Error interno'[39m })[33m;[39m
     [90m 349 |[39m     }
     [90m 350 |[39m   }[0m

      at WompiController.getCheckoutUrl (src/controllers/wompi.controller.ts:347:15)
      at src/__tests__/properties/checkout-email-registro-pro.property.test.ts:149:13
      at AsyncProperty.run (node_modules/fast-check/lib/cjs/fast-check.js:1208:19)
      at asyncRunIt (node_modules/fast-check/lib/cjs/fast-check.js:2503:15)
      at Object.<anonymous> (src/__tests__/properties/checkout-email-registro-pro.property.test.ts:130:7)

  console.error
    [Wompi] Error en getCheckoutUrl: TypeError: supabase_1.supabaseAdmin.from(...).select is not a function
        at PricingService.getPricingConfig (C:\Users\Matt\Lookitry\backend\src\services\pricing.service.ts:18:8)
        at PricingService.calculateTotal (C:\Users\Matt\Lookitry\backend\src\services\pricing.service.ts:38:32)
        at WompiController.getCheckoutUrl (C:\Users\Matt\Lookitry\backend\src\controllers\wompi.controller.ts:317:44)
        at C:\Users\Matt\Lookitry\backend\src\__tests__\properties\checkout-email-registro-pro.property.test.ts:149:30
        at AsyncProperty.predicate (C:\Users\Matt\Lookitry\backend\node_modules\fast-check\lib\cjs\fast-check.js:1272:104)
        at AsyncProperty.run (C:\Users\Matt\Lookitry\backend\node_modules\fast-check\lib\cjs\fast-check.js:1208:30)
        at asyncRunIt (C:\Users\Matt\Lookitry\backend\node_modules\fast-check\lib\cjs\fast-check.js:2503:30)
        at Object.<anonymous> (C:\Users\Matt\Lookitry\backend\src\__tests__\properties\checkout-email-registro-pro.property.test.ts:130:7)

    [0m [90m 345 |[39m       res[33m.[39mjson({ checkoutUrl })[33m;[39m
     [90m 346 |[39m     } [36mcatch[39m (error) {
    [31m[1m>[22m[39m[90m 347 |[39m       console[33m.[39merror([32m'[Wompi] Error en getCheckoutUrl:'[39m[33m,[39m error)[33m;[39m
     [90m     |[39m               [31m[1m^[22m[39m
     [90m 348 |[39m       res[33m.[39mstatus([35m500[39m)[33m.[39mjson({ error[33m:[39m [32m'Error interno'[39m })[33m;[39m
     [90m 349 |[39m     }
     [90m 350 |[39m   }[0m

      at WompiController.getCheckoutUrl (src/controllers/wompi.controller.ts:347:15)
      at src/__tests__/properties/checkout-email-registro-pro.property.test.ts:149:13
      at AsyncProperty.run (node_modules/fast-check/lib/cjs/fast-check.js:1208:19)
      at asyncRunIt (node_modules/fast-check/lib/cjs/fast-check.js:2503:15)
      at Object.<anonymous> (src/__tests__/properties/checkout-email-registro-pro.property.test.ts:130:7)

  console.error
    [Wompi] Error en getCheckoutUrl: TypeError: supabase_1.supabaseAdmin.from(...).select is not a function
        at PricingService.getPricingConfig (C:\Users\Matt\Lookitry\backend\src\services\pricing.service.ts:18:8)
        at PricingService.calculateTotal (C:\Users\Matt\Lookitry\backend\src\services\pricing.service.ts:38:32)
        at WompiController.getCheckoutUrl (C:\Users\Matt\Lookitry\backend\src\controllers\wompi.controller.ts:317:44)
        at C:\Users\Matt\Lookitry\backend\src\__tests__\properties\checkout-email-registro-pro.property.test.ts:149:30
        at AsyncProperty.predicate (C:\Users\Matt\Lookitry\backend\node_modules\fast-check\lib\cjs\fast-check.js:1272:104)
        at AsyncProperty.run (C:\Users\Matt\Lookitry\backend\node_modules\fast-check\lib\cjs\fast-check.js:1208:30)
        at asyncRunIt (C:\Users\Matt\Lookitry\backend\node_modules\fast-check\lib\cjs\fast-check.js:2503:30)
        at Object.<anonymous> (C:\Users\Matt\Lookitry\backend\src\__tests__\properties\checkout-email-registro-pro.property.test.ts:130:7)

    [0m [90m 345 |[39m       res[33m.[39mjson({ checkoutUrl })[33m;[39m
     [90m 346 |[39m     } [36mcatch[39m (error) {
    [31m[1m>[22m[39m[90m 347 |[39m       console[33m.[39merror([32m'[Wompi] Error en getCheckoutUrl:'[39m[33m,[39m error)[33m;[39m
     [90m     |[39m               [31m[1m^[22m[39m
     [90m 348 |[39m       res[33m.[39mstatus([35m500[39m)[33m.[39mjson({ error[33m:[39m [32m'Error interno'[39m })[33m;[39m
     [90m 349 |[39m     }
     [90m 350 |[39m   }[0m

      at WompiController.getCheckoutUrl (src/controllers/wompi.controller.ts:347:15)
      at src/__tests__/properties/checkout-email-registro-pro.property.test.ts:149:13
      at AsyncProperty.run (node_modules/fast-check/lib/cjs/fast-check.js:1208:19)
      at asyncRunIt (node_modules/fast-check/lib/cjs/fast-check.js:2503:15)
      at Object.<anonymous> (src/__tests__/properties/checkout-email-registro-pro.property.test.ts:130:7)

  console.error
    [Wompi] Error en getCheckoutUrl: TypeError: supabase_1.supabaseAdmin.from(...).select is not a function
        at PricingService.getPricingConfig (C:\Users\Matt\Lookitry\backend\src\services\pricing.service.ts:18:8)
        at PricingService.calculateTotal (C:\Users\Matt\Lookitry\backend\src\services\pricing.service.ts:38:32)
        at WompiController.getCheckoutUrl (C:\Users\Matt\Lookitry\backend\src\controllers\wompi.controller.ts:317:44)
        at C:\Users\Matt\Lookitry\backend\src\__tests__\properties\checkout-email-registro-pro.property.test.ts:149:30
        at AsyncProperty.predicate (C:\Users\Matt\Lookitry\backend\node_modules\fast-check\lib\cjs\fast-check.js:1272:104)
        at AsyncProperty.run (C:\Users\Matt\Lookitry\backend\node_modules\fast-check\lib\cjs\fast-check.js:1208:30)
        at asyncRunIt (C:\Users\Matt\Lookitry\backend\node_modules\fast-check\lib\cjs\fast-check.js:2503:30)
        at Object.<anonymous> (C:\Users\Matt\Lookitry\backend\src\__tests__\properties\checkout-email-registro-pro.property.test.ts:130:7)

    [0m [90m 345 |[39m       res[33m.[39mjson({ checkoutUrl })[33m;[39m
     [90m 346 |[39m     } [36mcatch[39m (error) {
    [31m[1m>[22m[39m[90m 347 |[39m       console[33m.[39merror([32m'[Wompi] Error en getCheckoutUrl:'[39m[33m,[39m error)[33m;[39m
     [90m     |[39m               [31m[1m^[22m[39m
     [90m 348 |[39m       res[33m.[39mstatus([35m500[39m)[33m.[39mjson({ error[33m:[39m [32m'Error interno'[39m })[33m;[39m
     [90m 349 |[39m     }
     [90m 350 |[39m   }[0m

      at WompiController.getCheckoutUrl (src/controllers/wompi.controller.ts:347:15)
      at src/__tests__/properties/checkout-email-registro-pro.property.test.ts:149:13
      at AsyncProperty.run (node_modules/fast-check/lib/cjs/fast-check.js:1208:19)
      at asyncRunIt (node_modules/fast-check/lib/cjs/fast-check.js:2503:15)
      at Object.<anonymous> (src/__tests__/properties/checkout-email-registro-pro.property.test.ts:130:7)

  console.error
    [Wompi] Error en getCheckoutUrl: TypeError: supabase_1.supabaseAdmin.from(...).select is not a function
        at PricingService.getPricingConfig (C:\Users\Matt\Lookitry\backend\src\services\pricing.service.ts:18:8)
        at PricingService.calculateTotal (C:\Users\Matt\Lookitry\backend\src\services\pricing.service.ts:38:32)
        at WompiController.getCheckoutUrl (C:\Users\Matt\Lookitry\backend\src\controllers\wompi.controller.ts:317:44)
        at C:\Users\Matt\Lookitry\backend\src\__tests__\properties\checkout-email-registro-pro.property.test.ts:149:30
        at AsyncProperty.predicate (C:\Users\Matt\Lookitry\backend\node_modules\fast-check\lib\cjs\fast-check.js:1272:104)
        at AsyncProperty.run (C:\Users\Matt\Lookitry\backend\node_modules\fast-check\lib\cjs\fast-check.js:1208:30)
        at asyncRunIt (C:\Users\Matt\Lookitry\backend\node_modules\fast-check\lib\cjs\fast-check.js:2503:30)
        at Object.<anonymous> (C:\Users\Matt\Lookitry\backend\src\__tests__\properties\checkout-email-registro-pro.property.test.ts:130:7)

    [0m [90m 345 |[39m       res[33m.[39mjson({ checkoutUrl })[33m;[39m
     [90m 346 |[39m     } [36mcatch[39m (error) {
    [31m[1m>[22m[39m[90m 347 |[39m       console[33m.[39merror([32m'[Wompi] Error en getCheckoutUrl:'[39m[33m,[39m error)[33m;[39m
     [90m     |[39m               [31m[1m^[22m[39m
     [90m 348 |[39m       res[33m.[39mstatus([35m500[39m)[33m.[39mjson({ error[33m:[39m [32m'Error interno'[39m })[33m;[39m
     [90m 349 |[39m     }
     [90m 350 |[39m   }[0m

      at WompiController.getCheckoutUrl (src/controllers/wompi.controller.ts:347:15)
      at src/__tests__/properties/checkout-email-registro-pro.property.test.ts:149:13
      at AsyncProperty.run (node_modules/fast-check/lib/cjs/fast-check.js:1208:19)
      at asyncRunIt (node_modules/fast-check/lib/cjs/fast-check.js:2503:15)
      at Object.<anonymous> (src/__tests__/properties/checkout-email-registro-pro.property.test.ts:130:7)

  console.error
    [Wompi] Error en getCheckoutUrl: TypeError: supabase_1.supabaseAdmin.from(...).select is not a function
        at PricingService.getPricingConfig (C:\Users\Matt\Lookitry\backend\src\services\pricing.service.ts:18:8)
        at PricingService.calculateTotal (C:\Users\Matt\Lookitry\backend\src\services\pricing.service.ts:38:32)
        at WompiController.getCheckoutUrl (C:\Users\Matt\Lookitry\backend\src\controllers\wompi.controller.ts:317:44)
        at C:\Users\Matt\Lookitry\backend\src\__tests__\properties\checkout-email-registro-pro.property.test.ts:149:30
        at AsyncProperty.predicate (C:\Users\Matt\Lookitry\backend\node_modules\fast-check\lib\cjs\fast-check.js:1272:104)
        at AsyncProperty.run (C:\Users\Matt\Lookitry\backend\node_modules\fast-check\lib\cjs\fast-check.js:1208:30)
        at asyncRunIt (C:\Users\Matt\Lookitry\backend\node_modules\fast-check\lib\cjs\fast-check.js:2503:30)
        at Object.<anonymous> (C:\Users\Matt\Lookitry\backend\src\__tests__\properties\checkout-email-registro-pro.property.test.ts:130:7)

    [0m [90m 345 |[39m       res[33m.[39mjson({ checkoutUrl })[33m;[39m
     [90m 346 |[39m     } [36mcatch[39m (error) {
    [31m[1m>[22m[39m[90m 347 |[39m       console[33m.[39merror([32m'[Wompi] Error en getCheckoutUrl:'[39m[33m,[39m error)[33m;[39m
     [90m     |[39m               [31m[1m^[22m[39m
     [90m 348 |[39m       res[33m.[39mstatus([35m500[39m)[33m.[39mjson({ error[33m:[39m [32m'Error interno'[39m })[33m;[39m
     [90m 349 |[39m     }
     [90m 350 |[39m   }[0m

      at WompiController.getCheckoutUrl (src/controllers/wompi.controller.ts:347:15)
      at src/__tests__/properties/checkout-email-registro-pro.property.test.ts:149:13
      at AsyncProperty.run (node_modules/fast-check/lib/cjs/fast-check.js:1208:19)
      at asyncRunIt (node_modules/fast-check/lib/cjs/fast-check.js:2503:15)
      at Object.<anonymous> (src/__tests__/properties/checkout-email-registro-pro.property.test.ts:130:7)

  console.error
    [Wompi] Error en getCheckoutUrl: TypeError: supabase_1.supabaseAdmin.from(...).select is not a function
        at PricingService.getPricingConfig (C:\Users\Matt\Lookitry\backend\src\services\pricing.service.ts:18:8)
        at PricingService.calculateTotal (C:\Users\Matt\Lookitry\backend\src\services\pricing.service.ts:38:32)
        at WompiController.getCheckoutUrl (C:\Users\Matt\Lookitry\backend\src\controllers\wompi.controller.ts:317:44)
        at C:\Users\Matt\Lookitry\backend\src\__tests__\properties\checkout-email-registro-pro.property.test.ts:149:30
        at AsyncProperty.predicate (C:\Users\Matt\Lookitry\backend\node_modules\fast-check\lib\cjs\fast-check.js:1272:104)
        at AsyncProperty.run (C:\Users\Matt\Lookitry\backend\node_modules\fast-check\lib\cjs\fast-check.js:1208:30)
        at asyncRunIt (C:\Users\Matt\Lookitry\backend\node_modules\fast-check\lib\cjs\fast-check.js:2503:30)
        at Object.<anonymous> (C:\Users\Matt\Lookitry\backend\src\__tests__\properties\checkout-email-registro-pro.property.test.ts:130:7)

    [0m [90m 345 |[39m       res[33m.[39mjson({ checkoutUrl })[33m;[39m
     [90m 346 |[39m     } [36mcatch[39m (error) {
    [31m[1m>[22m[39m[90m 347 |[39m       console[33m.[39merror([32m'[Wompi] Error en getCheckoutUrl:'[39m[33m,[39m error)[33m;[39m
     [90m     |[39m               [31m[1m^[22m[39m
     [90m 348 |[39m       res[33m.[39mstatus([35m500[39m)[33m.[39mjson({ error[33m:[39m [32m'Error interno'[39m })[33m;[39m
     [90m 349 |[39m     }
     [90m 350 |[39m   }[0m

      at WompiController.getCheckoutUrl (src/controllers/wompi.controller.ts:347:15)
      at src/__tests__/properties/checkout-email-registro-pro.property.test.ts:149:13
      at AsyncProperty.run (node_modules/fast-check/lib/cjs/fast-check.js:1208:19)
      at asyncRunIt (node_modules/fast-check/lib/cjs/fast-check.js:2503:15)
      at Object.<anonymous> (src/__tests__/properties/checkout-email-registro-pro.property.test.ts:130:7)

  console.error
    [Wompi] Error en getCheckoutUrl: TypeError: supabase_1.supabaseAdmin.from(...).select is not a function
        at PricingService.getPricingConfig (C:\Users\Matt\Lookitry\backend\src\services\pricing.service.ts:18:8)
        at PricingService.calculateTotal (C:\Users\Matt\Lookitry\backend\src\services\pricing.service.ts:38:32)
        at WompiController.getCheckoutUrl (C:\Users\Matt\Lookitry\backend\src\controllers\wompi.controller.ts:317:44)
        at C:\Users\Matt\Lookitry\backend\src\__tests__\properties\checkout-email-registro-pro.property.test.ts:149:30
        at AsyncProperty.predicate (C:\Users\Matt\Lookitry\backend\node_modules\fast-check\lib\cjs\fast-check.js:1272:104)
        at AsyncProperty.run (C:\Users\Matt\Lookitry\backend\node_modules\fast-check\lib\cjs\fast-check.js:1208:30)
        at asyncRunIt (C:\Users\Matt\Lookitry\backend\node_modules\fast-check\lib\cjs\fast-check.js:2503:30)
        at Object.<anonymous> (C:\Users\Matt\Lookitry\backend\src\__tests__\properties\checkout-email-registro-pro.property.test.ts:130:7)

    [0m [90m 345 |[39m       res[33m.[39mjson({ checkoutUrl })[33m;[39m
     [90m 346 |[39m     } [36mcatch[39m (error) {
    [31m[1m>[22m[39m[90m 347 |[39m       console[33m.[39merror([32m'[Wompi] Error en getCheckoutUrl:'[39m[33m,[39m error)[33m;[39m
     [90m     |[39m               [31m[1m^[22m[39m
     [90m 348 |[39m       res[33m.[39mstatus([35m500[39m)[33m.[39mjson({ error[33m:[39m [32m'Error interno'[39m })[33m;[39m
     [90m 349 |[39m     }
     [90m 350 |[39m   }[0m

      at WompiController.getCheckoutUrl (src/controllers/wompi.controller.ts:347:15)
      at src/__tests__/properties/checkout-email-registro-pro.property.test.ts:149:13
      at AsyncProperty.run (node_modules/fast-check/lib/cjs/fast-check.js:1208:19)
      at asyncRunIt (node_modules/fast-check/lib/cjs/fast-check.js:2503:15)
      at Object.<anonymous> (src/__tests__/properties/checkout-email-registro-pro.property.test.ts:130:7)

  console.error
    [Wompi] Error en getCheckoutUrl: TypeError: supabase_1.supabaseAdmin.from(...).select is not a function
        at PricingService.getPricingConfig (C:\Users\Matt\Lookitry\backend\src\services\pricing.service.ts:18:8)
        at PricingService.calculateTotal (C:\Users\Matt\Lookitry\backend\src\services\pricing.service.ts:38:32)
        at WompiController.getCheckoutUrl (C:\Users\Matt\Lookitry\backend\src\controllers\wompi.controller.ts:317:44)
        at C:\Users\Matt\Lookitry\backend\src\__tests__\properties\checkout-email-registro-pro.property.test.ts:149:30
        at AsyncProperty.predicate (C:\Users\Matt\Lookitry\backend\node_modules\fast-check\lib\cjs\fast-check.js:1272:104)
        at AsyncProperty.run (C:\Users\Matt\Lookitry\backend\node_modules\fast-check\lib\cjs\fast-check.js:1208:30)
        at asyncRunIt (C:\Users\Matt\Lookitry\backend\node_modules\fast-check\lib\cjs\fast-check.js:2503:30)
        at Object.<anonymous> (C:\Users\Matt\Lookitry\backend\src\__tests__\properties\checkout-email-registro-pro.property.test.ts:130:7)

    [0m [90m 345 |[39m       res[33m.[39mjson({ checkoutUrl })[33m;[39m
     [90m 346 |[39m     } [36mcatch[39m (error) {
    [31m[1m>[22m[39m[90m 347 |[39m       console[33m.[39merror([32m'[Wompi] Error en getCheckoutUrl:'[39m[33m,[39m error)[33m;[39m
     [90m     |[39m               [31m[1m^[22m[39m
     [90m 348 |[39m       res[33m.[39mstatus([35m500[39m)[33m.[39mjson({ error[33m:[39m [32m'Error interno'[39m })[33m;[39m
     [90m 349 |[39m     }
     [90m 350 |[39m   }[0m

      at WompiController.getCheckoutUrl (src/controllers/wompi.controller.ts:347:15)
      at src/__tests__/properties/checkout-email-registro-pro.property.test.ts:149:13
      at AsyncProperty.run (node_modules/fast-check/lib/cjs/fast-check.js:1208:19)
      at asyncRunIt (node_modules/fast-check/lib/cjs/fast-check.js:2503:15)
      at Object.<anonymous> (src/__tests__/properties/checkout-email-registro-pro.property.test.ts:130:7)

  console.error
    [Wompi] Error en getCheckoutUrl: TypeError: supabase_1.supabaseAdmin.from(...).select is not a function
        at PricingService.getPricingConfig (C:\Users\Matt\Lookitry\backend\src\services\pricing.service.ts:18:8)
        at PricingService.calculateTotal (C:\Users\Matt\Lookitry\backend\src\services\pricing.service.ts:38:32)
        at WompiController.getCheckoutUrl (C:\Users\Matt\Lookitry\backend\src\controllers\wompi.controller.ts:317:44)
        at C:\Users\Matt\Lookitry\backend\src\__tests__\properties\checkout-email-registro-pro.property.test.ts:149:30
        at AsyncProperty.predicate (C:\Users\Matt\Lookitry\backend\node_modules\fast-check\lib\cjs\fast-check.js:1272:104)
        at AsyncProperty.run (C:\Users\Matt\Lookitry\backend\node_modules\fast-check\lib\cjs\fast-check.js:1208:30)
        at asyncRunIt (C:\Users\Matt\Lookitry\backend\node_modules\fast-check\lib\cjs\fast-check.js:2503:30)
        at Object.<anonymous> (C:\Users\Matt\Lookitry\backend\src\__tests__\properties\checkout-email-registro-pro.property.test.ts:130:7)

    [0m [90m 345 |[39m       res[33m.[39mjson({ checkoutUrl })[33m;[39m
     [90m 346 |[39m     } [36mcatch[39m (error) {
    [31m[1m>[22m[39m[90m 347 |[39m       console[33m.[39merror([32m'[Wompi] Error en getCheckoutUrl:'[39m[33m,[39m error)[33m;[39m
     [90m     |[39m               [31m[1m^[22m[39m
     [90m 348 |[39m       res[33m.[39mstatus([35m500[39m)[33m.[39mjson({ error[33m:[39m [32m'Error interno'[39m })[33m;[39m
     [90m 349 |[39m     }
     [90m 350 |[39m   }[0m

      at WompiController.getCheckoutUrl (src/controllers/wompi.controller.ts:347:15)
      at src/__tests__/properties/checkout-email-registro-pro.property.test.ts:149:13
      at AsyncProperty.run (node_modules/fast-check/lib/cjs/fast-check.js:1208:19)
      at asyncRunIt (node_modules/fast-check/lib/cjs/fast-check.js:2503:15)
      at Object.<anonymous> (src/__tests__/properties/checkout-email-registro-pro.property.test.ts:130:7)

  console.error
    [Wompi] Error en getCheckoutUrl: TypeError: supabase_1.supabaseAdmin.from(...).select is not a function
        at PricingService.getPricingConfig (C:\Users\Matt\Lookitry\backend\src\services\pricing.service.ts:18:8)
        at PricingService.calculateTotal (C:\Users\Matt\Lookitry\backend\src\services\pricing.service.ts:38:32)
        at WompiController.getCheckoutUrl (C:\Users\Matt\Lookitry\backend\src\controllers\wompi.controller.ts:317:44)
        at C:\Users\Matt\Lookitry\backend\src\__tests__\properties\checkout-email-registro-pro.property.test.ts:149:30
        at AsyncProperty.predicate (C:\Users\Matt\Lookitry\backend\node_modules\fast-check\lib\cjs\fast-check.js:1272:104)
        at AsyncProperty.run (C:\Users\Matt\Lookitry\backend\node_modules\fast-check\lib\cjs\fast-check.js:1208:30)
        at asyncRunIt (C:\Users\Matt\Lookitry\backend\node_modules\fast-check\lib\cjs\fast-check.js:2503:30)
        at Object.<anonymous> (C:\Users\Matt\Lookitry\backend\src\__tests__\properties\checkout-email-registro-pro.property.test.ts:130:7)

    [0m [90m 345 |[39m       res[33m.[39mjson({ checkoutUrl })[33m;[39m
     [90m 346 |[39m     } [36mcatch[39m (error) {
    [31m[1m>[22m[39m[90m 347 |[39m       console[33m.[39merror([32m'[Wompi] Error en getCheckoutUrl:'[39m[33m,[39m error)[33m;[39m
     [90m     |[39m               [31m[1m^[22m[39m
     [90m 348 |[39m       res[33m.[39mstatus([35m500[39m)[33m.[39mjson({ error[33m:[39m [32m'Error interno'[39m })[33m;[39m
     [90m 349 |[39m     }
     [90m 350 |[39m   }[0m

      at WompiController.getCheckoutUrl (src/controllers/wompi.controller.ts:347:15)
      at src/__tests__/properties/checkout-email-registro-pro.property.test.ts:149:13
      at AsyncProperty.run (node_modules/fast-check/lib/cjs/fast-check.js:1208:19)
      at asyncRunIt (node_modules/fast-check/lib/cjs/fast-check.js:2503:15)
      at Object.<anonymous> (src/__tests__/properties/checkout-email-registro-pro.property.test.ts:130:7)

  console.error
    [Wompi] Error en getCheckoutUrl: TypeError: supabase_1.supabaseAdmin.from(...).select is not a function
        at PricingService.getPricingConfig (C:\Users\Matt\Lookitry\backend\src\services\pricing.service.ts:18:8)
        at PricingService.calculateTotal (C:\Users\Matt\Lookitry\backend\src\services\pricing.service.ts:38:32)
        at WompiController.getCheckoutUrl (C:\Users\Matt\Lookitry\backend\src\controllers\wompi.controller.ts:317:44)
        at C:\Users\Matt\Lookitry\backend\src\__tests__\properties\checkout-email-registro-pro.property.test.ts:149:30
        at AsyncProperty.predicate (C:\Users\Matt\Lookitry\backend\node_modules\fast-check\lib\cjs\fast-check.js:1272:104)
        at AsyncProperty.run (C:\Users\Matt\Lookitry\backend\node_modules\fast-check\lib\cjs\fast-check.js:1208:30)
        at asyncRunIt (C:\Users\Matt\Lookitry\backend\node_modules\fast-check\lib\cjs\fast-check.js:2503:30)
        at Object.<anonymous> (C:\Users\Matt\Lookitry\backend\src\__tests__\properties\checkout-email-registro-pro.property.test.ts:130:7)

    [0m [90m 345 |[39m       res[33m.[39mjson({ checkoutUrl })[33m;[39m
     [90m 346 |[39m     } [36mcatch[39m (error) {
    [31m[1m>[22m[39m[90m 347 |[39m       console[33m.[39merror([32m'[Wompi] Error en getCheckoutUrl:'[39m[33m,[39m error)[33m;[39m
     [90m     |[39m               [31m[1m^[22m[39m
     [90m 348 |[39m       res[33m.[39mstatus([35m500[39m)[33m.[39mjson({ error[33m:[39m [32m'Error interno'[39m })[33m;[39m
     [90m 349 |[39m     }
     [90m 350 |[39m   }[0m

      at WompiController.getCheckoutUrl (src/controllers/wompi.controller.ts:347:15)
      at src/__tests__/properties/checkout-email-registro-pro.property.test.ts:149:13
      at AsyncProperty.run (node_modules/fast-check/lib/cjs/fast-check.js:1208:19)
      at asyncRunIt (node_modules/fast-check/lib/cjs/fast-check.js:2503:15)
      at Object.<anonymous> (src/__tests__/properties/checkout-email-registro-pro.property.test.ts:130:7)

  console.error
    [Wompi] Error en getCheckoutUrl: TypeError: supabase_1.supabaseAdmin.from(...).select is not a function
        at PricingService.getPricingConfig (C:\Users\Matt\Lookitry\backend\src\services\pricing.service.ts:18:8)
        at PricingService.calculateTotal (C:\Users\Matt\Lookitry\backend\src\services\pricing.service.ts:38:32)
        at WompiController.getCheckoutUrl (C:\Users\Matt\Lookitry\backend\src\controllers\wompi.controller.ts:317:44)
        at C:\Users\Matt\Lookitry\backend\src\__tests__\properties\checkout-email-registro-pro.property.test.ts:149:30
        at AsyncProperty.predicate (C:\Users\Matt\Lookitry\backend\node_modules\fast-check\lib\cjs\fast-check.js:1272:104)
        at AsyncProperty.run (C:\Users\Matt\Lookitry\backend\node_modules\fast-check\lib\cjs\fast-check.js:1208:30)
        at asyncRunIt (C:\Users\Matt\Lookitry\backend\node_modules\fast-check\lib\cjs\fast-check.js:2503:30)
        at Object.<anonymous> (C:\Users\Matt\Lookitry\backend\src\__tests__\properties\checkout-email-registro-pro.property.test.ts:130:7)

    [0m [90m 345 |[39m       res[33m.[39mjson({ checkoutUrl })[33m;[39m
     [90m 346 |[39m     } [36mcatch[39m (error) {
    [31m[1m>[22m[39m[90m 347 |[39m       console[33m.[39merror([32m'[Wompi] Error en getCheckoutUrl:'[39m[33m,[39m error)[33m;[39m
     [90m     |[39m               [31m[1m^[22m[39m
     [90m 348 |[39m       res[33m.[39mstatus([35m500[39m)[33m.[39mjson({ error[33m:[39m [32m'Error interno'[39m })[33m;[39m
     [90m 349 |[39m     }
     [90m 350 |[39m   }[0m

      at WompiController.getCheckoutUrl (src/controllers/wompi.controller.ts:347:15)
      at src/__tests__/properties/checkout-email-registro-pro.property.test.ts:149:13
      at AsyncProperty.run (node_modules/fast-check/lib/cjs/fast-check.js:1208:19)
      at asyncRunIt (node_modules/fast-check/lib/cjs/fast-check.js:2503:15)
      at Object.<anonymous> (src/__tests__/properties/checkout-email-registro-pro.property.test.ts:130:7)

  console.error
    [Wompi] Error en getCheckoutUrl: TypeError: supabase_1.supabaseAdmin.from(...).select is not a function
        at PricingService.getPricingConfig (C:\Users\Matt\Lookitry\backend\src\services\pricing.service.ts:18:8)
        at PricingService.calculateTotal (C:\Users\Matt\Lookitry\backend\src\services\pricing.service.ts:38:32)
        at WompiController.getCheckoutUrl (C:\Users\Matt\Lookitry\backend\src\controllers\wompi.controller.ts:317:44)
        at C:\Users\Matt\Lookitry\backend\src\__tests__\properties\checkout-email-registro-pro.property.test.ts:149:30
        at AsyncProperty.predicate (C:\Users\Matt\Lookitry\backend\node_modules\fast-check\lib\cjs\fast-check.js:1272:104)
        at AsyncProperty.run (C:\Users\Matt\Lookitry\backend\node_modules\fast-check\lib\cjs\fast-check.js:1208:30)
        at asyncRunIt (C:\Users\Matt\Lookitry\backend\node_modules\fast-check\lib\cjs\fast-check.js:2503:30)
        at Object.<anonymous> (C:\Users\Matt\Lookitry\backend\src\__tests__\properties\checkout-email-registro-pro.property.test.ts:130:7)

    [0m [90m 345 |[39m       res[33m.[39mjson({ checkoutUrl })[33m;[39m
     [90m 346 |[39m     } [36mcatch[39m (error) {
    [31m[1m>[22m[39m[90m 347 |[39m       console[33m.[39merror([32m'[Wompi] Error en getCheckoutUrl:'[39m[33m,[39m error)[33m;[39m
     [90m     |[39m               [31m[1m^[22m[39m
     [90m 348 |[39m       res[33m.[39mstatus([35m500[39m)[33m.[39mjson({ error[33m:[39m [32m'Error interno'[39m })[33m;[39m
     [90m 349 |[39m     }
     [90m 350 |[39m   }[0m

      at WompiController.getCheckoutUrl (src/controllers/wompi.controller.ts:347:15)
      at src/__tests__/properties/checkout-email-registro-pro.property.test.ts:149:13
      at AsyncProperty.run (node_modules/fast-check/lib/cjs/fast-check.js:1208:19)
      at asyncRunIt (node_modules/fast-check/lib/cjs/fast-check.js:2503:15)
      at Object.<anonymous> (src/__tests__/properties/checkout-email-registro-pro.property.test.ts:130:7)

  console.error
    [Wompi] Error en getCheckoutUrl: TypeError: supabase_1.supabaseAdmin.from(...).select is not a function
        at PricingService.getPricingConfig (C:\Users\Matt\Lookitry\backend\src\services\pricing.service.ts:18:8)
        at PricingService.calculateTotal (C:\Users\Matt\Lookitry\backend\src\services\pricing.service.ts:38:32)
        at WompiController.getCheckoutUrl (C:\Users\Matt\Lookitry\backend\src\controllers\wompi.controller.ts:317:44)
        at C:\Users\Matt\Lookitry\backend\src\__tests__\properties\checkout-email-registro-pro.property.test.ts:149:30
        at AsyncProperty.predicate (C:\Users\Matt\Lookitry\backend\node_modules\fast-check\lib\cjs\fast-check.js:1272:104)
        at AsyncProperty.run (C:\Users\Matt\Lookitry\backend\node_modules\fast-check\lib\cjs\fast-check.js:1208:30)
        at asyncRunIt (C:\Users\Matt\Lookitry\backend\node_modules\fast-check\lib\cjs\fast-check.js:2503:30)
        at Object.<anonymous> (C:\Users\Matt\Lookitry\backend\src\__tests__\properties\checkout-email-registro-pro.property.test.ts:130:7)

    [0m [90m 345 |[39m       res[33m.[39mjson({ checkoutUrl })[33m;[39m
     [90m 346 |[39m     } [36mcatch[39m (error) {
    [31m[1m>[22m[39m[90m 347 |[39m       console[33m.[39merror([32m'[Wompi] Error en getCheckoutUrl:'[39m[33m,[39m error)[33m;[39m
     [90m     |[39m               [31m[1m^[22m[39m
     [90m 348 |[39m       res[33m.[39mstatus([35m500[39m)[33m.[39mjson({ error[33m:[39m [32m'Error interno'[39m })[33m;[39m
     [90m 349 |[39m     }
     [90m 350 |[39m   }[0m

      at WompiController.getCheckoutUrl (src/controllers/wompi.controller.ts:347:15)
      at src/__tests__/properties/checkout-email-registro-pro.property.test.ts:149:13
      at AsyncProperty.run (node_modules/fast-check/lib/cjs/fast-check.js:1208:19)
      at asyncRunIt (node_modules/fast-check/lib/cjs/fast-check.js:2503:15)
      at Object.<anonymous> (src/__tests__/properties/checkout-email-registro-pro.property.test.ts:130:7)

  console.error
    [Wompi] Error en getCheckoutUrl: TypeError: supabase_1.supabaseAdmin.from(...).select is not a function
        at PricingService.getPricingConfig (C:\Users\Matt\Lookitry\backend\src\services\pricing.service.ts:18:8)
        at PricingService.calculateTotal (C:\Users\Matt\Lookitry\backend\src\services\pricing.service.ts:38:32)
        at WompiController.getCheckoutUrl (C:\Users\Matt\Lookitry\backend\src\controllers\wompi.controller.ts:317:44)
        at C:\Users\Matt\Lookitry\backend\src\__tests__\properties\checkout-email-registro-pro.property.test.ts:149:30
        at AsyncProperty.predicate (C:\Users\Matt\Lookitry\backend\node_modules\fast-check\lib\cjs\fast-check.js:1272:104)
        at AsyncProperty.run (C:\Users\Matt\Lookitry\backend\node_modules\fast-check\lib\cjs\fast-check.js:1208:30)
        at asyncRunIt (C:\Users\Matt\Lookitry\backend\node_modules\fast-check\lib\cjs\fast-check.js:2503:30)
        at Object.<anonymous> (C:\Users\Matt\Lookitry\backend\src\__tests__\properties\checkout-email-registro-pro.property.test.ts:130:7)

    [0m [90m 345 |[39m       res[33m.[39mjson({ checkoutUrl })[33m;[39m
     [90m 346 |[39m     } [36mcatch[39m (error) {
    [31m[1m>[22m[39m[90m 347 |[39m       console[33m.[39merror([32m'[Wompi] Error en getCheckoutUrl:'[39m[33m,[39m error)[33m;[39m
     [90m     |[39m               [31m[1m^[22m[39m
     [90m 348 |[39m       res[33m.[39mstatus([35m500[39m)[33m.[39mjson({ error[33m:[39m [32m'Error interno'[39m })[33m;[39m
     [90m 349 |[39m     }
     [90m 350 |[39m   }[0m

      at WompiController.getCheckoutUrl (src/controllers/wompi.controller.ts:347:15)
      at src/__tests__/properties/checkout-email-registro-pro.property.test.ts:149:13
      at AsyncProperty.run (node_modules/fast-check/lib/cjs/fast-check.js:1208:19)
      at asyncRunIt (node_modules/fast-check/lib/cjs/fast-check.js:2503:15)
      at Object.<anonymous> (src/__tests__/properties/checkout-email-registro-pro.property.test.ts:130:7)

  console.error
    [Wompi] Error en getCheckoutUrl: TypeError: supabase_1.supabaseAdmin.from(...).select is not a function
        at PricingService.getPricingConfig (C:\Users\Matt\Lookitry\backend\src\services\pricing.service.ts:18:8)
        at PricingService.calculateTotal (C:\Users\Matt\Lookitry\backend\src\services\pricing.service.ts:38:32)
        at WompiController.getCheckoutUrl (C:\Users\Matt\Lookitry\backend\src\controllers\wompi.controller.ts:317:44)
        at C:\Users\Matt\Lookitry\backend\src\__tests__\properties\checkout-email-registro-pro.property.test.ts:149:30
        at AsyncProperty.predicate (C:\Users\Matt\Lookitry\backend\node_modules\fast-check\lib\cjs\fast-check.js:1272:104)
        at AsyncProperty.run (C:\Users\Matt\Lookitry\backend\node_modules\fast-check\lib\cjs\fast-check.js:1208:30)
        at asyncRunIt (C:\Users\Matt\Lookitry\backend\node_modules\fast-check\lib\cjs\fast-check.js:2503:30)
        at Object.<anonymous> (C:\Users\Matt\Lookitry\backend\src\__tests__\properties\checkout-email-registro-pro.property.test.ts:130:7)

    [0m [90m 345 |[39m       res[33m.[39mjson({ checkoutUrl })[33m;[39m
     [90m 346 |[39m     } [36mcatch[39m (error) {
    [31m[1m>[22m[39m[90m 347 |[39m       console[33m.[39merror([32m'[Wompi] Error en getCheckoutUrl:'[39m[33m,[39m error)[33m;[39m
     [90m     |[39m               [31m[1m^[22m[39m
     [90m 348 |[39m       res[33m.[39mstatus([35m500[39m)[33m.[39mjson({ error[33m:[39m [32m'Error interno'[39m })[33m;[39m
     [90m 349 |[39m     }
     [90m 350 |[39m   }[0m

      at WompiController.getCheckoutUrl (src/controllers/wompi.controller.ts:347:15)
      at src/__tests__/properties/checkout-email-registro-pro.property.test.ts:149:13
      at AsyncProperty.run (node_modules/fast-check/lib/cjs/fast-check.js:1208:19)
      at asyncRunIt (node_modules/fast-check/lib/cjs/fast-check.js:2503:15)
      at Object.<anonymous> (src/__tests__/properties/checkout-email-registro-pro.property.test.ts:130:7)

  console.error
    [Wompi] Error en getCheckoutUrl: TypeError: supabase_1.supabaseAdmin.from(...).select is not a function
        at PricingService.getPricingConfig (C:\Users\Matt\Lookitry\backend\src\services\pricing.service.ts:18:8)
        at PricingService.calculateTotal (C:\Users\Matt\Lookitry\backend\src\services\pricing.service.ts:38:32)
        at WompiController.getCheckoutUrl (C:\Users\Matt\Lookitry\backend\src\controllers\wompi.controller.ts:317:44)
        at C:\Users\Matt\Lookitry\backend\src\__tests__\properties\checkout-email-registro-pro.property.test.ts:149:30
        at AsyncProperty.predicate (C:\Users\Matt\Lookitry\backend\node_modules\fast-check\lib\cjs\fast-check.js:1272:104)
        at AsyncProperty.run (C:\Users\Matt\Lookitry\backend\node_modules\fast-check\lib\cjs\fast-check.js:1208:30)
        at asyncRunIt (C:\Users\Matt\Lookitry\backend\node_modules\fast-check\lib\cjs\fast-check.js:2503:30)
        at Object.<anonymous> (C:\Users\Matt\Lookitry\backend\src\__tests__\properties\checkout-email-registro-pro.property.test.ts:130:7)

    [0m [90m 345 |[39m       res[33m.[39mjson({ checkoutUrl })[33m;[39m
     [90m 346 |[39m     } [36mcatch[39m (error) {
    [31m[1m>[22m[39m[90m 347 |[39m       console[33m.[39merror([32m'[Wompi] Error en getCheckoutUrl:'[39m[33m,[39m error)[33m;[39m
     [90m     |[39m               [31m[1m^[22m[39m
     [90m 348 |[39m       res[33m.[39mstatus([35m500[39m)[33m.[39mjson({ error[33m:[39m [32m'Error interno'[39m })[33m;[39m
     [90m 349 |[39m     }
     [90m 350 |[39m   }[0m

      at WompiController.getCheckoutUrl (src/controllers/wompi.controller.ts:347:15)
      at src/__tests__/properties/checkout-email-registro-pro.property.test.ts:149:13
      at AsyncProperty.run (node_modules/fast-check/lib/cjs/fast-check.js:1208:19)
      at asyncRunIt (node_modules/fast-check/lib/cjs/fast-check.js:2503:15)
      at Object.<anonymous> (src/__tests__/properties/checkout-email-registro-pro.property.test.ts:130:7)

  console.error
    [Wompi] Error en getCheckoutUrl: TypeError: supabase_1.supabaseAdmin.from(...).select is not a function
        at PricingService.getPricingConfig (C:\Users\Matt\Lookitry\backend\src\services\pricing.service.ts:18:8)
        at PricingService.calculateTotal (C:\Users\Matt\Lookitry\backend\src\services\pricing.service.ts:38:32)
        at WompiController.getCheckoutUrl (C:\Users\Matt\Lookitry\backend\src\controllers\wompi.controller.ts:317:44)
        at C:\Users\Matt\Lookitry\backend\src\__tests__\properties\checkout-email-registro-pro.property.test.ts:149:30
        at AsyncProperty.predicate (C:\Users\Matt\Lookitry\backend\node_modules\fast-check\lib\cjs\fast-check.js:1272:104)
        at AsyncProperty.run (C:\Users\Matt\Lookitry\backend\node_modules\fast-check\lib\cjs\fast-check.js:1208:30)
        at asyncRunIt (C:\Users\Matt\Lookitry\backend\node_modules\fast-check\lib\cjs\fast-check.js:2503:30)
        at Object.<anonymous> (C:\Users\Matt\Lookitry\backend\src\__tests__\properties\checkout-email-registro-pro.property.test.ts:130:7)

    [0m [90m 345 |[39m       res[33m.[39mjson({ checkoutUrl })[33m;[39m
     [90m 346 |[39m     } [36mcatch[39m (error) {
    [31m[1m>[22m[39m[90m 347 |[39m       console[33m.[39merror([32m'[Wompi] Error en getCheckoutUrl:'[39m[33m,[39m error)[33m;[39m
     [90m     |[39m               [31m[1m^[22m[39m
     [90m 348 |[39m       res[33m.[39mstatus([35m500[39m)[33m.[39mjson({ error[33m:[39m [32m'Error interno'[39m })[33m;[39m
     [90m 349 |[39m     }
     [90m 350 |[39m   }[0m

      at WompiController.getCheckoutUrl (src/controllers/wompi.controller.ts:347:15)
      at src/__tests__/properties/checkout-email-registro-pro.property.test.ts:149:13
      at AsyncProperty.run (node_modules/fast-check/lib/cjs/fast-check.js:1208:19)
      at asyncRunIt (node_modules/fast-check/lib/cjs/fast-check.js:2503:15)
      at Object.<anonymous> (src/__tests__/properties/checkout-email-registro-pro.property.test.ts:130:7)

  console.error
    [Wompi] Error en getCheckoutUrl: TypeError: supabase_1.supabaseAdmin.from(...).select is not a function
        at PricingService.getPricingConfig (C:\Users\Matt\Lookitry\backend\src\services\pricing.service.ts:18:8)
        at PricingService.calculateTotal (C:\Users\Matt\Lookitry\backend\src\services\pricing.service.ts:38:32)
        at WompiController.getCheckoutUrl (C:\Users\Matt\Lookitry\backend\src\controllers\wompi.controller.ts:317:44)
        at C:\Users\Matt\Lookitry\backend\src\__tests__\properties\checkout-email-registro-pro.property.test.ts:149:30
        at AsyncProperty.predicate (C:\Users\Matt\Lookitry\backend\node_modules\fast-check\lib\cjs\fast-check.js:1272:104)
        at AsyncProperty.run (C:\Users\Matt\Lookitry\backend\node_modules\fast-check\lib\cjs\fast-check.js:1208:30)
        at asyncRunIt (C:\Users\Matt\Lookitry\backend\node_modules\fast-check\lib\cjs\fast-check.js:2503:30)
        at Object.<anonymous> (C:\Users\Matt\Lookitry\backend\src\__tests__\properties\checkout-email-registro-pro.property.test.ts:130:7)

    [0m [90m 345 |[39m       res[33m.[39mjson({ checkoutUrl })[33m;[39m
     [90m 346 |[39m     } [36mcatch[39m (error) {
    [31m[1m>[22m[39m[90m 347 |[39m       console[33m.[39merror([32m'[Wompi] Error en getCheckoutUrl:'[39m[33m,[39m error)[33m;[39m
     [90m     |[39m               [31m[1m^[22m[39m
     [90m 348 |[39m       res[33m.[39mstatus([35m500[39m)[33m.[39mjson({ error[33m:[39m [32m'Error interno'[39m })[33m;[39m
     [90m 349 |[39m     }
     [90m 350 |[39m   }[0m

      at WompiController.getCheckoutUrl (src/controllers/wompi.controller.ts:347:15)
      at src/__tests__/properties/checkout-email-registro-pro.property.test.ts:149:13
      at AsyncProperty.run (node_modules/fast-check/lib/cjs/fast-check.js:1208:19)
      at asyncRunIt (node_modules/fast-check/lib/cjs/fast-check.js:2503:15)
      at Object.<anonymous> (src/__tests__/properties/checkout-email-registro-pro.property.test.ts:130:7)

  console.error
    [Wompi] Error en getCheckoutUrl: TypeError: supabase_1.supabaseAdmin.from(...).select is not a function
        at PricingService.getPricingConfig (C:\Users\Matt\Lookitry\backend\src\services\pricing.service.ts:18:8)
        at PricingService.calculateTotal (C:\Users\Matt\Lookitry\backend\src\services\pricing.service.ts:38:32)
        at WompiController.getCheckoutUrl (C:\Users\Matt\Lookitry\backend\src\controllers\wompi.controller.ts:317:44)
        at C:\Users\Matt\Lookitry\backend\src\__tests__\properties\checkout-email-registro-pro.property.test.ts:149:30
        at AsyncProperty.predicate (C:\Users\Matt\Lookitry\backend\node_modules\fast-check\lib\cjs\fast-check.js:1272:104)
        at AsyncProperty.run (C:\Users\Matt\Lookitry\backend\node_modules\fast-check\lib\cjs\fast-check.js:1208:30)
        at asyncRunIt (C:\Users\Matt\Lookitry\backend\node_modules\fast-check\lib\cjs\fast-check.js:2503:30)
        at Object.<anonymous> (C:\Users\Matt\Lookitry\backend\src\__tests__\properties\checkout-email-registro-pro.property.test.ts:130:7)

    [0m [90m 345 |[39m       res[33m.[39mjson({ checkoutUrl })[33m;[39m
     [90m 346 |[39m     } [36mcatch[39m (error) {
    [31m[1m>[22m[39m[90m 347 |[39m       console[33m.[39merror([32m'[Wompi] Error en getCheckoutUrl:'[39m[33m,[39m error)[33m;[39m
     [90m     |[39m               [31m[1m^[22m[39m
     [90m 348 |[39m       res[33m.[39mstatus([35m500[39m)[33m.[39mjson({ error[33m:[39m [32m'Error interno'[39m })[33m;[39m
     [90m 349 |[39m     }
     [90m 350 |[39m   }[0m

      at WompiController.getCheckoutUrl (src/controllers/wompi.controller.ts:347:15)
      at src/__tests__/properties/checkout-email-registro-pro.property.test.ts:149:13
      at AsyncProperty.run (node_modules/fast-check/lib/cjs/fast-check.js:1208:19)
      at asyncRunIt (node_modules/fast-check/lib/cjs/fast-check.js:2503:15)
      at Object.<anonymous> (src/__tests__/properties/checkout-email-registro-pro.property.test.ts:130:7)

  console.error
    [Wompi] Error en getCheckoutUrl: TypeError: supabase_1.supabaseAdmin.from(...).select is not a function
        at PricingService.getPricingConfig (C:\Users\Matt\Lookitry\backend\src\services\pricing.service.ts:18:8)
        at PricingService.calculateTotal (C:\Users\Matt\Lookitry\backend\src\services\pricing.service.ts:38:32)
        at WompiController.getCheckoutUrl (C:\Users\Matt\Lookitry\backend\src\controllers\wompi.controller.ts:317:44)
        at C:\Users\Matt\Lookitry\backend\src\__tests__\properties\checkout-email-registro-pro.property.test.ts:149:30
        at AsyncProperty.predicate (C:\Users\Matt\Lookitry\backend\node_modules\fast-check\lib\cjs\fast-check.js:1272:104)
        at AsyncProperty.run (C:\Users\Matt\Lookitry\backend\node_modules\fast-check\lib\cjs\fast-check.js:1208:30)
        at asyncRunIt (C:\Users\Matt\Lookitry\backend\node_modules\fast-check\lib\cjs\fast-check.js:2503:30)
        at Object.<anonymous> (C:\Users\Matt\Lookitry\backend\src\__tests__\properties\checkout-email-registro-pro.property.test.ts:130:7)

    [0m [90m 345 |[39m       res[33m.[39mjson({ checkoutUrl })[33m;[39m
     [90m 346 |[39m     } [36mcatch[39m (error) {
    [31m[1m>[22m[39m[90m 347 |[39m       console[33m.[39merror([32m'[Wompi] Error en getCheckoutUrl:'[39m[33m,[39m error)[33m;[39m
     [90m     |[39m               [31m[1m^[22m[39m
     [90m 348 |[39m       res[33m.[39mstatus([35m500[39m)[33m.[39mjson({ error[33m:[39m [32m'Error interno'[39m })[33m;[39m
     [90m 349 |[39m     }
     [90m 350 |[39m   }[0m

      at WompiController.getCheckoutUrl (src/controllers/wompi.controller.ts:347:15)
      at src/__tests__/properties/checkout-email-registro-pro.property.test.ts:149:13
      at AsyncProperty.run (node_modules/fast-check/lib/cjs/fast-check.js:1208:19)
      at asyncRunIt (node_modules/fast-check/lib/cjs/fast-check.js:2503:15)
      at Object.<anonymous> (src/__tests__/properties/checkout-email-registro-pro.property.test.ts:130:7)

  console.error
    [Wompi] Error en getCheckoutUrl: TypeError: supabase_1.supabaseAdmin.from(...).select is not a function
        at PricingService.getPricingConfig (C:\Users\Matt\Lookitry\backend\src\services\pricing.service.ts:18:8)
        at PricingService.calculateTotal (C:\Users\Matt\Lookitry\backend\src\services\pricing.service.ts:38:32)
        at WompiController.getCheckoutUrl (C:\Users\Matt\Lookitry\backend\src\controllers\wompi.controller.ts:317:44)
        at C:\Users\Matt\Lookitry\backend\src\__tests__\properties\checkout-email-registro-pro.property.test.ts:149:30
        at AsyncProperty.predicate (C:\Users\Matt\Lookitry\backend\node_modules\fast-check\lib\cjs\fast-check.js:1272:104)
        at AsyncProperty.run (C:\Users\Matt\Lookitry\backend\node_modules\fast-check\lib\cjs\fast-check.js:1208:30)
        at asyncRunIt (C:\Users\Matt\Lookitry\backend\node_modules\fast-check\lib\cjs\fast-check.js:2503:30)
        at Object.<anonymous> (C:\Users\Matt\Lookitry\backend\src\__tests__\properties\checkout-email-registro-pro.property.test.ts:130:7)

    [0m [90m 345 |[39m       res[33m.[39mjson({ checkoutUrl })[33m;[39m
     [90m 346 |[39m     } [36mcatch[39m (error) {
    [31m[1m>[22m[39m[90m 347 |[39m       console[33m.[39merror([32m'[Wompi] Error en getCheckoutUrl:'[39m[33m,[39m error)[33m;[39m
     [90m     |[39m               [31m[1m^[22m[39m
     [90m 348 |[39m       res[33m.[39mstatus([35m500[39m)[33m.[39mjson({ error[33m:[39m [32m'Error interno'[39m })[33m;[39m
     [90m 349 |[39m     }
     [90m 350 |[39m   }[0m

      at WompiController.getCheckoutUrl (src/controllers/wompi.controller.ts:347:15)
      at src/__tests__/properties/checkout-email-registro-pro.property.test.ts:149:13
      at AsyncProperty.run (node_modules/fast-check/lib/cjs/fast-check.js:1208:19)
      at asyncRunIt (node_modules/fast-check/lib/cjs/fast-check.js:2503:15)
      at Object.<anonymous> (src/__tests__/properties/checkout-email-registro-pro.property.test.ts:130:7)

  console.error
    [Wompi] Error en getCheckoutUrl: TypeError: supabase_1.supabaseAdmin.from(...).select is not a function
        at PricingService.getPricingConfig (C:\Users\Matt\Lookitry\backend\src\services\pricing.service.ts:18:8)
        at PricingService.calculateTotal (C:\Users\Matt\Lookitry\backend\src\services\pricing.service.ts:38:32)
        at WompiController.getCheckoutUrl (C:\Users\Matt\Lookitry\backend\src\controllers\wompi.controller.ts:317:44)
        at C:\Users\Matt\Lookitry\backend\src\__tests__\properties\checkout-email-registro-pro.property.test.ts:149:30
        at AsyncProperty.predicate (C:\Users\Matt\Lookitry\backend\node_modules\fast-check\lib\cjs\fast-check.js:1272:104)
        at AsyncProperty.run (C:\Users\Matt\Lookitry\backend\node_modules\fast-check\lib\cjs\fast-check.js:1208:30)
        at asyncRunIt (C:\Users\Matt\Lookitry\backend\node_modules\fast-check\lib\cjs\fast-check.js:2503:30)
        at Object.<anonymous> (C:\Users\Matt\Lookitry\backend\src\__tests__\properties\checkout-email-registro-pro.property.test.ts:130:7)

    [0m [90m 345 |[39m       res[33m.[39mjson({ checkoutUrl })[33m;[39m
     [90m 346 |[39m     } [36mcatch[39m (error) {
    [31m[1m>[22m[39m[90m 347 |[39m       console[33m.[39merror([32m'[Wompi] Error en getCheckoutUrl:'[39m[33m,[39m error)[33m;[39m
     [90m     |[39m               [31m[1m^[22m[39m
     [90m 348 |[39m       res[33m.[39mstatus([35m500[39m)[33m.[39mjson({ error[33m:[39m [32m'Error interno'[39m })[33m;[39m
     [90m 349 |[39m     }
     [90m 350 |[39m   }[0m

      at WompiController.getCheckoutUrl (src/controllers/wompi.controller.ts:347:15)
      at src/__tests__/properties/checkout-email-registro-pro.property.test.ts:149:13
      at AsyncProperty.run (node_modules/fast-check/lib/cjs/fast-check.js:1208:19)
      at asyncRunIt (node_modules/fast-check/lib/cjs/fast-check.js:2503:15)
      at Object.<anonymous> (src/__tests__/properties/checkout-email-registro-pro.property.test.ts:130:7)

  console.error
    [Wompi] Error en getCheckoutUrl: TypeError: supabase_1.supabaseAdmin.from(...).select is not a function
        at PricingService.getPricingConfig (C:\Users\Matt\Lookitry\backend\src\services\pricing.service.ts:18:8)
        at PricingService.calculateTotal (C:\Users\Matt\Lookitry\backend\src\services\pricing.service.ts:38:32)
        at WompiController.getCheckoutUrl (C:\Users\Matt\Lookitry\backend\src\controllers\wompi.controller.ts:317:44)
        at C:\Users\Matt\Lookitry\backend\src\__tests__\properties\checkout-email-registro-pro.property.test.ts:149:30
        at AsyncProperty.predicate (C:\Users\Matt\Lookitry\backend\node_modules\fast-check\lib\cjs\fast-check.js:1272:104)
        at AsyncProperty.run (C:\Users\Matt\Lookitry\backend\node_modules\fast-check\lib\cjs\fast-check.js:1208:30)
        at asyncRunIt (C:\Users\Matt\Lookitry\backend\node_modules\fast-check\lib\cjs\fast-check.js:2503:30)
        at Object.<anonymous> (C:\Users\Matt\Lookitry\backend\src\__tests__\properties\checkout-email-registro-pro.property.test.ts:130:7)

    [0m [90m 345 |[39m       res[33m.[39mjson({ checkoutUrl })[33m;[39m
     [90m 346 |[39m     } [36mcatch[39m (error) {
    [31m[1m>[22m[39m[90m 347 |[39m       console[33m.[39merror([32m'[Wompi] Error en getCheckoutUrl:'[39m[33m,[39m error)[33m;[39m
     [90m     |[39m               [31m[1m^[22m[39m
     [90m 348 |[39m       res[33m.[39mstatus([35m500[39m)[33m.[39mjson({ error[33m:[39m [32m'Error interno'[39m })[33m;[39m
     [90m 349 |[39m     }
     [90m 350 |[39m   }[0m

      at WompiController.getCheckoutUrl (src/controllers/wompi.controller.ts:347:15)
      at src/__tests__/properties/checkout-email-registro-pro.property.test.ts:149:13
      at AsyncProperty.run (node_modules/fast-check/lib/cjs/fast-check.js:1208:19)
      at asyncRunIt (node_modules/fast-check/lib/cjs/fast-check.js:2503:15)
      at Object.<anonymous> (src/__tests__/properties/checkout-email-registro-pro.property.test.ts:130:7)

  console.error
    [Wompi] Error en getCheckoutUrl: TypeError: supabase_1.supabaseAdmin.from(...).select is not a function
        at PricingService.getPricingConfig (C:\Users\Matt\Lookitry\backend\src\services\pricing.service.ts:18:8)
        at PricingService.calculateTotal (C:\Users\Matt\Lookitry\backend\src\services\pricing.service.ts:38:32)
        at WompiController.getCheckoutUrl (C:\Users\Matt\Lookitry\backend\src\controllers\wompi.controller.ts:317:44)
        at C:\Users\Matt\Lookitry\backend\src\__tests__\properties\checkout-email-registro-pro.property.test.ts:149:30
        at AsyncProperty.predicate (C:\Users\Matt\Lookitry\backend\node_modules\fast-check\lib\cjs\fast-check.js:1272:104)
        at AsyncProperty.run (C:\Users\Matt\Lookitry\backend\node_modules\fast-check\lib\cjs\fast-check.js:1208:30)
        at asyncRunIt (C:\Users\Matt\Lookitry\backend\node_modules\fast-check\lib\cjs\fast-check.js:2503:30)
        at Object.<anonymous> (C:\Users\Matt\Lookitry\backend\src\__tests__\properties\checkout-email-registro-pro.property.test.ts:130:7)

    [0m [90m 345 |[39m       res[33m.[39mjson({ checkoutUrl })[33m;[39m
     [90m 346 |[39m     } [36mcatch[39m (error) {
    [31m[1m>[22m[39m[90m 347 |[39m       console[33m.[39merror([32m'[Wompi] Error en getCheckoutUrl:'[39m[33m,[39m error)[33m;[39m
     [90m     |[39m               [31m[1m^[22m[39m
     [90m 348 |[39m       res[33m.[39mstatus([35m500[39m)[33m.[39mjson({ error[33m:[39m [32m'Error interno'[39m })[33m;[39m
     [90m 349 |[39m     }
     [90m 350 |[39m   }[0m

      at WompiController.getCheckoutUrl (src/controllers/wompi.controller.ts:347:15)
      at src/__tests__/properties/checkout-email-registro-pro.property.test.ts:149:13
      at AsyncProperty.run (node_modules/fast-check/lib/cjs/fast-check.js:1208:19)
      at asyncRunIt (node_modules/fast-check/lib/cjs/fast-check.js:2503:15)
      at Object.<anonymous> (src/__tests__/properties/checkout-email-registro-pro.property.test.ts:130:7)

  console.error
    [Wompi] Error en getCheckoutUrl: TypeError: supabase_1.supabaseAdmin.from(...).select is not a function
        at PricingService.getPricingConfig (C:\Users\Matt\Lookitry\backend\src\services\pricing.service.ts:18:8)
        at PricingService.calculateTotal (C:\Users\Matt\Lookitry\backend\src\services\pricing.service.ts:38:32)
        at WompiController.getCheckoutUrl (C:\Users\Matt\Lookitry\backend\src\controllers\wompi.controller.ts:317:44)
        at C:\Users\Matt\Lookitry\backend\src\__tests__\properties\checkout-email-registro-pro.property.test.ts:149:30
        at AsyncProperty.predicate (C:\Users\Matt\Lookitry\backend\node_modules\fast-check\lib\cjs\fast-check.js:1272:104)
        at AsyncProperty.run (C:\Users\Matt\Lookitry\backend\node_modules\fast-check\lib\cjs\fast-check.js:1208:30)
        at asyncRunIt (C:\Users\Matt\Lookitry\backend\node_modules\fast-check\lib\cjs\fast-check.js:2503:30)
        at Object.<anonymous> (C:\Users\Matt\Lookitry\backend\src\__tests__\properties\checkout-email-registro-pro.property.test.ts:130:7)

    [0m [90m 345 |[39m       res[33m.[39mjson({ checkoutUrl })[33m;[39m
     [90m 346 |[39m     } [36mcatch[39m (error) {
    [31m[1m>[22m[39m[90m 347 |[39m       console[33m.[39merror([32m'[Wompi] Error en getCheckoutUrl:'[39m[33m,[39m error)[33m;[39m
     [90m     |[39m               [31m[1m^[22m[39m
     [90m 348 |[39m       res[33m.[39mstatus([35m500[39m)[33m.[39mjson({ error[33m:[39m [32m'Error interno'[39m })[33m;[39m
     [90m 349 |[39m     }
     [90m 350 |[39m   }[0m

      at WompiController.getCheckoutUrl (src/controllers/wompi.controller.ts:347:15)
      at src/__tests__/properties/checkout-email-registro-pro.property.test.ts:149:13
      at AsyncProperty.run (node_modules/fast-check/lib/cjs/fast-check.js:1208:19)
      at asyncRunIt (node_modules/fast-check/lib/cjs/fast-check.js:2503:15)
      at Object.<anonymous> (src/__tests__/properties/checkout-email-registro-pro.property.test.ts:130:7)

  console.error
    [Wompi] Error en getCheckoutUrl: TypeError: supabase_1.supabaseAdmin.from(...).select is not a function
        at PricingService.getPricingConfig (C:\Users\Matt\Lookitry\backend\src\services\pricing.service.ts:18:8)
        at PricingService.calculateTotal (C:\Users\Matt\Lookitry\backend\src\services\pricing.service.ts:38:32)
        at WompiController.getCheckoutUrl (C:\Users\Matt\Lookitry\backend\src\controllers\wompi.controller.ts:317:44)
        at C:\Users\Matt\Lookitry\backend\src\__tests__\properties\checkout-email-registro-pro.property.test.ts:149:30
        at AsyncProperty.predicate (C:\Users\Matt\Lookitry\backend\node_modules\fast-check\lib\cjs\fast-check.js:1272:104)
        at AsyncProperty.run (C:\Users\Matt\Lookitry\backend\node_modules\fast-check\lib\cjs\fast-check.js:1208:30)
        at asyncRunIt (C:\Users\Matt\Lookitry\backend\node_modules\fast-check\lib\cjs\fast-check.js:2503:30)
        at Object.<anonymous> (C:\Users\Matt\Lookitry\backend\src\__tests__\properties\checkout-email-registro-pro.property.test.ts:130:7)

    [0m [90m 345 |[39m       res[33m.[39mjson({ checkoutUrl })[33m;[39m
     [90m 346 |[39m     } [36mcatch[39m (error) {
    [31m[1m>[22m[39m[90m 347 |[39m       console[33m.[39merror([32m'[Wompi] Error en getCheckoutUrl:'[39m[33m,[39m error)[33m;[39m
     [90m     |[39m               [31m[1m^[22m[39m
     [90m 348 |[39m       res[33m.[39mstatus([35m500[39m)[33m.[39mjson({ error[33m:[39m [32m'Error interno'[39m })[33m;[39m
     [90m 349 |[39m     }
     [90m 350 |[39m   }[0m

      at WompiController.getCheckoutUrl (src/controllers/wompi.controller.ts:347:15)
      at src/__tests__/properties/checkout-email-registro-pro.property.test.ts:149:13
      at AsyncProperty.run (node_modules/fast-check/lib/cjs/fast-check.js:1208:19)
      at asyncRunIt (node_modules/fast-check/lib/cjs/fast-check.js:2503:15)
      at Object.<anonymous> (src/__tests__/properties/checkout-email-registro-pro.property.test.ts:130:7)

  console.error
    [Wompi] Error en getCheckoutUrl: TypeError: supabase_1.supabaseAdmin.from(...).select is not a function
        at PricingService.getPricingConfig (C:\Users\Matt\Lookitry\backend\src\services\pricing.service.ts:18:8)
        at PricingService.calculateTotal (C:\Users\Matt\Lookitry\backend\src\services\pricing.service.ts:38:32)
        at WompiController.getCheckoutUrl (C:\Users\Matt\Lookitry\backend\src\controllers\wompi.controller.ts:317:44)
        at C:\Users\Matt\Lookitry\backend\src\__tests__\properties\checkout-email-registro-pro.property.test.ts:149:30
        at AsyncProperty.predicate (C:\Users\Matt\Lookitry\backend\node_modules\fast-check\lib\cjs\fast-check.js:1272:104)
        at AsyncProperty.run (C:\Users\Matt\Lookitry\backend\node_modules\fast-check\lib\cjs\fast-check.js:1208:30)
        at asyncRunIt (C:\Users\Matt\Lookitry\backend\node_modules\fast-check\lib\cjs\fast-check.js:2503:30)
        at Object.<anonymous> (C:\Users\Matt\Lookitry\backend\src\__tests__\properties\checkout-email-registro-pro.property.test.ts:130:7)

    [0m [90m 345 |[39m       res[33m.[39mjson({ checkoutUrl })[33m;[39m
     [90m 346 |[39m     } [36mcatch[39m (error) {
    [31m[1m>[22m[39m[90m 347 |[39m       console[33m.[39merror([32m'[Wompi] Error en getCheckoutUrl:'[39m[33m,[39m error)[33m;[39m
     [90m     |[39m               [31m[1m^[22m[39m
     [90m 348 |[39m       res[33m.[39mstatus([35m500[39m)[33m.[39mjson({ error[33m:[39m [32m'Error interno'[39m })[33m;[39m
     [90m 349 |[39m     }
     [90m 350 |[39m   }[0m

      at WompiController.getCheckoutUrl (src/controllers/wompi.controller.ts:347:15)
      at src/__tests__/properties/checkout-email-registro-pro.property.test.ts:149:13
      at AsyncProperty.run (node_modules/fast-check/lib/cjs/fast-check.js:1208:19)
      at asyncRunIt (node_modules/fast-check/lib/cjs/fast-check.js:2503:15)
      at Object.<anonymous> (src/__tests__/properties/checkout-email-registro-pro.property.test.ts:130:7)

  console.error
    [Wompi] Error en getCheckoutUrl: TypeError: supabase_1.supabaseAdmin.from(...).select is not a function
        at PricingService.getPricingConfig (C:\Users\Matt\Lookitry\backend\src\services\pricing.service.ts:18:8)
        at PricingService.calculateTotal (C:\Users\Matt\Lookitry\backend\src\services\pricing.service.ts:38:32)
        at WompiController.getCheckoutUrl (C:\Users\Matt\Lookitry\backend\src\controllers\wompi.controller.ts:317:44)
        at C:\Users\Matt\Lookitry\backend\src\__tests__\properties\checkout-email-registro-pro.property.test.ts:149:30
        at AsyncProperty.predicate (C:\Users\Matt\Lookitry\backend\node_modules\fast-check\lib\cjs\fast-check.js:1272:104)
        at AsyncProperty.run (C:\Users\Matt\Lookitry\backend\node_modules\fast-check\lib\cjs\fast-check.js:1208:30)
        at asyncRunIt (C:\Users\Matt\Lookitry\backend\node_modules\fast-check\lib\cjs\fast-check.js:2503:30)
        at Object.<anonymous> (C:\Users\Matt\Lookitry\backend\src\__tests__\properties\checkout-email-registro-pro.property.test.ts:130:7)

    [0m [90m 345 |[39m       res[33m.[39mjson({ checkoutUrl })[33m;[39m
     [90m 346 |[39m     } [36mcatch[39m (error) {
    [31m[1m>[22m[39m[90m 347 |[39m       console[33m.[39merror([32m'[Wompi] Error en getCheckoutUrl:'[39m[33m,[39m error)[33m;[39m
     [90m     |[39m               [31m[1m^[22m[39m
     [90m 348 |[39m       res[33m.[39mstatus([35m500[39m)[33m.[39mjson({ error[33m:[39m [32m'Error interno'[39m })[33m;[39m
     [90m 349 |[39m     }
     [90m 350 |[39m   }[0m

      at WompiController.getCheckoutUrl (src/controllers/wompi.controller.ts:347:15)
      at src/__tests__/properties/checkout-email-registro-pro.property.test.ts:149:13
      at AsyncProperty.run (node_modules/fast-check/lib/cjs/fast-check.js:1208:19)
      at asyncRunIt (node_modules/fast-check/lib/cjs/fast-check.js:2503:15)
      at Object.<anonymous> (src/__tests__/properties/checkout-email-registro-pro.property.test.ts:130:7)

  console.error
    [Wompi] Error en getCheckoutUrl: TypeError: supabase_1.supabaseAdmin.from(...).select is not a function
        at PricingService.getPricingConfig (C:\Users\Matt\Lookitry\backend\src\services\pricing.service.ts:18:8)
        at PricingService.calculateTotal (C:\Users\Matt\Lookitry\backend\src\services\pricing.service.ts:38:32)
        at WompiController.getCheckoutUrl (C:\Users\Matt\Lookitry\backend\src\controllers\wompi.controller.ts:317:44)
        at C:\Users\Matt\Lookitry\backend\src\__tests__\properties\checkout-email-registro-pro.property.test.ts:149:30
        at AsyncProperty.predicate (C:\Users\Matt\Lookitry\backend\node_modules\fast-check\lib\cjs\fast-check.js:1272:104)
        at AsyncProperty.run (C:\Users\Matt\Lookitry\backend\node_modules\fast-check\lib\cjs\fast-check.js:1208:30)
        at asyncRunIt (C:\Users\Matt\Lookitry\backend\node_modules\fast-check\lib\cjs\fast-check.js:2503:30)
        at Object.<anonymous> (C:\Users\Matt\Lookitry\backend\src\__tests__\properties\checkout-email-registro-pro.property.test.ts:130:7)

    [0m [90m 345 |[39m       res[33m.[39mjson({ checkoutUrl })[33m;[39m
     [90m 346 |[39m     } [36mcatch[39m (error) {
    [31m[1m>[22m[39m[90m 347 |[39m       console[33m.[39merror([32m'[Wompi] Error en getCheckoutUrl:'[39m[33m,[39m error)[33m;[39m
     [90m     |[39m               [31m[1m^[22m[39m
     [90m 348 |[39m       res[33m.[39mstatus([35m500[39m)[33m.[39mjson({ error[33m:[39m [32m'Error interno'[39m })[33m;[39m
     [90m 349 |[39m     }
     [90m 350 |[39m   }[0m

      at WompiController.getCheckoutUrl (src/controllers/wompi.controller.ts:347:15)
      at src/__tests__/properties/checkout-email-registro-pro.property.test.ts:149:13
      at AsyncProperty.run (node_modules/fast-check/lib/cjs/fast-check.js:1208:19)
      at asyncRunIt (node_modules/fast-check/lib/cjs/fast-check.js:2503:15)
      at Object.<anonymous> (src/__tests__/properties/checkout-email-registro-pro.property.test.ts:130:7)

  console.error
    [Wompi] Error en getCheckoutUrl: TypeError: supabase_1.supabaseAdmin.from(...).select is not a function
        at PricingService.getPricingConfig (C:\Users\Matt\Lookitry\backend\src\services\pricing.service.ts:18:8)
        at PricingService.calculateTotal (C:\Users\Matt\Lookitry\backend\src\services\pricing.service.ts:38:32)
        at WompiController.getCheckoutUrl (C:\Users\Matt\Lookitry\backend\src\controllers\wompi.controller.ts:317:44)
        at C:\Users\Matt\Lookitry\backend\src\__tests__\properties\checkout-email-registro-pro.property.test.ts:149:30
        at AsyncProperty.predicate (C:\Users\Matt\Lookitry\backend\node_modules\fast-check\lib\cjs\fast-check.js:1272:104)
        at AsyncProperty.run (C:\Users\Matt\Lookitry\backend\node_modules\fast-check\lib\cjs\fast-check.js:1208:30)
        at asyncRunIt (C:\Users\Matt\Lookitry\backend\node_modules\fast-check\lib\cjs\fast-check.js:2503:30)
        at Object.<anonymous> (C:\Users\Matt\Lookitry\backend\src\__tests__\properties\checkout-email-registro-pro.property.test.ts:130:7)

    [0m [90m 345 |[39m       res[33m.[39mjson({ checkoutUrl })[33m;[39m
     [90m 346 |[39m     } [36mcatch[39m (error) {
    [31m[1m>[22m[39m[90m 347 |[39m       console[33m.[39merror([32m'[Wompi] Error en getCheckoutUrl:'[39m[33m,[39m error)[33m;[39m
     [90m     |[39m               [31m[1m^[22m[39m
     [90m 348 |[39m       res[33m.[39mstatus([35m500[39m)[33m.[39mjson({ error[33m:[39m [32m'Error interno'[39m })[33m;[39m
     [90m 349 |[39m     }
     [90m 350 |[39m   }[0m

      at WompiController.getCheckoutUrl (src/controllers/wompi.controller.ts:347:15)
      at src/__tests__/properties/checkout-email-registro-pro.property.test.ts:149:13
      at AsyncProperty.run (node_modules/fast-check/lib/cjs/fast-check.js:1208:19)
      at asyncRunIt (node_modules/fast-check/lib/cjs/fast-check.js:2503:15)
      at Object.<anonymous> (src/__tests__/properties/checkout-email-registro-pro.property.test.ts:130:7)

  console.error
    [Wompi] Error en getCheckoutUrl: TypeError: supabase_1.supabaseAdmin.from(...).select is not a function
        at PricingService.getPricingConfig (C:\Users\Matt\Lookitry\backend\src\services\pricing.service.ts:18:8)
        at PricingService.calculateTotal (C:\Users\Matt\Lookitry\backend\src\services\pricing.service.ts:38:32)
        at WompiController.getCheckoutUrl (C:\Users\Matt\Lookitry\backend\src\controllers\wompi.controller.ts:317:44)
        at C:\Users\Matt\Lookitry\backend\src\__tests__\properties\checkout-email-registro-pro.property.test.ts:149:30
        at AsyncProperty.predicate (C:\Users\Matt\Lookitry\backend\node_modules\fast-check\lib\cjs\fast-check.js:1272:104)
        at AsyncProperty.run (C:\Users\Matt\Lookitry\backend\node_modules\fast-check\lib\cjs\fast-check.js:1208:30)
        at asyncRunIt (C:\Users\Matt\Lookitry\backend\node_modules\fast-check\lib\cjs\fast-check.js:2503:30)
        at Object.<anonymous> (C:\Users\Matt\Lookitry\backend\src\__tests__\properties\checkout-email-registro-pro.property.test.ts:130:7)

    [0m [90m 345 |[39m       res[33m.[39mjson({ checkoutUrl })[33m;[39m
     [90m 346 |[39m     } [36mcatch[39m (error) {
    [31m[1m>[22m[39m[90m 347 |[39m       console[33m.[39merror([32m'[Wompi] Error en getCheckoutUrl:'[39m[33m,[39m error)[33m;[39m
     [90m     |[39m               [31m[1m^[22m[39m
     [90m 348 |[39m       res[33m.[39mstatus([35m500[39m)[33m.[39mjson({ error[33m:[39m [32m'Error interno'[39m })[33m;[39m
     [90m 349 |[39m     }
     [90m 350 |[39m   }[0m

      at WompiController.getCheckoutUrl (src/controllers/wompi.controller.ts:347:15)
      at src/__tests__/properties/checkout-email-registro-pro.property.test.ts:149:13
      at AsyncProperty.run (node_modules/fast-check/lib/cjs/fast-check.js:1208:19)
      at asyncRunIt (node_modules/fast-check/lib/cjs/fast-check.js:2503:15)
      at Object.<anonymous> (src/__tests__/properties/checkout-email-registro-pro.property.test.ts:130:7)

  console.error
    [Wompi] Error en getCheckoutUrl: TypeError: supabase_1.supabaseAdmin.from(...).select is not a function
        at PricingService.getPricingConfig (C:\Users\Matt\Lookitry\backend\src\services\pricing.service.ts:18:8)
        at PricingService.calculateTotal (C:\Users\Matt\Lookitry\backend\src\services\pricing.service.ts:38:32)
        at WompiController.getCheckoutUrl (C:\Users\Matt\Lookitry\backend\src\controllers\wompi.controller.ts:317:44)
        at C:\Users\Matt\Lookitry\backend\src\__tests__\properties\checkout-email-registro-pro.property.test.ts:149:30
        at AsyncProperty.predicate (C:\Users\Matt\Lookitry\backend\node_modules\fast-check\lib\cjs\fast-check.js:1272:104)
        at AsyncProperty.run (C:\Users\Matt\Lookitry\backend\node_modules\fast-check\lib\cjs\fast-check.js:1208:30)
        at asyncRunIt (C:\Users\Matt\Lookitry\backend\node_modules\fast-check\lib\cjs\fast-check.js:2503:30)
        at Object.<anonymous> (C:\Users\Matt\Lookitry\backend\src\__tests__\properties\checkout-email-registro-pro.property.test.ts:130:7)

    [0m [90m 345 |[39m       res[33m.[39mjson({ checkoutUrl })[33m;[39m
     [90m 346 |[39m     } [36mcatch[39m (error) {
    [31m[1m>[22m[39m[90m 347 |[39m       console[33m.[39merror([32m'[Wompi] Error en getCheckoutUrl:'[39m[33m,[39m error)[33m;[39m
     [90m     |[39m               [31m[1m^[22m[39m
     [90m 348 |[39m       res[33m.[39mstatus([35m500[39m)[33m.[39mjson({ error[33m:[39m [32m'Error interno'[39m })[33m;[39m
     [90m 349 |[39m     }
     [90m 350 |[39m   }[0m

      at WompiController.getCheckoutUrl (src/controllers/wompi.controller.ts:347:15)
      at src/__tests__/properties/checkout-email-registro-pro.property.test.ts:149:13
      at AsyncProperty.run (node_modules/fast-check/lib/cjs/fast-check.js:1208:19)
      at asyncRunIt (node_modules/fast-check/lib/cjs/fast-check.js:2503:15)
      at Object.<anonymous> (src/__tests__/properties/checkout-email-registro-pro.property.test.ts:130:7)

  console.error
    [Wompi] Error en getCheckoutUrl: TypeError: supabase_1.supabaseAdmin.from(...).select is not a function
        at PricingService.getPricingConfig (C:\Users\Matt\Lookitry\backend\src\services\pricing.service.ts:18:8)
        at PricingService.calculateTotal (C:\Users\Matt\Lookitry\backend\src\services\pricing.service.ts:38:32)
        at WompiController.getCheckoutUrl (C:\Users\Matt\Lookitry\backend\src\controllers\wompi.controller.ts:317:44)
        at C:\Users\Matt\Lookitry\backend\src\__tests__\properties\checkout-email-registro-pro.property.test.ts:149:30
        at AsyncProperty.predicate (C:\Users\Matt\Lookitry\backend\node_modules\fast-check\lib\cjs\fast-check.js:1272:104)
        at AsyncProperty.run (C:\Users\Matt\Lookitry\backend\node_modules\fast-check\lib\cjs\fast-check.js:1208:30)
        at asyncRunIt (C:\Users\Matt\Lookitry\backend\node_modules\fast-check\lib\cjs\fast-check.js:2503:30)
        at Object.<anonymous> (C:\Users\Matt\Lookitry\backend\src\__tests__\properties\checkout-email-registro-pro.property.test.ts:130:7)

    [0m [90m 345 |[39m       res[33m.[39mjson({ checkoutUrl })[33m;[39m
     [90m 346 |[39m     } [36mcatch[39m (error) {
    [31m[1m>[22m[39m[90m 347 |[39m       console[33m.[39merror([32m'[Wompi] Error en getCheckoutUrl:'[39m[33m,[39m error)[33m;[39m
     [90m     |[39m               [31m[1m^[22m[39m
     [90m 348 |[39m       res[33m.[39mstatus([35m500[39m)[33m.[39mjson({ error[33m:[39m [32m'Error interno'[39m })[33m;[39m
     [90m 349 |[39m     }
     [90m 350 |[39m   }[0m

      at WompiController.getCheckoutUrl (src/controllers/wompi.controller.ts:347:15)
      at src/__tests__/properties/checkout-email-registro-pro.property.test.ts:149:13
      at AsyncProperty.run (node_modules/fast-check/lib/cjs/fast-check.js:1208:19)
      at asyncRunIt (node_modules/fast-check/lib/cjs/fast-check.js:2503:15)
      at Object.<anonymous> (src/__tests__/properties/checkout-email-registro-pro.property.test.ts:130:7)

  console.error
    [Wompi] Error en getCheckoutUrl: TypeError: supabase_1.supabaseAdmin.from(...).select is not a function
        at PricingService.getPricingConfig (C:\Users\Matt\Lookitry\backend\src\services\pricing.service.ts:18:8)
        at PricingService.calculateTotal (C:\Users\Matt\Lookitry\backend\src\services\pricing.service.ts:38:32)
        at WompiController.getCheckoutUrl (C:\Users\Matt\Lookitry\backend\src\controllers\wompi.controller.ts:317:44)
        at C:\Users\Matt\Lookitry\backend\src\__tests__\properties\checkout-email-registro-pro.property.test.ts:149:30
        at AsyncProperty.predicate (C:\Users\Matt\Lookitry\backend\node_modules\fast-check\lib\cjs\fast-check.js:1272:104)
        at AsyncProperty.run (C:\Users\Matt\Lookitry\backend\node_modules\fast-check\lib\cjs\fast-check.js:1208:30)
        at asyncRunIt (C:\Users\Matt\Lookitry\backend\node_modules\fast-check\lib\cjs\fast-check.js:2503:30)
        at Object.<anonymous> (C:\Users\Matt\Lookitry\backend\src\__tests__\properties\checkout-email-registro-pro.property.test.ts:130:7)

    [0m [90m 345 |[39m       res[33m.[39mjson({ checkoutUrl })[33m;[39m
     [90m 346 |[39m     } [36mcatch[39m (error) {
    [31m[1m>[22m[39m[90m 347 |[39m       console[33m.[39merror([32m'[Wompi] Error en getCheckoutUrl:'[39m[33m,[39m error)[33m;[39m
     [90m     |[39m               [31m[1m^[22m[39m
     [90m 348 |[39m       res[33m.[39mstatus([35m500[39m)[33m.[39mjson({ error[33m:[39m [32m'Error interno'[39m })[33m;[39m
     [90m 349 |[39m     }
     [90m 350 |[39m   }[0m

      at WompiController.getCheckoutUrl (src/controllers/wompi.controller.ts:347:15)
      at src/__tests__/properties/checkout-email-registro-pro.property.test.ts:149:13
      at AsyncProperty.run (node_modules/fast-check/lib/cjs/fast-check.js:1208:19)
      at asyncRunIt (node_modules/fast-check/lib/cjs/fast-check.js:2503:15)
      at Object.<anonymous> (src/__tests__/properties/checkout-email-registro-pro.property.test.ts:130:7)

  console.error
    [Wompi] Error en getCheckoutUrl: TypeError: supabase_1.supabaseAdmin.from(...).select is not a function
        at PricingService.getPricingConfig (C:\Users\Matt\Lookitry\backend\src\services\pricing.service.ts:18:8)
        at PricingService.calculateTotal (C:\Users\Matt\Lookitry\backend\src\services\pricing.service.ts:38:32)
        at WompiController.getCheckoutUrl (C:\Users\Matt\Lookitry\backend\src\controllers\wompi.controller.ts:317:44)
        at C:\Users\Matt\Lookitry\backend\src\__tests__\properties\checkout-email-registro-pro.property.test.ts:149:30
        at AsyncProperty.predicate (C:\Users\Matt\Lookitry\backend\node_modules\fast-check\lib\cjs\fast-check.js:1272:104)
        at AsyncProperty.run (C:\Users\Matt\Lookitry\backend\node_modules\fast-check\lib\cjs\fast-check.js:1208:30)
        at asyncRunIt (C:\Users\Matt\Lookitry\backend\node_modules\fast-check\lib\cjs\fast-check.js:2503:30)
        at Object.<anonymous> (C:\Users\Matt\Lookitry\backend\src\__tests__\properties\checkout-email-registro-pro.property.test.ts:130:7)

    [0m [90m 345 |[39m       res[33m.[39mjson({ checkoutUrl })[33m;[39m
     [90m 346 |[39m     } [36mcatch[39m (error) {
    [31m[1m>[22m[39m[90m 347 |[39m       console[33m.[39merror([32m'[Wompi] Error en getCheckoutUrl:'[39m[33m,[39m error)[33m;[39m
     [90m     |[39m               [31m[1m^[22m[39m
     [90m 348 |[39m       res[33m.[39mstatus([35m500[39m)[33m.[39mjson({ error[33m:[39m [32m'Error interno'[39m })[33m;[39m
     [90m 349 |[39m     }
     [90m 350 |[39m   }[0m

      at WompiController.getCheckoutUrl (src/controllers/wompi.controller.ts:347:15)
      at src/__tests__/properties/checkout-email-registro-pro.property.test.ts:149:13
      at AsyncProperty.run (node_modules/fast-check/lib/cjs/fast-check.js:1208:19)
      at asyncRunIt (node_modules/fast-check/lib/cjs/fast-check.js:2503:15)
      at Object.<anonymous> (src/__tests__/properties/checkout-email-registro-pro.property.test.ts:130:7)

  console.error
    [Wompi] Error en getCheckoutUrl: TypeError: supabase_1.supabaseAdmin.from(...).select is not a function
        at PricingService.getPricingConfig (C:\Users\Matt\Lookitry\backend\src\services\pricing.service.ts:18:8)
        at PricingService.calculateTotal (C:\Users\Matt\Lookitry\backend\src\services\pricing.service.ts:38:32)
        at WompiController.getCheckoutUrl (C:\Users\Matt\Lookitry\backend\src\controllers\wompi.controller.ts:317:44)
        at C:\Users\Matt\Lookitry\backend\src\__tests__\properties\checkout-email-registro-pro.property.test.ts:149:30
        at AsyncProperty.predicate (C:\Users\Matt\Lookitry\backend\node_modules\fast-check\lib\cjs\fast-check.js:1272:104)
        at AsyncProperty.run (C:\Users\Matt\Lookitry\backend\node_modules\fast-check\lib\cjs\fast-check.js:1208:30)
        at asyncRunIt (C:\Users\Matt\Lookitry\backend\node_modules\fast-check\lib\cjs\fast-check.js:2503:30)
        at Object.<anonymous> (C:\Users\Matt\Lookitry\backend\src\__tests__\properties\checkout-email-registro-pro.property.test.ts:130:7)

    [0m [90m 345 |[39m       res[33m.[39mjson({ checkoutUrl })[33m;[39m
     [90m 346 |[39m     } [36mcatch[39m (error) {
    [31m[1m>[22m[39m[90m 347 |[39m       console[33m.[39merror([32m'[Wompi] Error en getCheckoutUrl:'[39m[33m,[39m error)[33m;[39m
     [90m     |[39m               [31m[1m^[22m[39m
     [90m 348 |[39m       res[33m.[39mstatus([35m500[39m)[33m.[39mjson({ error[33m:[39m [32m'Error interno'[39m })[33m;[39m
     [90m 349 |[39m     }
     [90m 350 |[39m   }[0m

      at WompiController.getCheckoutUrl (src/controllers/wompi.controller.ts:347:15)
      at src/__tests__/properties/checkout-email-registro-pro.property.test.ts:149:13
      at AsyncProperty.run (node_modules/fast-check/lib/cjs/fast-check.js:1208:19)
      at asyncRunIt (node_modules/fast-check/lib/cjs/fast-check.js:2503:15)
      at Object.<anonymous> (src/__tests__/properties/checkout-email-registro-pro.property.test.ts:130:7)

  console.error
    [Wompi] Error en getCheckoutUrl: TypeError: supabase_1.supabaseAdmin.from(...).select is not a function
        at PricingService.getPricingConfig (C:\Users\Matt\Lookitry\backend\src\services\pricing.service.ts:18:8)
        at PricingService.calculateTotal (C:\Users\Matt\Lookitry\backend\src\services\pricing.service.ts:38:32)
        at WompiController.getCheckoutUrl (C:\Users\Matt\Lookitry\backend\src\controllers\wompi.controller.ts:317:44)
        at C:\Users\Matt\Lookitry\backend\src\__tests__\properties\checkout-email-registro-pro.property.test.ts:149:30
        at AsyncProperty.predicate (C:\Users\Matt\Lookitry\backend\node_modules\fast-check\lib\cjs\fast-check.js:1272:104)
        at AsyncProperty.run (C:\Users\Matt\Lookitry\backend\node_modules\fast-check\lib\cjs\fast-check.js:1208:30)
        at asyncRunIt (C:\Users\Matt\Lookitry\backend\node_modules\fast-check\lib\cjs\fast-check.js:2503:30)
        at Object.<anonymous> (C:\Users\Matt\Lookitry\backend\src\__tests__\properties\checkout-email-registro-pro.property.test.ts:130:7)

    [0m [90m 345 |[39m       res[33m.[39mjson({ checkoutUrl })[33m;[39m
     [90m 346 |[39m     } [36mcatch[39m (error) {
    [31m[1m>[22m[39m[90m 347 |[39m       console[33m.[39merror([32m'[Wompi] Error en getCheckoutUrl:'[39m[33m,[39m error)[33m;[39m
     [90m     |[39m               [31m[1m^[22m[39m
     [90m 348 |[39m       res[33m.[39mstatus([35m500[39m)[33m.[39mjson({ error[33m:[39m [32m'Error interno'[39m })[33m;[39m
     [90m 349 |[39m     }
     [90m 350 |[39m   }[0m

      at WompiController.getCheckoutUrl (src/controllers/wompi.controller.ts:347:15)
      at src/__tests__/properties/checkout-email-registro-pro.property.test.ts:149:13
      at AsyncProperty.run (node_modules/fast-check/lib/cjs/fast-check.js:1208:19)
      at asyncRunIt (node_modules/fast-check/lib/cjs/fast-check.js:2503:15)
      at Object.<anonymous> (src/__tests__/properties/checkout-email-registro-pro.property.test.ts:130:7)

  console.error
    [Wompi] Error en getCheckoutUrl: TypeError: supabase_1.supabaseAdmin.from(...).select is not a function
        at PricingService.getPricingConfig (C:\Users\Matt\Lookitry\backend\src\services\pricing.service.ts:18:8)
        at PricingService.calculateTotal (C:\Users\Matt\Lookitry\backend\src\services\pricing.service.ts:38:32)
        at WompiController.getCheckoutUrl (C:\Users\Matt\Lookitry\backend\src\controllers\wompi.controller.ts:317:44)
        at C:\Users\Matt\Lookitry\backend\src\__tests__\properties\checkout-email-registro-pro.property.test.ts:149:30
        at AsyncProperty.predicate (C:\Users\Matt\Lookitry\backend\node_modules\fast-check\lib\cjs\fast-check.js:1272:104)
        at AsyncProperty.run (C:\Users\Matt\Lookitry\backend\node_modules\fast-check\lib\cjs\fast-check.js:1208:30)
        at asyncRunIt (C:\Users\Matt\Lookitry\backend\node_modules\fast-check\lib\cjs\fast-check.js:2503:30)
        at Object.<anonymous> (C:\Users\Matt\Lookitry\backend\src\__tests__\properties\checkout-email-registro-pro.property.test.ts:130:7)

    [0m [90m 345 |[39m       res[33m.[39mjson({ checkoutUrl })[33m;[39m
     [90m 346 |[39m     } [36mcatch[39m (error) {
    [31m[1m>[22m[39m[90m 347 |[39m       console[33m.[39merror([32m'[Wompi] Error en getCheckoutUrl:'[39m[33m,[39m error)[33m;[39m
     [90m     |[39m               [31m[1m^[22m[39m
     [90m 348 |[39m       res[33m.[39mstatus([35m500[39m)[33m.[39mjson({ error[33m:[39m [32m'Error interno'[39m })[33m;[39m
     [90m 349 |[39m     }
     [90m 350 |[39m   }[0m

      at WompiController.getCheckoutUrl (src/controllers/wompi.controller.ts:347:15)
      at src/__tests__/properties/checkout-email-registro-pro.property.test.ts:149:13
      at AsyncProperty.run (node_modules/fast-check/lib/cjs/fast-check.js:1208:19)
      at asyncRunIt (node_modules/fast-check/lib/cjs/fast-check.js:2503:15)
      at Object.<anonymous> (src/__tests__/properties/checkout-email-registro-pro.property.test.ts:130:7)

  console.error
    [Wompi] Error en getCheckoutUrl: TypeError: supabase_1.supabaseAdmin.from(...).select is not a function
        at PricingService.getPricingConfig (C:\Users\Matt\Lookitry\backend\src\services\pricing.service.ts:18:8)
        at PricingService.calculateTotal (C:\Users\Matt\Lookitry\backend\src\services\pricing.service.ts:38:32)
        at WompiController.getCheckoutUrl (C:\Users\Matt\Lookitry\backend\src\controllers\wompi.controller.ts:317:44)
        at C:\Users\Matt\Lookitry\backend\src\__tests__\properties\checkout-email-registro-pro.property.test.ts:149:30
        at AsyncProperty.predicate (C:\Users\Matt\Lookitry\backend\node_modules\fast-check\lib\cjs\fast-check.js:1272:104)
        at AsyncProperty.run (C:\Users\Matt\Lookitry\backend\node_modules\fast-check\lib\cjs\fast-check.js:1208:30)
        at asyncRunIt (C:\Users\Matt\Lookitry\backend\node_modules\fast-check\lib\cjs\fast-check.js:2503:30)
        at Object.<anonymous> (C:\Users\Matt\Lookitry\backend\src\__tests__\properties\checkout-email-registro-pro.property.test.ts:130:7)

    [0m [90m 345 |[39m       res[33m.[39mjson({ checkoutUrl })[33m;[39m
     [90m 346 |[39m     } [36mcatch[39m (error) {
    [31m[1m>[22m[39m[90m 347 |[39m       console[33m.[39merror([32m'[Wompi] Error en getCheckoutUrl:'[39m[33m,[39m error)[33m;[39m
     [90m     |[39m               [31m[1m^[22m[39m
     [90m 348 |[39m       res[33m.[39mstatus([35m500[39m)[33m.[39mjson({ error[33m:[39m [32m'Error interno'[39m })[33m;[39m
     [90m 349 |[39m     }
     [90m 350 |[39m   }[0m

      at WompiController.getCheckoutUrl (src/controllers/wompi.controller.ts:347:15)
      at src/__tests__/properties/checkout-email-registro-pro.property.test.ts:149:13
      at AsyncProperty.run (node_modules/fast-check/lib/cjs/fast-check.js:1208:19)
      at asyncRunIt (node_modules/fast-check/lib/cjs/fast-check.js:2503:15)
      at Object.<anonymous> (src/__tests__/properties/checkout-email-registro-pro.property.test.ts:130:7)

  console.error
    [Wompi] Error en getCheckoutUrl: TypeError: supabase_1.supabaseAdmin.from(...).select is not a function
        at PricingService.getPricingConfig (C:\Users\Matt\Lookitry\backend\src\services\pricing.service.ts:18:8)
        at PricingService.calculateTotal (C:\Users\Matt\Lookitry\backend\src\services\pricing.service.ts:38:32)
        at WompiController.getCheckoutUrl (C:\Users\Matt\Lookitry\backend\src\controllers\wompi.controller.ts:317:44)
        at C:\Users\Matt\Lookitry\backend\src\__tests__\properties\checkout-email-registro-pro.property.test.ts:149:30
        at AsyncProperty.predicate (C:\Users\Matt\Lookitry\backend\node_modules\fast-check\lib\cjs\fast-check.js:1272:104)
        at AsyncProperty.run (C:\Users\Matt\Lookitry\backend\node_modules\fast-check\lib\cjs\fast-check.js:1208:30)
        at asyncRunIt (C:\Users\Matt\Lookitry\backend\node_modules\fast-check\lib\cjs\fast-check.js:2503:30)
        at Object.<anonymous> (C:\Users\Matt\Lookitry\backend\src\__tests__\properties\checkout-email-registro-pro.property.test.ts:130:7)

    [0m [90m 345 |[39m       res[33m.[39mjson({ checkoutUrl })[33m;[39m
     [90m 346 |[39m     } [36mcatch[39m (error) {
    [31m[1m>[22m[39m[90m 347 |[39m       console[33m.[39merror([32m'[Wompi] Error en getCheckoutUrl:'[39m[33m,[39m error)[33m;[39m
     [90m     |[39m               [31m[1m^[22m[39m
     [90m 348 |[39m       res[33m.[39mstatus([35m500[39m)[33m.[39mjson({ error[33m:[39m [32m'Error interno'[39m })[33m;[39m
     [90m 349 |[39m     }
     [90m 350 |[39m   }[0m

      at WompiController.getCheckoutUrl (src/controllers/wompi.controller.ts:347:15)
      at src/__tests__/properties/checkout-email-registro-pro.property.test.ts:149:13
      at AsyncProperty.run (node_modules/fast-check/lib/cjs/fast-check.js:1208:19)
      at asyncRunIt (node_modules/fast-check/lib/cjs/fast-check.js:2503:15)
      at Object.<anonymous> (src/__tests__/properties/checkout-email-registro-pro.property.test.ts:130:7)

  console.error
    [Wompi] Error en getCheckoutUrl: TypeError: supabase_1.supabaseAdmin.from(...).select is not a function
        at PricingService.getPricingConfig (C:\Users\Matt\Lookitry\backend\src\services\pricing.service.ts:18:8)
        at PricingService.calculateTotal (C:\Users\Matt\Lookitry\backend\src\services\pricing.service.ts:38:32)
        at WompiController.getCheckoutUrl (C:\Users\Matt\Lookitry\backend\src\controllers\wompi.controller.ts:317:44)
        at C:\Users\Matt\Lookitry\backend\src\__tests__\properties\checkout-email-registro-pro.property.test.ts:149:30
        at AsyncProperty.predicate (C:\Users\Matt\Lookitry\backend\node_modules\fast-check\lib\cjs\fast-check.js:1272:104)
        at AsyncProperty.run (C:\Users\Matt\Lookitry\backend\node_modules\fast-check\lib\cjs\fast-check.js:1208:30)
        at asyncRunIt (C:\Users\Matt\Lookitry\backend\node_modules\fast-check\lib\cjs\fast-check.js:2503:30)
        at Object.<anonymous> (C:\Users\Matt\Lookitry\backend\src\__tests__\properties\checkout-email-registro-pro.property.test.ts:130:7)

    [0m [90m 345 |[39m       res[33m.[39mjson({ checkoutUrl })[33m;[39m
     [90m 346 |[39m     } [36mcatch[39m (error) {
    [31m[1m>[22m[39m[90m 347 |[39m       console[33m.[39merror([32m'[Wompi] Error en getCheckoutUrl:'[39m[33m,[39m error)[33m;[39m
     [90m     |[39m               [31m[1m^[22m[39m
     [90m 348 |[39m       res[33m.[39mstatus([35m500[39m)[33m.[39mjson({ error[33m:[39m [32m'Error interno'[39m })[33m;[39m
     [90m 349 |[39m     }
     [90m 350 |[39m   }[0m

      at WompiController.getCheckoutUrl (src/controllers/wompi.controller.ts:347:15)
      at src/__tests__/properties/checkout-email-registro-pro.property.test.ts:149:13
      at AsyncProperty.run (node_modules/fast-check/lib/cjs/fast-check.js:1208:19)
      at asyncRunIt (node_modules/fast-check/lib/cjs/fast-check.js:2503:15)
      at Object.<anonymous> (src/__tests__/properties/checkout-email-registro-pro.property.test.ts:130:7)

  console.error
    [Wompi] Error en getCheckoutUrl: TypeError: supabase_1.supabaseAdmin.from(...).select is not a function
        at PricingService.getPricingConfig (C:\Users\Matt\Lookitry\backend\src\services\pricing.service.ts:18:8)
        at PricingService.calculateTotal (C:\Users\Matt\Lookitry\backend\src\services\pricing.service.ts:38:32)
        at WompiController.getCheckoutUrl (C:\Users\Matt\Lookitry\backend\src\controllers\wompi.controller.ts:317:44)
        at C:\Users\Matt\Lookitry\backend\src\__tests__\properties\checkout-email-registro-pro.property.test.ts:149:30
        at AsyncProperty.predicate (C:\Users\Matt\Lookitry\backend\node_modules\fast-check\lib\cjs\fast-check.js:1272:104)
        at AsyncProperty.run (C:\Users\Matt\Lookitry\backend\node_modules\fast-check\lib\cjs\fast-check.js:1208:30)
        at asyncRunIt (C:\Users\Matt\Lookitry\backend\node_modules\fast-check\lib\cjs\fast-check.js:2503:30)
        at Object.<anonymous> (C:\Users\Matt\Lookitry\backend\src\__tests__\properties\checkout-email-registro-pro.property.test.ts:130:7)

    [0m [90m 345 |[39m       res[33m.[39mjson({ checkoutUrl })[33m;[39m
     [90m 346 |[39m     } [36mcatch[39m (error) {
    [31m[1m>[22m[39m[90m 347 |[39m       console[33m.[39merror([32m'[Wompi] Error en getCheckoutUrl:'[39m[33m,[39m error)[33m;[39m
     [90m     |[39m               [31m[1m^[22m[39m
     [90m 348 |[39m       res[33m.[39mstatus([35m500[39m)[33m.[39mjson({ error[33m:[39m [32m'Error interno'[39m })[33m;[39m
     [90m 349 |[39m     }
     [90m 350 |[39m   }[0m

      at WompiController.getCheckoutUrl (src/controllers/wompi.controller.ts:347:15)
      at src/__tests__/properties/checkout-email-registro-pro.property.test.ts:149:13
      at AsyncProperty.run (node_modules/fast-check/lib/cjs/fast-check.js:1208:19)
      at asyncRunIt (node_modules/fast-check/lib/cjs/fast-check.js:2503:15)
      at Object.<anonymous> (src/__tests__/properties/checkout-email-registro-pro.property.test.ts:130:7)

  console.error
    [Wompi] Error en getCheckoutUrl: TypeError: supabase_1.supabaseAdmin.from(...).select is not a function
        at PricingService.getPricingConfig (C:\Users\Matt\Lookitry\backend\src\services\pricing.service.ts:18:8)
        at PricingService.calculateTotal (C:\Users\Matt\Lookitry\backend\src\services\pricing.service.ts:38:32)
        at WompiController.getCheckoutUrl (C:\Users\Matt\Lookitry\backend\src\controllers\wompi.controller.ts:317:44)
        at C:\Users\Matt\Lookitry\backend\src\__tests__\properties\checkout-email-registro-pro.property.test.ts:149:30
        at AsyncProperty.predicate (C:\Users\Matt\Lookitry\backend\node_modules\fast-check\lib\cjs\fast-check.js:1272:104)
        at AsyncProperty.run (C:\Users\Matt\Lookitry\backend\node_modules\fast-check\lib\cjs\fast-check.js:1208:30)
        at asyncRunIt (C:\Users\Matt\Lookitry\backend\node_modules\fast-check\lib\cjs\fast-check.js:2503:30)
        at Object.<anonymous> (C:\Users\Matt\Lookitry\backend\src\__tests__\properties\checkout-email-registro-pro.property.test.ts:130:7)

    [0m [90m 345 |[39m       res[33m.[39mjson({ checkoutUrl })[33m;[39m
     [90m 346 |[39m     } [36mcatch[39m (error) {
    [31m[1m>[22m[39m[90m 347 |[39m       console[33m.[39merror([32m'[Wompi] Error en getCheckoutUrl:'[39m[33m,[39m error)[33m;[39m
     [90m     |[39m               [31m[1m^[22m[39m
     [90m 348 |[39m       res[33m.[39mstatus([35m500[39m)[33m.[39mjson({ error[33m:[39m [32m'Error interno'[39m })[33m;[39m
     [90m 349 |[39m     }
     [90m 350 |[39m   }[0m

      at WompiController.getCheckoutUrl (src/controllers/wompi.controller.ts:347:15)
      at src/__tests__/properties/checkout-email-registro-pro.property.test.ts:149:13
      at AsyncProperty.run (node_modules/fast-check/lib/cjs/fast-check.js:1208:19)
      at asyncRunIt (node_modules/fast-check/lib/cjs/fast-check.js:2503:15)
      at Object.<anonymous> (src/__tests__/properties/checkout-email-registro-pro.property.test.ts:130:7)

  console.error
    [Wompi] Error en getCheckoutUrl: TypeError: supabase_1.supabaseAdmin.from(...).select is not a function
        at PricingService.getPricingConfig (C:\Users\Matt\Lookitry\backend\src\services\pricing.service.ts:18:8)
        at PricingService.calculateTotal (C:\Users\Matt\Lookitry\backend\src\services\pricing.service.ts:38:32)
        at WompiController.getCheckoutUrl (C:\Users\Matt\Lookitry\backend\src\controllers\wompi.controller.ts:317:44)
        at C:\Users\Matt\Lookitry\backend\src\__tests__\properties\checkout-email-registro-pro.property.test.ts:149:30
        at AsyncProperty.predicate (C:\Users\Matt\Lookitry\backend\node_modules\fast-check\lib\cjs\fast-check.js:1272:104)
        at AsyncProperty.run (C:\Users\Matt\Lookitry\backend\node_modules\fast-check\lib\cjs\fast-check.js:1208:30)
        at asyncRunIt (C:\Users\Matt\Lookitry\backend\node_modules\fast-check\lib\cjs\fast-check.js:2503:30)
        at Object.<anonymous> (C:\Users\Matt\Lookitry\backend\src\__tests__\properties\checkout-email-registro-pro.property.test.ts:130:7)

    [0m [90m 345 |[39m       res[33m.[39mjson({ checkoutUrl })[33m;[39m
     [90m 346 |[39m     } [36mcatch[39m (error) {
    [31m[1m>[22m[39m[90m 347 |[39m       console[33m.[39merror([32m'[Wompi] Error en getCheckoutUrl:'[39m[33m,[39m error)[33m;[39m
     [90m     |[39m               [31m[1m^[22m[39m
     [90m 348 |[39m       res[33m.[39mstatus([35m500[39m)[33m.[39mjson({ error[33m:[39m [32m'Error interno'[39m })[33m;[39m
     [90m 349 |[39m     }
     [90m 350 |[39m   }[0m

      at WompiController.getCheckoutUrl (src/controllers/wompi.controller.ts:347:15)
      at src/__tests__/properties/checkout-email-registro-pro.property.test.ts:149:13
      at AsyncProperty.run (node_modules/fast-check/lib/cjs/fast-check.js:1208:19)
      at asyncRunIt (node_modules/fast-check/lib/cjs/fast-check.js:2503:15)
      at Object.<anonymous> (src/__tests__/properties/checkout-email-registro-pro.property.test.ts:130:7)

  console.error
    [Wompi] Error en getCheckoutUrl: TypeError: supabase_1.supabaseAdmin.from(...).select is not a function
        at PricingService.getPricingConfig (C:\Users\Matt\Lookitry\backend\src\services\pricing.service.ts:18:8)
        at PricingService.calculateTotal (C:\Users\Matt\Lookitry\backend\src\services\pricing.service.ts:38:32)
        at WompiController.getCheckoutUrl (C:\Users\Matt\Lookitry\backend\src\controllers\wompi.controller.ts:317:44)
        at C:\Users\Matt\Lookitry\backend\src\__tests__\properties\checkout-email-registro-pro.property.test.ts:188:30
        at AsyncProperty.predicate (C:\Users\Matt\Lookitry\backend\node_modules\fast-check\lib\cjs\fast-check.js:1272:104)
        at AsyncProperty.run (C:\Users\Matt\Lookitry\backend\node_modules\fast-check\lib\cjs\fast-check.js:1208:30)
        at asyncRunIt (C:\Users\Matt\Lookitry\backend\node_modules\fast-check\lib\cjs\fast-check.js:2503:30)
        at Object.<anonymous> (C:\Users\Matt\Lookitry\backend\src\__tests__\properties\checkout-email-registro-pro.property.test.ts:166:7)

    [0m [90m 345 |[39m       res[33m.[39mjson({ checkoutUrl })[33m;[39m
     [90m 346 |[39m     } [36mcatch[39m (error) {
    [31m[1m>[22m[39m[90m 347 |[39m       console[33m.[39merror([32m'[Wompi] Error en getCheckoutUrl:'[39m[33m,[39m error)[33m;[39m
     [90m     |[39m               [31m[1m^[22m[39m
     [90m 348 |[39m       res[33m.[39mstatus([35m500[39m)[33m.[39mjson({ error[33m:[39m [32m'Error interno'[39m })[33m;[39m
     [90m 349 |[39m     }
     [90m 350 |[39m   }[0m

      at WompiController.getCheckoutUrl (src/controllers/wompi.controller.ts:347:15)
      at src/__tests__/properties/checkout-email-registro-pro.property.test.ts:188:13
      at AsyncProperty.run (node_modules/fast-check/lib/cjs/fast-check.js:1208:19)
      at asyncRunIt (node_modules/fast-check/lib/cjs/fast-check.js:2503:15)
      at Object.<anonymous> (src/__tests__/properties/checkout-email-registro-pro.property.test.ts:166:7)

  console.error
    [Wompi] Error en getCheckoutUrl: TypeError: supabase_1.supabaseAdmin.from(...).select is not a function
        at PricingService.getPricingConfig (C:\Users\Matt\Lookitry\backend\src\services\pricing.service.ts:18:8)
        at PricingService.calculateTotal (C:\Users\Matt\Lookitry\backend\src\services\pricing.service.ts:38:32)
        at WompiController.getCheckoutUrl (C:\Users\Matt\Lookitry\backend\src\controllers\wompi.controller.ts:317:44)
        at C:\Users\Matt\Lookitry\backend\src\__tests__\properties\checkout-email-registro-pro.property.test.ts:188:30
        at AsyncProperty.predicate (C:\Users\Matt\Lookitry\backend\node_modules\fast-check\lib\cjs\fast-check.js:1272:104)
        at AsyncProperty.run (C:\Users\Matt\Lookitry\backend\node_modules\fast-check\lib\cjs\fast-check.js:1208:30)
        at asyncRunIt (C:\Users\Matt\Lookitry\backend\node_modules\fast-check\lib\cjs\fast-check.js:2503:30)
        at Object.<anonymous> (C:\Users\Matt\Lookitry\backend\src\__tests__\properties\checkout-email-registro-pro.property.test.ts:166:7)

    [0m [90m 345 |[39m       res[33m.[39mjson({ checkoutUrl })[33m;[39m
     [90m 346 |[39m     } [36mcatch[39m (error) {
    [31m[1m>[22m[39m[90m 347 |[39m       console[33m.[39merror([32m'[Wompi] Error en getCheckoutUrl:'[39m[33m,[39m error)[33m;[39m
     [90m     |[39m               [31m[1m^[22m[39m
     [90m 348 |[39m       res[33m.[39mstatus([35m500[39m)[33m.[39mjson({ error[33m:[39m [32m'Error interno'[39m })[33m;[39m
     [90m 349 |[39m     }
     [90m 350 |[39m   }[0m

      at WompiController.getCheckoutUrl (src/controllers/wompi.controller.ts:347:15)
      at src/__tests__/properties/checkout-email-registro-pro.property.test.ts:188:13
      at AsyncProperty.run (node_modules/fast-check/lib/cjs/fast-check.js:1208:19)
      at asyncRunIt (node_modules/fast-check/lib/cjs/fast-check.js:2503:15)
      at Object.<anonymous> (src/__tests__/properties/checkout-email-registro-pro.property.test.ts:166:7)

  console.error
    [Wompi] Error en getCheckoutUrl: TypeError: supabase_1.supabaseAdmin.from(...).select is not a function
        at PricingService.getPricingConfig (C:\Users\Matt\Lookitry\backend\src\services\pricing.service.ts:18:8)
        at PricingService.calculateTotal (C:\Users\Matt\Lookitry\backend\src\services\pricing.service.ts:38:32)
        at WompiController.getCheckoutUrl (C:\Users\Matt\Lookitry\backend\src\controllers\wompi.controller.ts:317:44)
        at C:\Users\Matt\Lookitry\backend\src\__tests__\properties\checkout-email-registro-pro.property.test.ts:188:30
        at AsyncProperty.predicate (C:\Users\Matt\Lookitry\backend\node_modules\fast-check\lib\cjs\fast-check.js:1272:104)
        at AsyncProperty.run (C:\Users\Matt\Lookitry\backend\node_modules\fast-check\lib\cjs\fast-check.js:1208:30)
        at asyncRunIt (C:\Users\Matt\Lookitry\backend\node_modules\fast-check\lib\cjs\fast-check.js:2503:30)
        at Object.<anonymous> (C:\Users\Matt\Lookitry\backend\src\__tests__\properties\checkout-email-registro-pro.property.test.ts:166:7)

    [0m [90m 345 |[39m       res[33m.[39mjson({ checkoutUrl })[33m;[39m
     [90m 346 |[39m     } [36mcatch[39m (error) {
    [31m[1m>[22m[39m[90m 347 |[39m       console[33m.[39merror([32m'[Wompi] Error en getCheckoutUrl:'[39m[33m,[39m error)[33m;[39m
     [90m     |[39m               [31m[1m^[22m[39m
     [90m 348 |[39m       res[33m.[39mstatus([35m500[39m)[33m.[39mjson({ error[33m:[39m [32m'Error interno'[39m })[33m;[39m
     [90m 349 |[39m     }
     [90m 350 |[39m   }[0m

      at WompiController.getCheckoutUrl (src/controllers/wompi.controller.ts:347:15)
      at src/__tests__/properties/checkout-email-registro-pro.property.test.ts:188:13
      at AsyncProperty.run (node_modules/fast-check/lib/cjs/fast-check.js:1208:19)
      at asyncRunIt (node_modules/fast-check/lib/cjs/fast-check.js:2503:15)
      at Object.<anonymous> (src/__tests__/properties/checkout-email-registro-pro.property.test.ts:166:7)

  console.error
    [Wompi] Error en getCheckoutUrl: TypeError: supabase_1.supabaseAdmin.from(...).select is not a function
        at PricingService.getPricingConfig (C:\Users\Matt\Lookitry\backend\src\services\pricing.service.ts:18:8)
        at PricingService.calculateTotal (C:\Users\Matt\Lookitry\backend\src\services\pricing.service.ts:38:32)
        at WompiController.getCheckoutUrl (C:\Users\Matt\Lookitry\backend\src\controllers\wompi.controller.ts:317:44)
        at C:\Users\Matt\Lookitry\backend\src\__tests__\properties\checkout-email-registro-pro.property.test.ts:188:30
        at AsyncProperty.predicate (C:\Users\Matt\Lookitry\backend\node_modules\fast-check\lib\cjs\fast-check.js:1272:104)
        at AsyncProperty.run (C:\Users\Matt\Lookitry\backend\node_modules\fast-check\lib\cjs\fast-check.js:1208:30)
        at asyncRunIt (C:\Users\Matt\Lookitry\backend\node_modules\fast-check\lib\cjs\fast-check.js:2503:30)
        at Object.<anonymous> (C:\Users\Matt\Lookitry\backend\src\__tests__\properties\checkout-email-registro-pro.property.test.ts:166:7)

    [0m [90m 345 |[39m       res[33m.[39mjson({ checkoutUrl })[33m;[39m
     [90m 346 |[39m     } [36mcatch[39m (error) {
    [31m[1m>[22m[39m[90m 347 |[39m       console[33m.[39merror([32m'[Wompi] Error en getCheckoutUrl:'[39m[33m,[39m error)[33m;[39m
     [90m     |[39m               [31m[1m^[22m[39m
     [90m 348 |[39m       res[33m.[39mstatus([35m500[39m)[33m.[39mjson({ error[33m:[39m [32m'Error interno'[39m })[33m;[39m
     [90m 349 |[39m     }
     [90m 350 |[39m   }[0m

      at WompiController.getCheckoutUrl (src/controllers/wompi.controller.ts:347:15)
      at src/__tests__/properties/checkout-email-registro-pro.property.test.ts:188:13
      at AsyncProperty.run (node_modules/fast-check/lib/cjs/fast-check.js:1208:19)
      at asyncRunIt (node_modules/fast-check/lib/cjs/fast-check.js:2503:15)
      at Object.<anonymous> (src/__tests__/properties/checkout-email-registro-pro.property.test.ts:166:7)

  console.error
    [Wompi] Error en getCheckoutUrl: TypeError: supabase_1.supabaseAdmin.from(...).select is not a function
        at PricingService.getPricingConfig (C:\Users\Matt\Lookitry\backend\src\services\pricing.service.ts:18:8)
        at PricingService.calculateTotal (C:\Users\Matt\Lookitry\backend\src\services\pricing.service.ts:38:32)
        at WompiController.getCheckoutUrl (C:\Users\Matt\Lookitry\backend\src\controllers\wompi.controller.ts:317:44)
        at C:\Users\Matt\Lookitry\backend\src\__tests__\properties\checkout-email-registro-pro.property.test.ts:188:30
        at AsyncProperty.predicate (C:\Users\Matt\Lookitry\backend\node_modules\fast-check\lib\cjs\fast-check.js:1272:104)
        at AsyncProperty.run (C:\Users\Matt\Lookitry\backend\node_modules\fast-check\lib\cjs\fast-check.js:1208:30)
        at asyncRunIt (C:\Users\Matt\Lookitry\backend\node_modules\fast-check\lib\cjs\fast-check.js:2503:30)
        at Object.<anonymous> (C:\Users\Matt\Lookitry\backend\src\__tests__\properties\checkout-email-registro-pro.property.test.ts:166:7)

    [0m [90m 345 |[39m       res[33m.[39mjson({ checkoutUrl })[33m;[39m
     [90m 346 |[39m     } [36mcatch[39m (error) {
    [31m[1m>[22m[39m[90m 347 |[39m       console[33m.[39merror([32m'[Wompi] Error en getCheckoutUrl:'[39m[33m,[39m error)[33m;[39m
     [90m     |[39m               [31m[1m^[22m[39m
     [90m 348 |[39m       res[33m.[39mstatus([35m500[39m)[33m.[39mjson({ error[33m:[39m [32m'Error interno'[39m })[33m;[39m
     [90m 349 |[39m     }
     [90m 350 |[39m   }[0m

      at WompiController.getCheckoutUrl (src/controllers/wompi.controller.ts:347:15)
      at src/__tests__/properties/checkout-email-registro-pro.property.test.ts:188:13
      at AsyncProperty.run (node_modules/fast-check/lib/cjs/fast-check.js:1208:19)
      at asyncRunIt (node_modules/fast-check/lib/cjs/fast-check.js:2503:15)
      at Object.<anonymous> (src/__tests__/properties/checkout-email-registro-pro.property.test.ts:166:7)

  console.error
    [Wompi] Error en getCheckoutUrl: TypeError: supabase_1.supabaseAdmin.from(...).select is not a function
        at PricingService.getPricingConfig (C:\Users\Matt\Lookitry\backend\src\services\pricing.service.ts:18:8)
        at PricingService.calculateTotal (C:\Users\Matt\Lookitry\backend\src\services\pricing.service.ts:38:32)
        at WompiController.getCheckoutUrl (C:\Users\Matt\Lookitry\backend\src\controllers\wompi.controller.ts:317:44)
        at C:\Users\Matt\Lookitry\backend\src\__tests__\properties\checkout-email-registro-pro.property.test.ts:188:30
        at AsyncProperty.predicate (C:\Users\Matt\Lookitry\backend\node_modules\fast-check\lib\cjs\fast-check.js:1272:104)
        at AsyncProperty.run (C:\Users\Matt\Lookitry\backend\node_modules\fast-check\lib\cjs\fast-check.js:1208:30)
        at asyncRunIt (C:\Users\Matt\Lookitry\backend\node_modules\fast-check\lib\cjs\fast-check.js:2503:30)
        at Object.<anonymous> (C:\Users\Matt\Lookitry\backend\src\__tests__\properties\checkout-email-registro-pro.property.test.ts:166:7)

    [0m [90m 345 |[39m       res[33m.[39mjson({ checkoutUrl })[33m;[39m
     [90m 346 |[39m     } [36mcatch[39m (error) {
    [31m[1m>[22m[39m[90m 347 |[39m       console[33m.[39merror([32m'[Wompi] Error en getCheckoutUrl:'[39m[33m,[39m error)[33m;[39m
     [90m     |[39m               [31m[1m^[22m[39m
     [90m 348 |[39m       res[33m.[39mstatus([35m500[39m)[33m.[39mjson({ error[33m:[39m [32m'Error interno'[39m })[33m;[39m
     [90m 349 |[39m     }
     [90m 350 |[39m   }[0m

      at WompiController.getCheckoutUrl (src/controllers/wompi.controller.ts:347:15)
      at src/__tests__/properties/checkout-email-registro-pro.property.test.ts:188:13
      at AsyncProperty.run (node_modules/fast-check/lib/cjs/fast-check.js:1208:19)
      at asyncRunIt (node_modules/fast-check/lib/cjs/fast-check.js:2503:15)
      at Object.<anonymous> (src/__tests__/properties/checkout-email-registro-pro.property.test.ts:166:7)

  console.error
    [Wompi] Error en getCheckoutUrl: TypeError: supabase_1.supabaseAdmin.from(...).select is not a function
        at PricingService.getPricingConfig (C:\Users\Matt\Lookitry\backend\src\services\pricing.service.ts:18:8)
        at PricingService.calculateTotal (C:\Users\Matt\Lookitry\backend\src\services\pricing.service.ts:38:32)
        at WompiController.getCheckoutUrl (C:\Users\Matt\Lookitry\backend\src\controllers\wompi.controller.ts:317:44)
        at C:\Users\Matt\Lookitry\backend\src\__tests__\properties\checkout-email-registro-pro.property.test.ts:188:30
        at AsyncProperty.predicate (C:\Users\Matt\Lookitry\backend\node_modules\fast-check\lib\cjs\fast-check.js:1272:104)
        at AsyncProperty.run (C:\Users\Matt\Lookitry\backend\node_modules\fast-check\lib\cjs\fast-check.js:1208:30)
        at asyncRunIt (C:\Users\Matt\Lookitry\backend\node_modules\fast-check\lib\cjs\fast-check.js:2503:30)
        at Object.<anonymous> (C:\Users\Matt\Lookitry\backend\src\__tests__\properties\checkout-email-registro-pro.property.test.ts:166:7)

    [0m [90m 345 |[39m       res[33m.[39mjson({ checkoutUrl })[33m;[39m
     [90m 346 |[39m     } [36mcatch[39m (error) {
    [31m[1m>[22m[39m[90m 347 |[39m       console[33m.[39merror([32m'[Wompi] Error en getCheckoutUrl:'[39m[33m,[39m error)[33m;[39m
     [90m     |[39m               [31m[1m^[22m[39m
     [90m 348 |[39m       res[33m.[39mstatus([35m500[39m)[33m.[39mjson({ error[33m:[39m [32m'Error interno'[39m })[33m;[39m
     [90m 349 |[39m     }
     [90m 350 |[39m   }[0m

      at WompiController.getCheckoutUrl (src/controllers/wompi.controller.ts:347:15)
      at src/__tests__/properties/checkout-email-registro-pro.property.test.ts:188:13
      at AsyncProperty.run (node_modules/fast-check/lib/cjs/fast-check.js:1208:19)
      at asyncRunIt (node_modules/fast-check/lib/cjs/fast-check.js:2503:15)
      at Object.<anonymous> (src/__tests__/properties/checkout-email-registro-pro.property.test.ts:166:7)

  console.error
    [Wompi] Error en getCheckoutUrl: TypeError: supabase_1.supabaseAdmin.from(...).select is not a function
        at PricingService.getPricingConfig (C:\Users\Matt\Lookitry\backend\src\services\pricing.service.ts:18:8)
        at PricingService.calculateTotal (C:\Users\Matt\Lookitry\backend\src\services\pricing.service.ts:38:32)
        at WompiController.getCheckoutUrl (C:\Users\Matt\Lookitry\backend\src\controllers\wompi.controller.ts:317:44)
        at C:\Users\Matt\Lookitry\backend\src\__tests__\properties\checkout-email-registro-pro.property.test.ts:188:30
        at AsyncProperty.predicate (C:\Users\Matt\Lookitry\backend\node_modules\fast-check\lib\cjs\fast-check.js:1272:104)
        at AsyncProperty.run (C:\Users\Matt\Lookitry\backend\node_modules\fast-check\lib\cjs\fast-check.js:1208:30)
        at asyncRunIt (C:\Users\Matt\Lookitry\backend\node_modules\fast-check\lib\cjs\fast-check.js:2503:30)
        at Object.<anonymous> (C:\Users\Matt\Lookitry\backend\src\__tests__\properties\checkout-email-registro-pro.property.test.ts:166:7)

    [0m [90m 345 |[39m       res[33m.[39mjson({ checkoutUrl })[33m;[39m
     [90m 346 |[39m     } [36mcatch[39m (error) {
    [31m[1m>[22m[39m[90m 347 |[39m       console[33m.[39merror([32m'[Wompi] Error en getCheckoutUrl:'[39m[33m,[39m error)[33m;[39m
     [90m     |[39m               [31m[1m^[22m[39m
     [90m 348 |[39m       res[33m.[39mstatus([35m500[39m)[33m.[39mjson({ error[33m:[39m [32m'Error interno'[39m })[33m;[39m
     [90m 349 |[39m     }
     [90m 350 |[39m   }[0m

      at WompiController.getCheckoutUrl (src/controllers/wompi.controller.ts:347:15)
      at src/__tests__/properties/checkout-email-registro-pro.property.test.ts:188:13
      at AsyncProperty.run (node_modules/fast-check/lib/cjs/fast-check.js:1208:19)
      at asyncRunIt (node_modules/fast-check/lib/cjs/fast-check.js:2503:15)
      at Object.<anonymous> (src/__tests__/properties/checkout-email-registro-pro.property.test.ts:166:7)

  console.error
    [Wompi] Error en getCheckoutUrl: TypeError: supabase_1.supabaseAdmin.from(...).select is not a function
        at PricingService.getPricingConfig (C:\Users\Matt\Lookitry\backend\src\services\pricing.service.ts:18:8)
        at PricingService.calculateTotal (C:\Users\Matt\Lookitry\backend\src\services\pricing.service.ts:38:32)
        at WompiController.getCheckoutUrl (C:\Users\Matt\Lookitry\backend\src\controllers\wompi.controller.ts:317:44)
        at C:\Users\Matt\Lookitry\backend\src\__tests__\properties\checkout-email-registro-pro.property.test.ts:188:30
        at AsyncProperty.predicate (C:\Users\Matt\Lookitry\backend\node_modules\fast-check\lib\cjs\fast-check.js:1272:104)
        at AsyncProperty.run (C:\Users\Matt\Lookitry\backend\node_modules\fast-check\lib\cjs\fast-check.js:1208:30)
        at asyncRunIt (C:\Users\Matt\Lookitry\backend\node_modules\fast-check\lib\cjs\fast-check.js:2503:30)
        at Object.<anonymous> (C:\Users\Matt\Lookitry\backend\src\__tests__\properties\checkout-email-registro-pro.property.test.ts:166:7)

    [0m [90m 345 |[39m       res[33m.[39mjson({ checkoutUrl })[33m;[39m
     [90m 346 |[39m     } [36mcatch[39m (error) {
    [31m[1m>[22m[39m[90m 347 |[39m       console[33m.[39merror([32m'[Wompi] Error en getCheckoutUrl:'[39m[33m,[39m error)[33m;[39m
     [90m     |[39m               [31m[1m^[22m[39m
     [90m 348 |[39m       res[33m.[39mstatus([35m500[39m)[33m.[39mjson({ error[33m:[39m [32m'Error interno'[39m })[33m;[39m
     [90m 349 |[39m     }
     [90m 350 |[39m   }[0m

      at WompiController.getCheckoutUrl (src/controllers/wompi.controller.ts:347:15)
      at src/__tests__/properties/checkout-email-registro-pro.property.test.ts:188:13
      at AsyncProperty.run (node_modules/fast-check/lib/cjs/fast-check.js:1208:19)
      at asyncRunIt (node_modules/fast-check/lib/cjs/fast-check.js:2503:15)
      at Object.<anonymous> (src/__tests__/properties/checkout-email-registro-pro.property.test.ts:166:7)

  console.error
    [Wompi] Error en getCheckoutUrl: TypeError: supabase_1.supabaseAdmin.from(...).select is not a function
        at PricingService.getPricingConfig (C:\Users\Matt\Lookitry\backend\src\services\pricing.service.ts:18:8)
        at PricingService.calculateTotal (C:\Users\Matt\Lookitry\backend\src\services\pricing.service.ts:38:32)
        at WompiController.getCheckoutUrl (C:\Users\Matt\Lookitry\backend\src\controllers\wompi.controller.ts:317:44)
        at C:\Users\Matt\Lookitry\backend\src\__tests__\properties\checkout-email-registro-pro.property.test.ts:188:30
        at AsyncProperty.predicate (C:\Users\Matt\Lookitry\backend\node_modules\fast-check\lib\cjs\fast-check.js:1272:104)
        at AsyncProperty.run (C:\Users\Matt\Lookitry\backend\node_modules\fast-check\lib\cjs\fast-check.js:1208:30)
        at asyncRunIt (C:\Users\Matt\Lookitry\backend\node_modules\fast-check\lib\cjs\fast-check.js:2503:30)
        at Object.<anonymous> (C:\Users\Matt\Lookitry\backend\src\__tests__\properties\checkout-email-registro-pro.property.test.ts:166:7)

    [0m [90m 345 |[39m       res[33m.[39mjson({ checkoutUrl })[33m;[39m
     [90m 346 |[39m     } [36mcatch[39m (error) {
    [31m[1m>[22m[39m[90m 347 |[39m       console[33m.[39merror([32m'[Wompi] Error en getCheckoutUrl:'[39m[33m,[39m error)[33m;[39m
     [90m     |[39m               [31m[1m^[22m[39m
     [90m 348 |[39m       res[33m.[39mstatus([35m500[39m)[33m.[39mjson({ error[33m:[39m [32m'Error interno'[39m })[33m;[39m
     [90m 349 |[39m     }
     [90m 350 |[39m   }[0m

      at WompiController.getCheckoutUrl (src/controllers/wompi.controller.ts:347:15)
      at src/__tests__/properties/checkout-email-registro-pro.property.test.ts:188:13
      at AsyncProperty.run (node_modules/fast-check/lib/cjs/fast-check.js:1208:19)
      at asyncRunIt (node_modules/fast-check/lib/cjs/fast-check.js:2503:15)
      at Object.<anonymous> (src/__tests__/properties/checkout-email-registro-pro.property.test.ts:166:7)

  console.error
    [Wompi] Error en getCheckoutUrl: TypeError: supabase_1.supabaseAdmin.from(...).select is not a function
        at PricingService.getPricingConfig (C:\Users\Matt\Lookitry\backend\src\services\pricing.service.ts:18:8)
        at PricingService.calculateTotal (C:\Users\Matt\Lookitry\backend\src\services\pricing.service.ts:38:32)
        at WompiController.getCheckoutUrl (C:\Users\Matt\Lookitry\backend\src\controllers\wompi.controller.ts:317:44)
        at C:\Users\Matt\Lookitry\backend\src\__tests__\properties\checkout-email-registro-pro.property.test.ts:188:30
        at AsyncProperty.predicate (C:\Users\Matt\Lookitry\backend\node_modules\fast-check\lib\cjs\fast-check.js:1272:104)
        at AsyncProperty.run (C:\Users\Matt\Lookitry\backend\node_modules\fast-check\lib\cjs\fast-check.js:1208:30)
        at asyncRunIt (C:\Users\Matt\Lookitry\backend\node_modules\fast-check\lib\cjs\fast-check.js:2503:30)
        at Object.<anonymous> (C:\Users\Matt\Lookitry\backend\src\__tests__\properties\checkout-email-registro-pro.property.test.ts:166:7)

    [0m [90m 345 |[39m       res[33m.[39mjson({ checkoutUrl })[33m;[39m
     [90m 346 |[39m     } [36mcatch[39m (error) {
    [31m[1m>[22m[39m[90m 347 |[39m       console[33m.[39merror([32m'[Wompi] Error en getCheckoutUrl:'[39m[33m,[39m error)[33m;[39m
     [90m     |[39m               [31m[1m^[22m[39m
     [90m 348 |[39m       res[33m.[39mstatus([35m500[39m)[33m.[39mjson({ error[33m:[39m [32m'Error interno'[39m })[33m;[39m
     [90m 349 |[39m     }
     [90m 350 |[39m   }[0m

      at WompiController.getCheckoutUrl (src/controllers/wompi.controller.ts:347:15)
      at src/__tests__/properties/checkout-email-registro-pro.property.test.ts:188:13
      at AsyncProperty.run (node_modules/fast-check/lib/cjs/fast-check.js:1208:19)
      at asyncRunIt (node_modules/fast-check/lib/cjs/fast-check.js:2503:15)
      at Object.<anonymous> (src/__tests__/properties/checkout-email-registro-pro.property.test.ts:166:7)

  console.error
    [Wompi] Error en getCheckoutUrl: TypeError: supabase_1.supabaseAdmin.from(...).select is not a function
        at PricingService.getPricingConfig (C:\Users\Matt\Lookitry\backend\src\services\pricing.service.ts:18:8)
        at PricingService.calculateTotal (C:\Users\Matt\Lookitry\backend\src\services\pricing.service.ts:38:32)
        at WompiController.getCheckoutUrl (C:\Users\Matt\Lookitry\backend\src\controllers\wompi.controller.ts:317:44)
        at C:\Users\Matt\Lookitry\backend\src\__tests__\properties\checkout-email-registro-pro.property.test.ts:188:30
        at AsyncProperty.predicate (C:\Users\Matt\Lookitry\backend\node_modules\fast-check\lib\cjs\fast-check.js:1272:104)
        at AsyncProperty.run (C:\Users\Matt\Lookitry\backend\node_modules\fast-check\lib\cjs\fast-check.js:1208:30)
        at asyncRunIt (C:\Users\Matt\Lookitry\backend\node_modules\fast-check\lib\cjs\fast-check.js:2503:30)
        at Object.<anonymous> (C:\Users\Matt\Lookitry\backend\src\__tests__\properties\checkout-email-registro-pro.property.test.ts:166:7)

    [0m [90m 345 |[39m       res[33m.[39mjson({ checkoutUrl })[33m;[39m
     [90m 346 |[39m     } [36mcatch[39m (error) {
    [31m[1m>[22m[39m[90m 347 |[39m       console[33m.[39merror([32m'[Wompi] Error en getCheckoutUrl:'[39m[33m,[39m error)[33m;[39m
     [90m     |[39m               [31m[1m^[22m[39m
     [90m 348 |[39m       res[33m.[39mstatus([35m500[39m)[33m.[39mjson({ error[33m:[39m [32m'Error interno'[39m })[33m;[39m
     [90m 349 |[39m     }
     [90m 350 |[39m   }[0m

      at WompiController.getCheckoutUrl (src/controllers/wompi.controller.ts:347:15)
      at src/__tests__/properties/checkout-email-registro-pro.property.test.ts:188:13
      at AsyncProperty.run (node_modules/fast-check/lib/cjs/fast-check.js:1208:19)
      at asyncRunIt (node_modules/fast-check/lib/cjs/fast-check.js:2503:15)
      at Object.<anonymous> (src/__tests__/properties/checkout-email-registro-pro.property.test.ts:166:7)

  console.error
    [Wompi] Error en getCheckoutUrl: TypeError: supabase_1.supabaseAdmin.from(...).select is not a function
        at PricingService.getPricingConfig (C:\Users\Matt\Lookitry\backend\src\services\pricing.service.ts:18:8)
        at PricingService.calculateTotal (C:\Users\Matt\Lookitry\backend\src\services\pricing.service.ts:38:32)
        at WompiController.getCheckoutUrl (C:\Users\Matt\Lookitry\backend\src\controllers\wompi.controller.ts:317:44)
        at C:\Users\Matt\Lookitry\backend\src\__tests__\properties\checkout-email-registro-pro.property.test.ts:188:30
        at AsyncProperty.predicate (C:\Users\Matt\Lookitry\backend\node_modules\fast-check\lib\cjs\fast-check.js:1272:104)
        at AsyncProperty.run (C:\Users\Matt\Lookitry\backend\node_modules\fast-check\lib\cjs\fast-check.js:1208:30)
        at asyncRunIt (C:\Users\Matt\Lookitry\backend\node_modules\fast-check\lib\cjs\fast-check.js:2503:30)
        at Object.<anonymous> (C:\Users\Matt\Lookitry\backend\src\__tests__\properties\checkout-email-registro-pro.property.test.ts:166:7)

    [0m [90m 345 |[39m       res[33m.[39mjson({ checkoutUrl })[33m;[39m
     [90m 346 |[39m     } [36mcatch[39m (error) {
    [31m[1m>[22m[39m[90m 347 |[39m       console[33m.[39merror([32m'[Wompi] Error en getCheckoutUrl:'[39m[33m,[39m error)[33m;[39m
     [90m     |[39m               [31m[1m^[22m[39m
     [90m 348 |[39m       res[33m.[39mstatus([35m500[39m)[33m.[39mjson({ error[33m:[39m [32m'Error interno'[39m })[33m;[39m
     [90m 349 |[39m     }
     [90m 350 |[39m   }[0m

      at WompiController.getCheckoutUrl (src/controllers/wompi.controller.ts:347:15)
      at src/__tests__/properties/checkout-email-registro-pro.property.test.ts:188:13
      at AsyncProperty.run (node_modules/fast-check/lib/cjs/fast-check.js:1208:19)
      at asyncRunIt (node_modules/fast-check/lib/cjs/fast-check.js:2503:15)
      at Object.<anonymous> (src/__tests__/properties/checkout-email-registro-pro.property.test.ts:166:7)

  console.error
    [Wompi] Error en getCheckoutUrl: TypeError: supabase_1.supabaseAdmin.from(...).select is not a function
        at PricingService.getPricingConfig (C:\Users\Matt\Lookitry\backend\src\services\pricing.service.ts:18:8)
        at PricingService.calculateTotal (C:\Users\Matt\Lookitry\backend\src\services\pricing.service.ts:38:32)
        at WompiController.getCheckoutUrl (C:\Users\Matt\Lookitry\backend\src\controllers\wompi.controller.ts:317:44)
        at C:\Users\Matt\Lookitry\backend\src\__tests__\properties\checkout-email-registro-pro.property.test.ts:188:30
        at AsyncProperty.predicate (C:\Users\Matt\Lookitry\backend\node_modules\fast-check\lib\cjs\fast-check.js:1272:104)
        at AsyncProperty.run (C:\Users\Matt\Lookitry\backend\node_modules\fast-check\lib\cjs\fast-check.js:1208:30)
        at asyncRunIt (C:\Users\Matt\Lookitry\backend\node_modules\fast-check\lib\cjs\fast-check.js:2503:30)
        at Object.<anonymous> (C:\Users\Matt\Lookitry\backend\src\__tests__\properties\checkout-email-registro-pro.property.test.ts:166:7)

    [0m [90m 345 |[39m       res[33m.[39mjson({ checkoutUrl })[33m;[39m
     [90m 346 |[39m     } [36mcatch[39m (error) {
    [31m[1m>[22m[39m[90m 347 |[39m       console[33m.[39merror([32m'[Wompi] Error en getCheckoutUrl:'[39m[33m,[39m error)[33m;[39m
     [90m     |[39m               [31m[1m^[22m[39m
     [90m 348 |[39m       res[33m.[39mstatus([35m500[39m)[33m.[39mjson({ error[33m:[39m [32m'Error interno'[39m })[33m;[39m
     [90m 349 |[39m     }
     [90m 350 |[39m   }[0m

      at WompiController.getCheckoutUrl (src/controllers/wompi.controller.ts:347:15)
      at src/__tests__/properties/checkout-email-registro-pro.property.test.ts:188:13
      at AsyncProperty.run (node_modules/fast-check/lib/cjs/fast-check.js:1208:19)
      at asyncRunIt (node_modules/fast-check/lib/cjs/fast-check.js:2503:15)
      at Object.<anonymous> (src/__tests__/properties/checkout-email-registro-pro.property.test.ts:166:7)

  console.error
    [Wompi] Error en getCheckoutUrl: TypeError: supabase_1.supabaseAdmin.from(...).select is not a function
        at PricingService.getPricingConfig (C:\Users\Matt\Lookitry\backend\src\services\pricing.service.ts:18:8)
        at PricingService.calculateTotal (C:\Users\Matt\Lookitry\backend\src\services\pricing.service.ts:38:32)
        at WompiController.getCheckoutUrl (C:\Users\Matt\Lookitry\backend\src\controllers\wompi.controller.ts:317:44)
        at C:\Users\Matt\Lookitry\backend\src\__tests__\properties\checkout-email-registro-pro.property.test.ts:188:30
        at AsyncProperty.predicate (C:\Users\Matt\Lookitry\backend\node_modules\fast-check\lib\cjs\fast-check.js:1272:104)
        at AsyncProperty.run (C:\Users\Matt\Lookitry\backend\node_modules\fast-check\lib\cjs\fast-check.js:1208:30)
        at asyncRunIt (C:\Users\Matt\Lookitry\backend\node_modules\fast-check\lib\cjs\fast-check.js:2503:30)
        at Object.<anonymous> (C:\Users\Matt\Lookitry\backend\src\__tests__\properties\checkout-email-registro-pro.property.test.ts:166:7)

    [0m [90m 345 |[39m       res[33m.[39mjson({ checkoutUrl })[33m;[39m
     [90m 346 |[39m     } [36mcatch[39m (error) {
    [31m[1m>[22m[39m[90m 347 |[39m       console[33m.[39merror([32m'[Wompi] Error en getCheckoutUrl:'[39m[33m,[39m error)[33m;[39m
     [90m     |[39m               [31m[1m^[22m[39m
     [90m 348 |[39m       res[33m.[39mstatus([35m500[39m)[33m.[39mjson({ error[33m:[39m [32m'Error interno'[39m })[33m;[39m
     [90m 349 |[39m     }
     [90m 350 |[39m   }[0m

      at WompiController.getCheckoutUrl (src/controllers/wompi.controller.ts:347:15)
      at src/__tests__/properties/checkout-email-registro-pro.property.test.ts:188:13
      at AsyncProperty.run (node_modules/fast-check/lib/cjs/fast-check.js:1208:19)
      at asyncRunIt (node_modules/fast-check/lib/cjs/fast-check.js:2503:15)
      at Object.<anonymous> (src/__tests__/properties/checkout-email-registro-pro.property.test.ts:166:7)

  console.error
    [Wompi] Error en getCheckoutUrl: TypeError: supabase_1.supabaseAdmin.from(...).select is not a function
        at PricingService.getPricingConfig (C:\Users\Matt\Lookitry\backend\src\services\pricing.service.ts:18:8)
        at PricingService.calculateTotal (C:\Users\Matt\Lookitry\backend\src\services\pricing.service.ts:38:32)
        at WompiController.getCheckoutUrl (C:\Users\Matt\Lookitry\backend\src\controllers\wompi.controller.ts:317:44)
        at C:\Users\Matt\Lookitry\backend\src\__tests__\properties\checkout-email-registro-pro.property.test.ts:188:30
        at AsyncProperty.predicate (C:\Users\Matt\Lookitry\backend\node_modules\fast-check\lib\cjs\fast-check.js:1272:104)
        at AsyncProperty.run (C:\Users\Matt\Lookitry\backend\node_modules\fast-check\lib\cjs\fast-check.js:1208:30)
        at asyncRunIt (C:\Users\Matt\Lookitry\backend\node_modules\fast-check\lib\cjs\fast-check.js:2503:30)
        at Object.<anonymous> (C:\Users\Matt\Lookitry\backend\src\__tests__\properties\checkout-email-registro-pro.property.test.ts:166:7)

    [0m [90m 345 |[39m       res[33m.[39mjson({ checkoutUrl })[33m;[39m
     [90m 346 |[39m     } [36mcatch[39m (error) {
    [31m[1m>[22m[39m[90m 347 |[39m       console[33m.[39merror([32m'[Wompi] Error en getCheckoutUrl:'[39m[33m,[39m error)[33m;[39m
     [90m     |[39m               [31m[1m^[22m[39m
     [90m 348 |[39m       res[33m.[39mstatus([35m500[39m)[33m.[39mjson({ error[33m:[39m [32m'Error interno'[39m })[33m;[39m
     [90m 349 |[39m     }
     [90m 350 |[39m   }[0m

      at WompiController.getCheckoutUrl (src/controllers/wompi.controller.ts:347:15)
      at src/__tests__/properties/checkout-email-registro-pro.property.test.ts:188:13
      at AsyncProperty.run (node_modules/fast-check/lib/cjs/fast-check.js:1208:19)
      at asyncRunIt (node_modules/fast-check/lib/cjs/fast-check.js:2503:15)
      at Object.<anonymous> (src/__tests__/properties/checkout-email-registro-pro.property.test.ts:166:7)

  console.error
    [Wompi] Error en getCheckoutUrl: TypeError: supabase_1.supabaseAdmin.from(...).select is not a function
        at PricingService.getPricingConfig (C:\Users\Matt\Lookitry\backend\src\services\pricing.service.ts:18:8)
        at PricingService.calculateTotal (C:\Users\Matt\Lookitry\backend\src\services\pricing.service.ts:38:32)
        at WompiController.getCheckoutUrl (C:\Users\Matt\Lookitry\backend\src\controllers\wompi.controller.ts:317:44)
        at C:\Users\Matt\Lookitry\backend\src\__tests__\properties\checkout-email-registro-pro.property.test.ts:188:30
        at AsyncProperty.predicate (C:\Users\Matt\Lookitry\backend\node_modules\fast-check\lib\cjs\fast-check.js:1272:104)
        at AsyncProperty.run (C:\Users\Matt\Lookitry\backend\node_modules\fast-check\lib\cjs\fast-check.js:1208:30)
        at asyncRunIt (C:\Users\Matt\Lookitry\backend\node_modules\fast-check\lib\cjs\fast-check.js:2503:30)
        at Object.<anonymous> (C:\Users\Matt\Lookitry\backend\src\__tests__\properties\checkout-email-registro-pro.property.test.ts:166:7)

    [0m [90m 345 |[39m       res[33m.[39mjson({ checkoutUrl })[33m;[39m
     [90m 346 |[39m     } [36mcatch[39m (error) {
    [31m[1m>[22m[39m[90m 347 |[39m       console[33m.[39merror([32m'[Wompi] Error en getCheckoutUrl:'[39m[33m,[39m error)[33m;[39m
     [90m     |[39m               [31m[1m^[22m[39m
     [90m 348 |[39m       res[33m.[39mstatus([35m500[39m)[33m.[39mjson({ error[33m:[39m [32m'Error interno'[39m })[33m;[39m
     [90m 349 |[39m     }
     [90m 350 |[39m   }[0m

      at WompiController.getCheckoutUrl (src/controllers/wompi.controller.ts:347:15)
      at src/__tests__/properties/checkout-email-registro-pro.property.test.ts:188:13
      at AsyncProperty.run (node_modules/fast-check/lib/cjs/fast-check.js:1208:19)
      at asyncRunIt (node_modules/fast-check/lib/cjs/fast-check.js:2503:15)
      at Object.<anonymous> (src/__tests__/properties/checkout-email-registro-pro.property.test.ts:166:7)

  console.error
    [Wompi] Error en getCheckoutUrl: TypeError: supabase_1.supabaseAdmin.from(...).select is not a function
        at PricingService.getPricingConfig (C:\Users\Matt\Lookitry\backend\src\services\pricing.service.ts:18:8)
        at PricingService.calculateTotal (C:\Users\Matt\Lookitry\backend\src\services\pricing.service.ts:38:32)
        at WompiController.getCheckoutUrl (C:\Users\Matt\Lookitry\backend\src\controllers\wompi.controller.ts:317:44)
        at C:\Users\Matt\Lookitry\backend\src\__tests__\properties\checkout-email-registro-pro.property.test.ts:188:30
        at AsyncProperty.predicate (C:\Users\Matt\Lookitry\backend\node_modules\fast-check\lib\cjs\fast-check.js:1272:104)
        at AsyncProperty.run (C:\Users\Matt\Lookitry\backend\node_modules\fast-check\lib\cjs\fast-check.js:1208:30)
        at asyncRunIt (C:\Users\Matt\Lookitry\backend\node_modules\fast-check\lib\cjs\fast-check.js:2503:30)
        at Object.<anonymous> (C:\Users\Matt\Lookitry\backend\src\__tests__\properties\checkout-email-registro-pro.property.test.ts:166:7)

    [0m [90m 345 |[39m       res[33m.[39mjson({ checkoutUrl })[33m;[39m
     [90m 346 |[39m     } [36mcatch[39m (error) {
    [31m[1m>[22m[39m[90m 347 |[39m       console[33m.[39merror([32m'[Wompi] Error en getCheckoutUrl:'[39m[33m,[39m error)[33m;[39m
     [90m     |[39m               [31m[1m^[22m[39m
     [90m 348 |[39m       res[33m.[39mstatus([35m500[39m)[33m.[39mjson({ error[33m:[39m [32m'Error interno'[39m })[33m;[39m
     [90m 349 |[39m     }
     [90m 350 |[39m   }[0m

      at WompiController.getCheckoutUrl (src/controllers/wompi.controller.ts:347:15)
      at src/__tests__/properties/checkout-email-registro-pro.property.test.ts:188:13
      at AsyncProperty.run (node_modules/fast-check/lib/cjs/fast-check.js:1208:19)
      at asyncRunIt (node_modules/fast-check/lib/cjs/fast-check.js:2503:15)
      at Object.<anonymous> (src/__tests__/properties/checkout-email-registro-pro.property.test.ts:166:7)

  console.error
    [Wompi] Error en getCheckoutUrl: TypeError: supabase_1.supabaseAdmin.from(...).select is not a function
        at PricingService.getPricingConfig (C:\Users\Matt\Lookitry\backend\src\services\pricing.service.ts:18:8)
        at PricingService.calculateTotal (C:\Users\Matt\Lookitry\backend\src\services\pricing.service.ts:38:32)
        at WompiController.getCheckoutUrl (C:\Users\Matt\Lookitry\backend\src\controllers\wompi.controller.ts:317:44)
        at C:\Users\Matt\Lookitry\backend\src\__tests__\properties\checkout-email-registro-pro.property.test.ts:188:30
        at AsyncProperty.predicate (C:\Users\Matt\Lookitry\backend\node_modules\fast-check\lib\cjs\fast-check.js:1272:104)
        at AsyncProperty.run (C:\Users\Matt\Lookitry\backend\node_modules\fast-check\lib\cjs\fast-check.js:1208:30)
        at asyncRunIt (C:\Users\Matt\Lookitry\backend\node_modules\fast-check\lib\cjs\fast-check.js:2503:30)
        at Object.<anonymous> (C:\Users\Matt\Lookitry\backend\src\__tests__\properties\checkout-email-registro-pro.property.test.ts:166:7)

    [0m [90m 345 |[39m       res[33m.[39mjson({ checkoutUrl })[33m;[39m
     [90m 346 |[39m     } [36mcatch[39m (error) {
    [31m[1m>[22m[39m[90m 347 |[39m       console[33m.[39merror([32m'[Wompi] Error en getCheckoutUrl:'[39m[33m,[39m error)[33m;[39m
     [90m     |[39m               [31m[1m^[22m[39m
     [90m 348 |[39m       res[33m.[39mstatus([35m500[39m)[33m.[39mjson({ error[33m:[39m [32m'Error interno'[39m })[33m;[39m
     [90m 349 |[39m     }
     [90m 350 |[39m   }[0m

      at WompiController.getCheckoutUrl (src/controllers/wompi.controller.ts:347:15)
      at src/__tests__/properties/checkout-email-registro-pro.property.test.ts:188:13
      at AsyncProperty.run (node_modules/fast-check/lib/cjs/fast-check.js:1208:19)
      at asyncRunIt (node_modules/fast-check/lib/cjs/fast-check.js:2503:15)
      at Object.<anonymous> (src/__tests__/properties/checkout-email-registro-pro.property.test.ts:166:7)

  console.error
    [Wompi] Error en getCheckoutUrl: TypeError: supabase_1.supabaseAdmin.from(...).select is not a function
        at PricingService.getPricingConfig (C:\Users\Matt\Lookitry\backend\src\services\pricing.service.ts:18:8)
        at PricingService.calculateTotal (C:\Users\Matt\Lookitry\backend\src\services\pricing.service.ts:38:32)
        at WompiController.getCheckoutUrl (C:\Users\Matt\Lookitry\backend\src\controllers\wompi.controller.ts:317:44)
        at C:\Users\Matt\Lookitry\backend\src\__tests__\properties\checkout-email-registro-pro.property.test.ts:188:30
        at AsyncProperty.predicate (C:\Users\Matt\Lookitry\backend\node_modules\fast-check\lib\cjs\fast-check.js:1272:104)
        at AsyncProperty.run (C:\Users\Matt\Lookitry\backend\node_modules\fast-check\lib\cjs\fast-check.js:1208:30)
        at asyncRunIt (C:\Users\Matt\Lookitry\backend\node_modules\fast-check\lib\cjs\fast-check.js:2503:30)
        at Object.<anonymous> (C:\Users\Matt\Lookitry\backend\src\__tests__\properties\checkout-email-registro-pro.property.test.ts:166:7)

    [0m [90m 345 |[39m       res[33m.[39mjson({ checkoutUrl })[33m;[39m
     [90m 346 |[39m     } [36mcatch[39m (error) {
    [31m[1m>[22m[39m[90m 347 |[39m       console[33m.[39merror([32m'[Wompi] Error en getCheckoutUrl:'[39m[33m,[39m error)[33m;[39m
     [90m     |[39m               [31m[1m^[22m[39m
     [90m 348 |[39m       res[33m.[39mstatus([35m500[39m)[33m.[39mjson({ error[33m:[39m [32m'Error interno'[39m })[33m;[39m
     [90m 349 |[39m     }
     [90m 350 |[39m   }[0m

      at WompiController.getCheckoutUrl (src/controllers/wompi.controller.ts:347:15)
      at src/__tests__/properties/checkout-email-registro-pro.property.test.ts:188:13
      at AsyncProperty.run (node_modules/fast-check/lib/cjs/fast-check.js:1208:19)
      at asyncRunIt (node_modules/fast-check/lib/cjs/fast-check.js:2503:15)
      at Object.<anonymous> (src/__tests__/properties/checkout-email-registro-pro.property.test.ts:166:7)

  console.error
    [Wompi] Error en getCheckoutUrl: TypeError: supabase_1.supabaseAdmin.from(...).select is not a function
        at PricingService.getPricingConfig (C:\Users\Matt\Lookitry\backend\src\services\pricing.service.ts:18:8)
        at PricingService.calculateTotal (C:\Users\Matt\Lookitry\backend\src\services\pricing.service.ts:38:32)
        at WompiController.getCheckoutUrl (C:\Users\Matt\Lookitry\backend\src\controllers\wompi.controller.ts:317:44)
        at C:\Users\Matt\Lookitry\backend\src\__tests__\properties\checkout-email-registro-pro.property.test.ts:188:30
        at AsyncProperty.predicate (C:\Users\Matt\Lookitry\backend\node_modules\fast-check\lib\cjs\fast-check.js:1272:104)
        at AsyncProperty.run (C:\Users\Matt\Lookitry\backend\node_modules\fast-check\lib\cjs\fast-check.js:1208:30)
        at asyncRunIt (C:\Users\Matt\Lookitry\backend\node_modules\fast-check\lib\cjs\fast-check.js:2503:30)
        at Object.<anonymous> (C:\Users\Matt\Lookitry\backend\src\__tests__\properties\checkout-email-registro-pro.property.test.ts:166:7)

    [0m [90m 345 |[39m       res[33m.[39mjson({ checkoutUrl })[33m;[39m
     [90m 346 |[39m     } [36mcatch[39m (error) {
    [31m[1m>[22m[39m[90m 347 |[39m       console[33m.[39merror([32m'[Wompi] Error en getCheckoutUrl:'[39m[33m,[39m error)[33m;[39m
     [90m     |[39m               [31m[1m^[22m[39m
     [90m 348 |[39m       res[33m.[39mstatus([35m500[39m)[33m.[39mjson({ error[33m:[39m [32m'Error interno'[39m })[33m;[39m
     [90m 349 |[39m     }
     [90m 350 |[39m   }[0m

      at WompiController.getCheckoutUrl (src/controllers/wompi.controller.ts:347:15)
      at src/__tests__/properties/checkout-email-registro-pro.property.test.ts:188:13
      at AsyncProperty.run (node_modules/fast-check/lib/cjs/fast-check.js:1208:19)
      at asyncRunIt (node_modules/fast-check/lib/cjs/fast-check.js:2503:15)
      at Object.<anonymous> (src/__tests__/properties/checkout-email-registro-pro.property.test.ts:166:7)

  console.error
    [Wompi] Error en getCheckoutUrl: TypeError: supabase_1.supabaseAdmin.from(...).select is not a function
        at PricingService.getPricingConfig (C:\Users\Matt\Lookitry\backend\src\services\pricing.service.ts:18:8)
        at PricingService.calculateTotal (C:\Users\Matt\Lookitry\backend\src\services\pricing.service.ts:38:32)
        at WompiController.getCheckoutUrl (C:\Users\Matt\Lookitry\backend\src\controllers\wompi.controller.ts:317:44)
        at C:\Users\Matt\Lookitry\backend\src\__tests__\properties\checkout-email-registro-pro.property.test.ts:188:30
        at AsyncProperty.predicate (C:\Users\Matt\Lookitry\backend\node_modules\fast-check\lib\cjs\fast-check.js:1272:104)
        at AsyncProperty.run (C:\Users\Matt\Lookitry\backend\node_modules\fast-check\lib\cjs\fast-check.js:1208:30)
        at asyncRunIt (C:\Users\Matt\Lookitry\backend\node_modules\fast-check\lib\cjs\fast-check.js:2503:30)
        at Object.<anonymous> (C:\Users\Matt\Lookitry\backend\src\__tests__\properties\checkout-email-registro-pro.property.test.ts:166:7)

    [0m [90m 345 |[39m       res[33m.[39mjson({ checkoutUrl })[33m;[39m
     [90m 346 |[39m     } [36mcatch[39m (error) {
    [31m[1m>[22m[39m[90m 347 |[39m       console[33m.[39merror([32m'[Wompi] Error en getCheckoutUrl:'[39m[33m,[39m error)[33m;[39m
     [90m     |[39m               [31m[1m^[22m[39m
     [90m 348 |[39m       res[33m.[39mstatus([35m500[39m)[33m.[39mjson({ error[33m:[39m [32m'Error interno'[39m })[33m;[39m
     [90m 349 |[39m     }
     [90m 350 |[39m   }[0m

      at WompiController.getCheckoutUrl (src/controllers/wompi.controller.ts:347:15)
      at src/__tests__/properties/checkout-email-registro-pro.property.test.ts:188:13
      at AsyncProperty.run (node_modules/fast-check/lib/cjs/fast-check.js:1208:19)
      at asyncRunIt (node_modules/fast-check/lib/cjs/fast-check.js:2503:15)
      at Object.<anonymous> (src/__tests__/properties/checkout-email-registro-pro.property.test.ts:166:7)

  console.error
    [Wompi] Error en getCheckoutUrl: TypeError: supabase_1.supabaseAdmin.from(...).select is not a function
        at PricingService.getPricingConfig (C:\Users\Matt\Lookitry\backend\src\services\pricing.service.ts:18:8)
        at PricingService.calculateTotal (C:\Users\Matt\Lookitry\backend\src\services\pricing.service.ts:38:32)
        at WompiController.getCheckoutUrl (C:\Users\Matt\Lookitry\backend\src\controllers\wompi.controller.ts:317:44)
        at C:\Users\Matt\Lookitry\backend\src\__tests__\properties\checkout-email-registro-pro.property.test.ts:188:30
        at AsyncProperty.predicate (C:\Users\Matt\Lookitry\backend\node_modules\fast-check\lib\cjs\fast-check.js:1272:104)
        at AsyncProperty.run (C:\Users\Matt\Lookitry\backend\node_modules\fast-check\lib\cjs\fast-check.js:1208:30)
        at asyncRunIt (C:\Users\Matt\Lookitry\backend\node_modules\fast-check\lib\cjs\fast-check.js:2503:30)
        at Object.<anonymous> (C:\Users\Matt\Lookitry\backend\src\__tests__\properties\checkout-email-registro-pro.property.test.ts:166:7)

    [0m [90m 345 |[39m       res[33m.[39mjson({ checkoutUrl })[33m;[39m
     [90m 346 |[39m     } [36mcatch[39m (error) {
    [31m[1m>[22m[39m[90m 347 |[39m       console[33m.[39merror([32m'[Wompi] Error en getCheckoutUrl:'[39m[33m,[39m error)[33m;[39m
     [90m     |[39m               [31m[1m^[22m[39m
     [90m 348 |[39m       res[33m.[39mstatus([35m500[39m)[33m.[39mjson({ error[33m:[39m [32m'Error interno'[39m })[33m;[39m
     [90m 349 |[39m     }
     [90m 350 |[39m   }[0m

      at WompiController.getCheckoutUrl (src/controllers/wompi.controller.ts:347:15)
      at src/__tests__/properties/checkout-email-registro-pro.property.test.ts:188:13
      at AsyncProperty.run (node_modules/fast-check/lib/cjs/fast-check.js:1208:19)
      at asyncRunIt (node_modules/fast-check/lib/cjs/fast-check.js:2503:15)
      at Object.<anonymous> (src/__tests__/properties/checkout-email-registro-pro.property.test.ts:166:7)

  console.error
    [Wompi] Error en getCheckoutUrl: TypeError: supabase_1.supabaseAdmin.from(...).select is not a function
        at PricingService.getPricingConfig (C:\Users\Matt\Lookitry\backend\src\services\pricing.service.ts:18:8)
        at PricingService.calculateTotal (C:\Users\Matt\Lookitry\backend\src\services\pricing.service.ts:38:32)
        at WompiController.getCheckoutUrl (C:\Users\Matt\Lookitry\backend\src\controllers\wompi.controller.ts:317:44)
        at C:\Users\Matt\Lookitry\backend\src\__tests__\properties\checkout-email-registro-pro.property.test.ts:188:30
        at AsyncProperty.predicate (C:\Users\Matt\Lookitry\backend\node_modules\fast-check\lib\cjs\fast-check.js:1272:104)
        at AsyncProperty.run (C:\Users\Matt\Lookitry\backend\node_modules\fast-check\lib\cjs\fast-check.js:1208:30)
        at asyncRunIt (C:\Users\Matt\Lookitry\backend\node_modules\fast-check\lib\cjs\fast-check.js:2503:30)
        at Object.<anonymous> (C:\Users\Matt\Lookitry\backend\src\__tests__\properties\checkout-email-registro-pro.property.test.ts:166:7)

    [0m [90m 345 |[39m       res[33m.[39mjson({ checkoutUrl })[33m;[39m
     [90m 346 |[39m     } [36mcatch[39m (error) {
    [31m[1m>[22m[39m[90m 347 |[39m       console[33m.[39merror([32m'[Wompi] Error en getCheckoutUrl:'[39m[33m,[39m error)[33m;[39m
     [90m     |[39m               [31m[1m^[22m[39m
     [90m 348 |[39m       res[33m.[39mstatus([35m500[39m)[33m.[39mjson({ error[33m:[39m [32m'Error interno'[39m })[33m;[39m
     [90m 349 |[39m     }
     [90m 350 |[39m   }[0m

      at WompiController.getCheckoutUrl (src/controllers/wompi.controller.ts:347:15)
      at src/__tests__/properties/checkout-email-registro-pro.property.test.ts:188:13
      at AsyncProperty.run (node_modules/fast-check/lib/cjs/fast-check.js:1208:19)
      at asyncRunIt (node_modules/fast-check/lib/cjs/fast-check.js:2503:15)
      at Object.<anonymous> (src/__tests__/properties/checkout-email-registro-pro.property.test.ts:166:7)

  console.error
    [Wompi] Error en getCheckoutUrl: TypeError: supabase_1.supabaseAdmin.from(...).select is not a function
        at PricingService.getPricingConfig (C:\Users\Matt\Lookitry\backend\src\services\pricing.service.ts:18:8)
        at PricingService.calculateTotal (C:\Users\Matt\Lookitry\backend\src\services\pricing.service.ts:38:32)
        at WompiController.getCheckoutUrl (C:\Users\Matt\Lookitry\backend\src\controllers\wompi.controller.ts:317:44)
        at C:\Users\Matt\Lookitry\backend\src\__tests__\properties\checkout-email-registro-pro.property.test.ts:188:30
        at AsyncProperty.predicate (C:\Users\Matt\Lookitry\backend\node_modules\fast-check\lib\cjs\fast-check.js:1272:104)
        at AsyncProperty.run (C:\Users\Matt\Lookitry\backend\node_modules\fast-check\lib\cjs\fast-check.js:1208:30)
        at asyncRunIt (C:\Users\Matt\Lookitry\backend\node_modules\fast-check\lib\cjs\fast-check.js:2503:30)
        at Object.<anonymous> (C:\Users\Matt\Lookitry\backend\src\__tests__\properties\checkout-email-registro-pro.property.test.ts:166:7)

    [0m [90m 345 |[39m       res[33m.[39mjson({ checkoutUrl })[33m;[39m
     [90m 346 |[39m     } [36mcatch[39m (error) {
    [31m[1m>[22m[39m[90m 347 |[39m       console[33m.[39merror([32m'[Wompi] Error en getCheckoutUrl:'[39m[33m,[39m error)[33m;[39m
     [90m     |[39m               [31m[1m^[22m[39m
     [90m 348 |[39m       res[33m.[39mstatus([35m500[39m)[33m.[39mjson({ error[33m:[39m [32m'Error interno'[39m })[33m;[39m
     [90m 349 |[39m     }
     [90m 350 |[39m   }[0m

      at WompiController.getCheckoutUrl (src/controllers/wompi.controller.ts:347:15)
      at src/__tests__/properties/checkout-email-registro-pro.property.test.ts:188:13
      at AsyncProperty.run (node_modules/fast-check/lib/cjs/fast-check.js:1208:19)
      at asyncRunIt (node_modules/fast-check/lib/cjs/fast-check.js:2503:15)
      at Object.<anonymous> (src/__tests__/properties/checkout-email-registro-pro.property.test.ts:166:7)

  console.error
    [Wompi] Error en getCheckoutUrl: TypeError: supabase_1.supabaseAdmin.from(...).select is not a function
        at PricingService.getPricingConfig (C:\Users\Matt\Lookitry\backend\src\services\pricing.service.ts:18:8)
        at PricingService.calculateTotal (C:\Users\Matt\Lookitry\backend\src\services\pricing.service.ts:38:32)
        at WompiController.getCheckoutUrl (C:\Users\Matt\Lookitry\backend\src\controllers\wompi.controller.ts:317:44)
        at C:\Users\Matt\Lookitry\backend\src\__tests__\properties\checkout-email-registro-pro.property.test.ts:188:30
        at AsyncProperty.predicate (C:\Users\Matt\Lookitry\backend\node_modules\fast-check\lib\cjs\fast-check.js:1272:104)
        at AsyncProperty.run (C:\Users\Matt\Lookitry\backend\node_modules\fast-check\lib\cjs\fast-check.js:1208:30)
        at asyncRunIt (C:\Users\Matt\Lookitry\backend\node_modules\fast-check\lib\cjs\fast-check.js:2503:30)
        at Object.<anonymous> (C:\Users\Matt\Lookitry\backend\src\__tests__\properties\checkout-email-registro-pro.property.test.ts:166:7)

    [0m [90m 345 |[39m       res[33m.[39mjson({ checkoutUrl })[33m;[39m
     [90m 346 |[39m     } [36mcatch[39m (error) {
    [31m[1m>[22m[39m[90m 347 |[39m       console[33m.[39merror([32m'[Wompi] Error en getCheckoutUrl:'[39m[33m,[39m error)[33m;[39m
     [90m     |[39m               [31m[1m^[22m[39m
     [90m 348 |[39m       res[33m.[39mstatus([35m500[39m)[33m.[39mjson({ error[33m:[39m [32m'Error interno'[39m })[33m;[39m
     [90m 349 |[39m     }
     [90m 350 |[39m   }[0m

      at WompiController.getCheckoutUrl (src/controllers/wompi.controller.ts:347:15)
      at src/__tests__/properties/checkout-email-registro-pro.property.test.ts:188:13
      at AsyncProperty.run (node_modules/fast-check/lib/cjs/fast-check.js:1208:19)
      at asyncRunIt (node_modules/fast-check/lib/cjs/fast-check.js:2503:15)
      at Object.<anonymous> (src/__tests__/properties/checkout-email-registro-pro.property.test.ts:166:7)

  console.error
    [Wompi] Error en getCheckoutUrl: TypeError: supabase_1.supabaseAdmin.from(...).select is not a function
        at PricingService.getPricingConfig (C:\Users\Matt\Lookitry\backend\src\services\pricing.service.ts:18:8)
        at PricingService.calculateTotal (C:\Users\Matt\Lookitry\backend\src\services\pricing.service.ts:38:32)
        at WompiController.getCheckoutUrl (C:\Users\Matt\Lookitry\backend\src\controllers\wompi.controller.ts:317:44)
        at C:\Users\Matt\Lookitry\backend\src\__tests__\properties\checkout-email-registro-pro.property.test.ts:188:30
        at AsyncProperty.predicate (C:\Users\Matt\Lookitry\backend\node_modules\fast-check\lib\cjs\fast-check.js:1272:104)
        at AsyncProperty.run (C:\Users\Matt\Lookitry\backend\node_modules\fast-check\lib\cjs\fast-check.js:1208:30)
        at asyncRunIt (C:\Users\Matt\Lookitry\backend\node_modules\fast-check\lib\cjs\fast-check.js:2503:30)
        at Object.<anonymous> (C:\Users\Matt\Lookitry\backend\src\__tests__\properties\checkout-email-registro-pro.property.test.ts:166:7)

    [0m [90m 345 |[39m       res[33m.[39mjson({ checkoutUrl })[33m;[39m
     [90m 346 |[39m     } [36mcatch[39m (error) {
    [31m[1m>[22m[39m[90m 347 |[39m       console[33m.[39merror([32m'[Wompi] Error en getCheckoutUrl:'[39m[33m,[39m error)[33m;[39m
     [90m     |[39m               [31m[1m^[22m[39m
     [90m 348 |[39m       res[33m.[39mstatus([35m500[39m)[33m.[39mjson({ error[33m:[39m [32m'Error interno'[39m })[33m;[39m
     [90m 349 |[39m     }
     [90m 350 |[39m   }[0m

      at WompiController.getCheckoutUrl (src/controllers/wompi.controller.ts:347:15)
      at src/__tests__/properties/checkout-email-registro-pro.property.test.ts:188:13
      at AsyncProperty.run (node_modules/fast-check/lib/cjs/fast-check.js:1208:19)
      at asyncRunIt (node_modules/fast-check/lib/cjs/fast-check.js:2503:15)
      at Object.<anonymous> (src/__tests__/properties/checkout-email-registro-pro.property.test.ts:166:7)

  console.error
    [Wompi] Error en getCheckoutUrl: TypeError: supabase_1.supabaseAdmin.from(...).select is not a function
        at PricingService.getPricingConfig (C:\Users\Matt\Lookitry\backend\src\services\pricing.service.ts:18:8)
        at PricingService.calculateTotal (C:\Users\Matt\Lookitry\backend\src\services\pricing.service.ts:38:32)
        at WompiController.getCheckoutUrl (C:\Users\Matt\Lookitry\backend\src\controllers\wompi.controller.ts:317:44)
        at C:\Users\Matt\Lookitry\backend\src\__tests__\properties\checkout-email-registro-pro.property.test.ts:188:30
        at AsyncProperty.predicate (C:\Users\Matt\Lookitry\backend\node_modules\fast-check\lib\cjs\fast-check.js:1272:104)
        at AsyncProperty.run (C:\Users\Matt\Lookitry\backend\node_modules\fast-check\lib\cjs\fast-check.js:1208:30)
        at asyncRunIt (C:\Users\Matt\Lookitry\backend\node_modules\fast-check\lib\cjs\fast-check.js:2503:30)
        at Object.<anonymous> (C:\Users\Matt\Lookitry\backend\src\__tests__\properties\checkout-email-registro-pro.property.test.ts:166:7)

    [0m [90m 345 |[39m       res[33m.[39mjson({ checkoutUrl })[33m;[39m
     [90m 346 |[39m     } [36mcatch[39m (error) {
    [31m[1m>[22m[39m[90m 347 |[39m       console[33m.[39merror([32m'[Wompi] Error en getCheckoutUrl:'[39m[33m,[39m error)[33m;[39m
     [90m     |[39m               [31m[1m^[22m[39m
     [90m 348 |[39m       res[33m.[39mstatus([35m500[39m)[33m.[39mjson({ error[33m:[39m [32m'Error interno'[39m })[33m;[39m
     [90m 349 |[39m     }
     [90m 350 |[39m   }[0m

      at WompiController.getCheckoutUrl (src/controllers/wompi.controller.ts:347:15)
      at src/__tests__/properties/checkout-email-registro-pro.property.test.ts:188:13
      at AsyncProperty.run (node_modules/fast-check/lib/cjs/fast-check.js:1208:19)
      at asyncRunIt (node_modules/fast-check/lib/cjs/fast-check.js:2503:15)
      at Object.<anonymous> (src/__tests__/properties/checkout-email-registro-pro.property.test.ts:166:7)

  console.error
    [Wompi] Error en getCheckoutUrl: TypeError: supabase_1.supabaseAdmin.from(...).select is not a function
        at PricingService.getPricingConfig (C:\Users\Matt\Lookitry\backend\src\services\pricing.service.ts:18:8)
        at PricingService.calculateTotal (C:\Users\Matt\Lookitry\backend\src\services\pricing.service.ts:38:32)
        at WompiController.getCheckoutUrl (C:\Users\Matt\Lookitry\backend\src\controllers\wompi.controller.ts:317:44)
        at C:\Users\Matt\Lookitry\backend\src\__tests__\properties\checkout-email-registro-pro.property.test.ts:188:30
        at AsyncProperty.predicate (C:\Users\Matt\Lookitry\backend\node_modules\fast-check\lib\cjs\fast-check.js:1272:104)
        at AsyncProperty.run (C:\Users\Matt\Lookitry\backend\node_modules\fast-check\lib\cjs\fast-check.js:1208:30)
        at asyncRunIt (C:\Users\Matt\Lookitry\backend\node_modules\fast-check\lib\cjs\fast-check.js:2503:30)
        at Object.<anonymous> (C:\Users\Matt\Lookitry\backend\src\__tests__\properties\checkout-email-registro-pro.property.test.ts:166:7)

    [0m [90m 345 |[39m       res[33m.[39mjson({ checkoutUrl })[33m;[39m
     [90m 346 |[39m     } [36mcatch[39m (error) {
    [31m[1m>[22m[39m[90m 347 |[39m       console[33m.[39merror([32m'[Wompi] Error en getCheckoutUrl:'[39m[33m,[39m error)[33m;[39m
     [90m     |[39m               [31m[1m^[22m[39m
     [90m 348 |[39m       res[33m.[39mstatus([35m500[39m)[33m.[39mjson({ error[33m:[39m [32m'Error interno'[39m })[33m;[39m
     [90m 349 |[39m     }
     [90m 350 |[39m   }[0m

      at WompiController.getCheckoutUrl (src/controllers/wompi.controller.ts:347:15)
      at src/__tests__/properties/checkout-email-registro-pro.property.test.ts:188:13
      at AsyncProperty.run (node_modules/fast-check/lib/cjs/fast-check.js:1208:19)
      at asyncRunIt (node_modules/fast-check/lib/cjs/fast-check.js:2503:15)
      at Object.<anonymous> (src/__tests__/properties/checkout-email-registro-pro.property.test.ts:166:7)

  console.error
    [Wompi] Error en getCheckoutUrl: TypeError: supabase_1.supabaseAdmin.from(...).select is not a function
        at PricingService.getPricingConfig (C:\Users\Matt\Lookitry\backend\src\services\pricing.service.ts:18:8)
        at PricingService.calculateTotal (C:\Users\Matt\Lookitry\backend\src\services\pricing.service.ts:38:32)
        at WompiController.getCheckoutUrl (C:\Users\Matt\Lookitry\backend\src\controllers\wompi.controller.ts:317:44)
        at C:\Users\Matt\Lookitry\backend\src\__tests__\properties\checkout-email-registro-pro.property.test.ts:188:30
        at AsyncProperty.predicate (C:\Users\Matt\Lookitry\backend\node_modules\fast-check\lib\cjs\fast-check.js:1272:104)
        at AsyncProperty.run (C:\Users\Matt\Lookitry\backend\node_modules\fast-check\lib\cjs\fast-check.js:1208:30)
        at asyncRunIt (C:\Users\Matt\Lookitry\backend\node_modules\fast-check\lib\cjs\fast-check.js:2503:30)
        at Object.<anonymous> (C:\Users\Matt\Lookitry\backend\src\__tests__\properties\checkout-email-registro-pro.property.test.ts:166:7)

    [0m [90m 345 |[39m       res[33m.[39mjson({ checkoutUrl })[33m;[39m
     [90m 346 |[39m     } [36mcatch[39m (error) {
    [31m[1m>[22m[39m[90m 347 |[39m       console[33m.[39merror([32m'[Wompi] Error en getCheckoutUrl:'[39m[33m,[39m error)[33m;[39m
     [90m     |[39m               [31m[1m^[22m[39m
     [90m 348 |[39m       res[33m.[39mstatus([35m500[39m)[33m.[39mjson({ error[33m:[39m [32m'Error interno'[39m })[33m;[39m
     [90m 349 |[39m     }
     [90m 350 |[39m   }[0m

      at WompiController.getCheckoutUrl (src/controllers/wompi.controller.ts:347:15)
      at src/__tests__/properties/checkout-email-registro-pro.property.test.ts:188:13
      at AsyncProperty.run (node_modules/fast-check/lib/cjs/fast-check.js:1208:19)
      at asyncRunIt (node_modules/fast-check/lib/cjs/fast-check.js:2503:15)
      at Object.<anonymous> (src/__tests__/properties/checkout-email-registro-pro.property.test.ts:166:7)

  console.error
    [Wompi] Error en getCheckoutUrl: TypeError: supabase_1.supabaseAdmin.from(...).select is not a function
        at PricingService.getPricingConfig (C:\Users\Matt\Lookitry\backend\src\services\pricing.service.ts:18:8)
        at PricingService.calculateTotal (C:\Users\Matt\Lookitry\backend\src\services\pricing.service.ts:38:32)
        at WompiController.getCheckoutUrl (C:\Users\Matt\Lookitry\backend\src\controllers\wompi.controller.ts:317:44)
        at C:\Users\Matt\Lookitry\backend\src\__tests__\properties\checkout-email-registro-pro.property.test.ts:188:30
        at AsyncProperty.predicate (C:\Users\Matt\Lookitry\backend\node_modules\fast-check\lib\cjs\fast-check.js:1272:104)
        at AsyncProperty.run (C:\Users\Matt\Lookitry\backend\node_modules\fast-check\lib\cjs\fast-check.js:1208:30)
        at asyncRunIt (C:\Users\Matt\Lookitry\backend\node_modules\fast-check\lib\cjs\fast-check.js:2503:30)
        at Object.<anonymous> (C:\Users\Matt\Lookitry\backend\src\__tests__\properties\checkout-email-registro-pro.property.test.ts:166:7)

    [0m [90m 345 |[39m       res[33m.[39mjson({ checkoutUrl })[33m;[39m
     [90m 346 |[39m     } [36mcatch[39m (error) {
    [31m[1m>[22m[39m[90m 347 |[39m       console[33m.[39merror([32m'[Wompi] Error en getCheckoutUrl:'[39m[33m,[39m error)[33m;[39m
     [90m     |[39m               [31m[1m^[22m[39m
     [90m 348 |[39m       res[33m.[39mstatus([35m500[39m)[33m.[39mjson({ error[33m:[39m [32m'Error interno'[39m })[33m;[39m
     [90m 349 |[39m     }
     [90m 350 |[39m   }[0m

      at WompiController.getCheckoutUrl (src/controllers/wompi.controller.ts:347:15)
      at src/__tests__/properties/checkout-email-registro-pro.property.test.ts:188:13
      at AsyncProperty.run (node_modules/fast-check/lib/cjs/fast-check.js:1208:19)
      at asyncRunIt (node_modules/fast-check/lib/cjs/fast-check.js:2503:15)
      at Object.<anonymous> (src/__tests__/properties/checkout-email-registro-pro.property.test.ts:166:7)

  console.error
    [Wompi] Error en getCheckoutUrl: TypeError: supabase_1.supabaseAdmin.from(...).select is not a function
        at PricingService.getPricingConfig (C:\Users\Matt\Lookitry\backend\src\services\pricing.service.ts:18:8)
        at PricingService.calculateTotal (C:\Users\Matt\Lookitry\backend\src\services\pricing.service.ts:38:32)
        at WompiController.getCheckoutUrl (C:\Users\Matt\Lookitry\backend\src\controllers\wompi.controller.ts:317:44)
        at C:\Users\Matt\Lookitry\backend\src\__tests__\properties\checkout-email-registro-pro.property.test.ts:188:30
        at AsyncProperty.predicate (C:\Users\Matt\Lookitry\backend\node_modules\fast-check\lib\cjs\fast-check.js:1272:104)
        at AsyncProperty.run (C:\Users\Matt\Lookitry\backend\node_modules\fast-check\lib\cjs\fast-check.js:1208:30)
        at asyncRunIt (C:\Users\Matt\Lookitry\backend\node_modules\fast-check\lib\cjs\fast-check.js:2503:30)
        at Object.<anonymous> (C:\Users\Matt\Lookitry\backend\src\__tests__\properties\checkout-email-registro-pro.property.test.ts:166:7)

    [0m [90m 345 |[39m       res[33m.[39mjson({ checkoutUrl })[33m;[39m
     [90m 346 |[39m     } [36mcatch[39m (error) {
    [31m[1m>[22m[39m[90m 347 |[39m       console[33m.[39merror([32m'[Wompi] Error en getCheckoutUrl:'[39m[33m,[39m error)[33m;[39m
     [90m     |[39m               [31m[1m^[22m[39m
     [90m 348 |[39m       res[33m.[39mstatus([35m500[39m)[33m.[39mjson({ error[33m:[39m [32m'Error interno'[39m })[33m;[39m
     [90m 349 |[39m     }
     [90m 350 |[39m   }[0m

      at WompiController.getCheckoutUrl (src/controllers/wompi.controller.ts:347:15)
      at src/__tests__/properties/checkout-email-registro-pro.property.test.ts:188:13
      at AsyncProperty.run (node_modules/fast-check/lib/cjs/fast-check.js:1208:19)
      at asyncRunIt (node_modules/fast-check/lib/cjs/fast-check.js:2503:15)
      at Object.<anonymous> (src/__tests__/properties/checkout-email-registro-pro.property.test.ts:166:7)

  console.error
    [Wompi] Error en getCheckoutUrl: TypeError: supabase_1.supabaseAdmin.from(...).select is not a function
        at PricingService.getPricingConfig (C:\Users\Matt\Lookitry\backend\src\services\pricing.service.ts:18:8)
        at PricingService.calculateTotal (C:\Users\Matt\Lookitry\backend\src\services\pricing.service.ts:38:32)
        at WompiController.getCheckoutUrl (C:\Users\Matt\Lookitry\backend\src\controllers\wompi.controller.ts:317:44)
        at C:\Users\Matt\Lookitry\backend\src\__tests__\properties\checkout-email-registro-pro.property.test.ts:188:30
        at AsyncProperty.predicate (C:\Users\Matt\Lookitry\backend\node_modules\fast-check\lib\cjs\fast-check.js:1272:104)
        at AsyncProperty.run (C:\Users\Matt\Lookitry\backend\node_modules\fast-check\lib\cjs\fast-check.js:1208:30)
        at asyncRunIt (C:\Users\Matt\Lookitry\backend\node_modules\fast-check\lib\cjs\fast-check.js:2503:30)
        at Object.<anonymous> (C:\Users\Matt\Lookitry\backend\src\__tests__\properties\checkout-email-registro-pro.property.test.ts:166:7)

    [0m [90m 345 |[39m       res[33m.[39mjson({ checkoutUrl })[33m;[39m
     [90m 346 |[39m     } [36mcatch[39m (error) {
    [31m[1m>[22m[39m[90m 347 |[39m       console[33m.[39merror([32m'[Wompi] Error en getCheckoutUrl:'[39m[33m,[39m error)[33m;[39m
     [90m     |[39m               [31m[1m^[22m[39m
     [90m 348 |[39m       res[33m.[39mstatus([35m500[39m)[33m.[39mjson({ error[33m:[39m [32m'Error interno'[39m })[33m;[39m
     [90m 349 |[39m     }
     [90m 350 |[39m   }[0m

      at WompiController.getCheckoutUrl (src/controllers/wompi.controller.ts:347:15)
      at src/__tests__/properties/checkout-email-registro-pro.property.test.ts:188:13
      at AsyncProperty.run (node_modules/fast-check/lib/cjs/fast-check.js:1208:19)
      at asyncRunIt (node_modules/fast-check/lib/cjs/fast-check.js:2503:15)
      at Object.<anonymous> (src/__tests__/properties/checkout-email-registro-pro.property.test.ts:166:7)

  console.error
    [Wompi] Error en getCheckoutUrl: TypeError: supabase_1.supabaseAdmin.from(...).select is not a function
        at PricingService.getPricingConfig (C:\Users\Matt\Lookitry\backend\src\services\pricing.service.ts:18:8)
        at PricingService.calculateTotal (C:\Users\Matt\Lookitry\backend\src\services\pricing.service.ts:38:32)
        at WompiController.getCheckoutUrl (C:\Users\Matt\Lookitry\backend\src\controllers\wompi.controller.ts:317:44)
        at C:\Users\Matt\Lookitry\backend\src\__tests__\properties\checkout-email-registro-pro.property.test.ts:188:30
        at AsyncProperty.predicate (C:\Users\Matt\Lookitry\backend\node_modules\fast-check\lib\cjs\fast-check.js:1272:104)
        at AsyncProperty.run (C:\Users\Matt\Lookitry\backend\node_modules\fast-check\lib\cjs\fast-check.js:1208:30)
        at asyncRunIt (C:\Users\Matt\Lookitry\backend\node_modules\fast-check\lib\cjs\fast-check.js:2503:30)
        at Object.<anonymous> (C:\Users\Matt\Lookitry\backend\src\__tests__\properties\checkout-email-registro-pro.property.test.ts:166:7)

    [0m [90m 345 |[39m       res[33m.[39mjson({ checkoutUrl })[33m;[39m
     [90m 346 |[39m     } [36mcatch[39m (error) {
    [31m[1m>[22m[39m[90m 347 |[39m       console[33m.[39merror([32m'[Wompi] Error en getCheckoutUrl:'[39m[33m,[39m error)[33m;[39m
     [90m     |[39m               [31m[1m^[22m[39m
     [90m 348 |[39m       res[33m.[39mstatus([35m500[39m)[33m.[39mjson({ error[33m:[39m [32m'Error interno'[39m })[33m;[39m
     [90m 349 |[39m     }
     [90m 350 |[39m   }[0m

      at WompiController.getCheckoutUrl (src/controllers/wompi.controller.ts:347:15)
      at src/__tests__/properties/checkout-email-registro-pro.property.test.ts:188:13
      at AsyncProperty.run (node_modules/fast-check/lib/cjs/fast-check.js:1208:19)
      at asyncRunIt (node_modules/fast-check/lib/cjs/fast-check.js:2503:15)
      at Object.<anonymous> (src/__tests__/properties/checkout-email-registro-pro.property.test.ts:166:7)

  console.error
    [Wompi] Error en getCheckoutUrl: TypeError: supabase_1.supabaseAdmin.from(...).select is not a function
        at PricingService.getPricingConfig (C:\Users\Matt\Lookitry\backend\src\services\pricing.service.ts:18:8)
        at PricingService.calculateTotal (C:\Users\Matt\Lookitry\backend\src\services\pricing.service.ts:38:32)
        at WompiController.getCheckoutUrl (C:\Users\Matt\Lookitry\backend\src\controllers\wompi.controller.ts:317:44)
        at C:\Users\Matt\Lookitry\backend\src\__tests__\properties\checkout-email-registro-pro.property.test.ts:188:30
        at AsyncProperty.predicate (C:\Users\Matt\Lookitry\backend\node_modules\fast-check\lib\cjs\fast-check.js:1272:104)
        at AsyncProperty.run (C:\Users\Matt\Lookitry\backend\node_modules\fast-check\lib\cjs\fast-check.js:1208:30)
        at asyncRunIt (C:\Users\Matt\Lookitry\backend\node_modules\fast-check\lib\cjs\fast-check.js:2503:30)
        at Object.<anonymous> (C:\Users\Matt\Lookitry\backend\src\__tests__\properties\checkout-email-registro-pro.property.test.ts:166:7)

    [0m [90m 345 |[39m       res[33m.[39mjson({ checkoutUrl })[33m;[39m
     [90m 346 |[39m     } [36mcatch[39m (error) {
    [31m[1m>[22m[39m[90m 347 |[39m       console[33m.[39merror([32m'[Wompi] Error en getCheckoutUrl:'[39m[33m,[39m error)[33m;[39m
     [90m     |[39m               [31m[1m^[22m[39m
     [90m 348 |[39m       res[33m.[39mstatus([35m500[39m)[33m.[39mjson({ error[33m:[39m [32m'Error interno'[39m })[33m;[39m
     [90m 349 |[39m     }
     [90m 350 |[39m   }[0m

      at WompiController.getCheckoutUrl (src/controllers/wompi.controller.ts:347:15)
      at src/__tests__/properties/checkout-email-registro-pro.property.test.ts:188:13
      at AsyncProperty.run (node_modules/fast-check/lib/cjs/fast-check.js:1208:19)
      at asyncRunIt (node_modules/fast-check/lib/cjs/fast-check.js:2503:15)
      at Object.<anonymous> (src/__tests__/properties/checkout-email-registro-pro.property.test.ts:166:7)

  console.error
    [Wompi] Error en getCheckoutUrl: TypeError: supabase_1.supabaseAdmin.from(...).select is not a function
        at PricingService.getPricingConfig (C:\Users\Matt\Lookitry\backend\src\services\pricing.service.ts:18:8)
        at PricingService.calculateTotal (C:\Users\Matt\Lookitry\backend\src\services\pricing.service.ts:38:32)
        at WompiController.getCheckoutUrl (C:\Users\Matt\Lookitry\backend\src\controllers\wompi.controller.ts:317:44)
        at C:\Users\Matt\Lookitry\backend\src\__tests__\properties\checkout-email-registro-pro.property.test.ts:188:30
        at AsyncProperty.predicate (C:\Users\Matt\Lookitry\backend\node_modules\fast-check\lib\cjs\fast-check.js:1272:104)
        at AsyncProperty.run (C:\Users\Matt\Lookitry\backend\node_modules\fast-check\lib\cjs\fast-check.js:1208:30)
        at asyncRunIt (C:\Users\Matt\Lookitry\backend\node_modules\fast-check\lib\cjs\fast-check.js:2503:30)
        at Object.<anonymous> (C:\Users\Matt\Lookitry\backend\src\__tests__\properties\checkout-email-registro-pro.property.test.ts:166:7)

    [0m [90m 345 |[39m       res[33m.[39mjson({ checkoutUrl })[33m;[39m
     [90m 346 |[39m     } [36mcatch[39m (error) {
    [31m[1m>[22m[39m[90m 347 |[39m       console[33m.[39merror([32m'[Wompi] Error en getCheckoutUrl:'[39m[33m,[39m error)[33m;[39m
     [90m     |[39m               [31m[1m^[22m[39m
     [90m 348 |[39m       res[33m.[39mstatus([35m500[39m)[33m.[39mjson({ error[33m:[39m [32m'Error interno'[39m })[33m;[39m
     [90m 349 |[39m     }
     [90m 350 |[39m   }[0m

      at WompiController.getCheckoutUrl (src/controllers/wompi.controller.ts:347:15)
      at src/__tests__/properties/checkout-email-registro-pro.property.test.ts:188:13
      at AsyncProperty.run (node_modules/fast-check/lib/cjs/fast-check.js:1208:19)
      at asyncRunIt (node_modules/fast-check/lib/cjs/fast-check.js:2503:15)
      at Object.<anonymous> (src/__tests__/properties/checkout-email-registro-pro.property.test.ts:166:7)

  console.error
    [Wompi] Error en getCheckoutUrl: TypeError: supabase_1.supabaseAdmin.from(...).select is not a function
        at PricingService.getPricingConfig (C:\Users\Matt\Lookitry\backend\src\services\pricing.service.ts:18:8)
        at PricingService.calculateTotal (C:\Users\Matt\Lookitry\backend\src\services\pricing.service.ts:38:32)
        at WompiController.getCheckoutUrl (C:\Users\Matt\Lookitry\backend\src\controllers\wompi.controller.ts:317:44)
        at C:\Users\Matt\Lookitry\backend\src\__tests__\properties\checkout-email-registro-pro.property.test.ts:188:30
        at AsyncProperty.predicate (C:\Users\Matt\Lookitry\backend\node_modules\fast-check\lib\cjs\fast-check.js:1272:104)
        at AsyncProperty.run (C:\Users\Matt\Lookitry\backend\node_modules\fast-check\lib\cjs\fast-check.js:1208:30)
        at asyncRunIt (C:\Users\Matt\Lookitry\backend\node_modules\fast-check\lib\cjs\fast-check.js:2503:30)
        at Object.<anonymous> (C:\Users\Matt\Lookitry\backend\src\__tests__\properties\checkout-email-registro-pro.property.test.ts:166:7)

    [0m [90m 345 |[39m       res[33m.[39mjson({ checkoutUrl })[33m;[39m
     [90m 346 |[39m     } [36mcatch[39m (error) {
    [31m[1m>[22m[39m[90m 347 |[39m       console[33m.[39merror([32m'[Wompi] Error en getCheckoutUrl:'[39m[33m,[39m error)[33m;[39m
     [90m     |[39m               [31m[1m^[22m[39m
     [90m 348 |[39m       res[33m.[39mstatus([35m500[39m)[33m.[39mjson({ error[33m:[39m [32m'Error interno'[39m })[33m;[39m
     [90m 349 |[39m     }
     [90m 350 |[39m   }[0m

      at WompiController.getCheckoutUrl (src/controllers/wompi.controller.ts:347:15)
      at src/__tests__/properties/checkout-email-registro-pro.property.test.ts:188:13
      at AsyncProperty.run (node_modules/fast-check/lib/cjs/fast-check.js:1208:19)
      at asyncRunIt (node_modules/fast-check/lib/cjs/fast-check.js:2503:15)
      at Object.<anonymous> (src/__tests__/properties/checkout-email-registro-pro.property.test.ts:166:7)

  console.error
    [Wompi] Error en getCheckoutUrl: TypeError: supabase_1.supabaseAdmin.from(...).select is not a function
        at PricingService.getPricingConfig (C:\Users\Matt\Lookitry\backend\src\services\pricing.service.ts:18:8)
        at PricingService.calculateTotal (C:\Users\Matt\Lookitry\backend\src\services\pricing.service.ts:38:32)
        at WompiController.getCheckoutUrl (C:\Users\Matt\Lookitry\backend\src\controllers\wompi.controller.ts:317:44)
        at C:\Users\Matt\Lookitry\backend\src\__tests__\properties\checkout-email-registro-pro.property.test.ts:188:30
        at AsyncProperty.predicate (C:\Users\Matt\Lookitry\backend\node_modules\fast-check\lib\cjs\fast-check.js:1272:104)
        at AsyncProperty.run (C:\Users\Matt\Lookitry\backend\node_modules\fast-check\lib\cjs\fast-check.js:1208:30)
        at asyncRunIt (C:\Users\Matt\Lookitry\backend\node_modules\fast-check\lib\cjs\fast-check.js:2503:30)
        at Object.<anonymous> (C:\Users\Matt\Lookitry\backend\src\__tests__\properties\checkout-email-registro-pro.property.test.ts:166:7)

    [0m [90m 345 |[39m       res[33m.[39mjson({ checkoutUrl })[33m;[39m
     [90m 346 |[39m     } [36mcatch[39m (error) {
    [31m[1m>[22m[39m[90m 347 |[39m       console[33m.[39merror([32m'[Wompi] Error en getCheckoutUrl:'[39m[33m,[39m error)[33m;[39m
     [90m     |[39m               [31m[1m^[22m[39m
     [90m 348 |[39m       res[33m.[39mstatus([35m500[39m)[33m.[39mjson({ error[33m:[39m [32m'Error interno'[39m })[33m;[39m
     [90m 349 |[39m     }
     [90m 350 |[39m   }[0m

      at WompiController.getCheckoutUrl (src/controllers/wompi.controller.ts:347:15)
      at src/__tests__/properties/checkout-email-registro-pro.property.test.ts:188:13
      at AsyncProperty.run (node_modules/fast-check/lib/cjs/fast-check.js:1208:19)
      at asyncRunIt (node_modules/fast-check/lib/cjs/fast-check.js:2503:15)
      at Object.<anonymous> (src/__tests__/properties/checkout-email-registro-pro.property.test.ts:166:7)

  console.error
    [Wompi] Error en getCheckoutUrl: TypeError: supabase_1.supabaseAdmin.from(...).select is not a function
        at PricingService.getPricingConfig (C:\Users\Matt\Lookitry\backend\src\services\pricing.service.ts:18:8)
        at PricingService.calculateTotal (C:\Users\Matt\Lookitry\backend\src\services\pricing.service.ts:38:32)
        at WompiController.getCheckoutUrl (C:\Users\Matt\Lookitry\backend\src\controllers\wompi.controller.ts:317:44)
        at C:\Users\Matt\Lookitry\backend\src\__tests__\properties\checkout-email-registro-pro.property.test.ts:188:30
        at AsyncProperty.predicate (C:\Users\Matt\Lookitry\backend\node_modules\fast-check\lib\cjs\fast-check.js:1272:104)
        at AsyncProperty.run (C:\Users\Matt\Lookitry\backend\node_modules\fast-check\lib\cjs\fast-check.js:1208:30)
        at asyncRunIt (C:\Users\Matt\Lookitry\backend\node_modules\fast-check\lib\cjs\fast-check.js:2503:30)
        at Object.<anonymous> (C:\Users\Matt\Lookitry\backend\src\__tests__\properties\checkout-email-registro-pro.property.test.ts:166:7)

    [0m [90m 345 |[39m       res[33m.[39mjson({ checkoutUrl })[33m;[39m
     [90m 346 |[39m     } [36mcatch[39m (error) {
    [31m[1m>[22m[39m[90m 347 |[39m       console[33m.[39merror([32m'[Wompi] Error en getCheckoutUrl:'[39m[33m,[39m error)[33m;[39m
     [90m     |[39m               [31m[1m^[22m[39m
     [90m 348 |[39m       res[33m.[39mstatus([35m500[39m)[33m.[39mjson({ error[33m:[39m [32m'Error interno'[39m })[33m;[39m
     [90m 349 |[39m     }
     [90m 350 |[39m   }[0m

      at WompiController.getCheckoutUrl (src/controllers/wompi.controller.ts:347:15)
      at src/__tests__/properties/checkout-email-registro-pro.property.test.ts:188:13
      at AsyncProperty.run (node_modules/fast-check/lib/cjs/fast-check.js:1208:19)
      at asyncRunIt (node_modules/fast-check/lib/cjs/fast-check.js:2503:15)
      at Object.<anonymous> (src/__tests__/properties/checkout-email-registro-pro.property.test.ts:166:7)

  console.error
    [Wompi] Error en getCheckoutUrl: TypeError: supabase_1.supabaseAdmin.from(...).select is not a function
        at PricingService.getPricingConfig (C:\Users\Matt\Lookitry\backend\src\services\pricing.service.ts:18:8)
        at PricingService.calculateTotal (C:\Users\Matt\Lookitry\backend\src\services\pricing.service.ts:38:32)
        at WompiController.getCheckoutUrl (C:\Users\Matt\Lookitry\backend\src\controllers\wompi.controller.ts:317:44)
        at C:\Users\Matt\Lookitry\backend\src\__tests__\properties\checkout-email-registro-pro.property.test.ts:188:30
        at AsyncProperty.predicate (C:\Users\Matt\Lookitry\backend\node_modules\fast-check\lib\cjs\fast-check.js:1272:104)
        at AsyncProperty.run (C:\Users\Matt\Lookitry\backend\node_modules\fast-check\lib\cjs\fast-check.js:1208:30)
        at asyncRunIt (C:\Users\Matt\Lookitry\backend\node_modules\fast-check\lib\cjs\fast-check.js:2503:30)
        at Object.<anonymous> (C:\Users\Matt\Lookitry\backend\src\__tests__\properties\checkout-email-registro-pro.property.test.ts:166:7)

    [0m [90m 345 |[39m       res[33m.[39mjson({ checkoutUrl })[33m;[39m
     [90m 346 |[39m     } [36mcatch[39m (error) {
    [31m[1m>[22m[39m[90m 347 |[39m       console[33m.[39merror([32m'[Wompi] Error en getCheckoutUrl:'[39m[33m,[39m error)[33m;[39m
     [90m     |[39m               [31m[1m^[22m[39m
     [90m 348 |[39m       res[33m.[39mstatus([35m500[39m)[33m.[39mjson({ error[33m:[39m [32m'Error interno'[39m })[33m;[39m
     [90m 349 |[39m     }
     [90m 350 |[39m   }[0m

      at WompiController.getCheckoutUrl (src/controllers/wompi.controller.ts:347:15)
      at src/__tests__/properties/checkout-email-registro-pro.property.test.ts:188:13
      at AsyncProperty.run (node_modules/fast-check/lib/cjs/fast-check.js:1208:19)
      at asyncRunIt (node_modules/fast-check/lib/cjs/fast-check.js:2503:15)
      at Object.<anonymous> (src/__tests__/properties/checkout-email-registro-pro.property.test.ts:166:7)

  console.error
    [Wompi] Error en getCheckoutUrl: TypeError: supabase_1.supabaseAdmin.from(...).select is not a function
        at PricingService.getPricingConfig (C:\Users\Matt\Lookitry\backend\src\services\pricing.service.ts:18:8)
        at PricingService.calculateTotal (C:\Users\Matt\Lookitry\backend\src\services\pricing.service.ts:38:32)
        at WompiController.getCheckoutUrl (C:\Users\Matt\Lookitry\backend\src\controllers\wompi.controller.ts:317:44)
        at C:\Users\Matt\Lookitry\backend\src\__tests__\properties\checkout-email-registro-pro.property.test.ts:188:30
        at AsyncProperty.predicate (C:\Users\Matt\Lookitry\backend\node_modules\fast-check\lib\cjs\fast-check.js:1272:104)
        at AsyncProperty.run (C:\Users\Matt\Lookitry\backend\node_modules\fast-check\lib\cjs\fast-check.js:1208:30)
        at asyncRunIt (C:\Users\Matt\Lookitry\backend\node_modules\fast-check\lib\cjs\fast-check.js:2503:30)
        at Object.<anonymous> (C:\Users\Matt\Lookitry\backend\src\__tests__\properties\checkout-email-registro-pro.property.test.ts:166:7)

    [0m [90m 345 |[39m       res[33m.[39mjson({ checkoutUrl })[33m;[39m
     [90m 346 |[39m     } [36mcatch[39m (error) {
    [31m[1m>[22m[39m[90m 347 |[39m       console[33m.[39merror([32m'[Wompi] Error en getCheckoutUrl:'[39m[33m,[39m error)[33m;[39m
     [90m     |[39m               [31m[1m^[22m[39m
     [90m 348 |[39m       res[33m.[39mstatus([35m500[39m)[33m.[39mjson({ error[33m:[39m [32m'Error interno'[39m })[33m;[39m
     [90m 349 |[39m     }
     [90m 350 |[39m   }[0m

      at WompiController.getCheckoutUrl (src/controllers/wompi.controller.ts:347:15)
      at src/__tests__/properties/checkout-email-registro-pro.property.test.ts:188:13
      at AsyncProperty.run (node_modules/fast-check/lib/cjs/fast-check.js:1208:19)
      at asyncRunIt (node_modules/fast-check/lib/cjs/fast-check.js:2503:15)
      at Object.<anonymous> (src/__tests__/properties/checkout-email-registro-pro.property.test.ts:166:7)

  console.error
    [Wompi] Error en getCheckoutUrl: TypeError: supabase_1.supabaseAdmin.from(...).select is not a function
        at PricingService.getPricingConfig (C:\Users\Matt\Lookitry\backend\src\services\pricing.service.ts:18:8)
        at PricingService.calculateTotal (C:\Users\Matt\Lookitry\backend\src\services\pricing.service.ts:38:32)
        at WompiController.getCheckoutUrl (C:\Users\Matt\Lookitry\backend\src\controllers\wompi.controller.ts:317:44)
        at C:\Users\Matt\Lookitry\backend\src\__tests__\properties\checkout-email-registro-pro.property.test.ts:188:30
        at AsyncProperty.predicate (C:\Users\Matt\Lookitry\backend\node_modules\fast-check\lib\cjs\fast-check.js:1272:104)
        at AsyncProperty.run (C:\Users\Matt\Lookitry\backend\node_modules\fast-check\lib\cjs\fast-check.js:1208:30)
        at asyncRunIt (C:\Users\Matt\Lookitry\backend\node_modules\fast-check\lib\cjs\fast-check.js:2503:30)
        at Object.<anonymous> (C:\Users\Matt\Lookitry\backend\src\__tests__\properties\checkout-email-registro-pro.property.test.ts:166:7)

    [0m [90m 345 |[39m       res[33m.[39mjson({ checkoutUrl })[33m;[39m
     [90m 346 |[39m     } [36mcatch[39m (error) {
    [31m[1m>[22m[39m[90m 347 |[39m       console[33m.[39merror([32m'[Wompi] Error en getCheckoutUrl:'[39m[33m,[39m error)[33m;[39m
     [90m     |[39m               [31m[1m^[22m[39m
     [90m 348 |[39m       res[33m.[39mstatus([35m500[39m)[33m.[39mjson({ error[33m:[39m [32m'Error interno'[39m })[33m;[39m
     [90m 349 |[39m     }
     [90m 350 |[39m   }[0m

      at WompiController.getCheckoutUrl (src/controllers/wompi.controller.ts:347:15)
      at src/__tests__/properties/checkout-email-registro-pro.property.test.ts:188:13
      at AsyncProperty.run (node_modules/fast-check/lib/cjs/fast-check.js:1208:19)
      at asyncRunIt (node_modules/fast-check/lib/cjs/fast-check.js:2503:15)
      at Object.<anonymous> (src/__tests__/properties/checkout-email-registro-pro.property.test.ts:166:7)

  console.error
    [Wompi] Error en getCheckoutUrl: TypeError: supabase_1.supabaseAdmin.from(...).select is not a function
        at PricingService.getPricingConfig (C:\Users\Matt\Lookitry\backend\src\services\pricing.service.ts:18:8)
        at PricingService.calculateTotal (C:\Users\Matt\Lookitry\backend\src\services\pricing.service.ts:38:32)
        at WompiController.getCheckoutUrl (C:\Users\Matt\Lookitry\backend\src\controllers\wompi.controller.ts:317:44)
        at C:\Users\Matt\Lookitry\backend\src\__tests__\properties\checkout-email-registro-pro.property.test.ts:188:30
        at AsyncProperty.predicate (C:\Users\Matt\Lookitry\backend\node_modules\fast-check\lib\cjs\fast-check.js:1272:104)
        at AsyncProperty.run (C:\Users\Matt\Lookitry\backend\node_modules\fast-check\lib\cjs\fast-check.js:1208:30)
        at asyncRunIt (C:\Users\Matt\Lookitry\backend\node_modules\fast-check\lib\cjs\fast-check.js:2503:30)
        at Object.<anonymous> (C:\Users\Matt\Lookitry\backend\src\__tests__\properties\checkout-email-registro-pro.property.test.ts:166:7)

    [0m [90m 345 |[39m       res[33m.[39mjson({ checkoutUrl })[33m;[39m
     [90m 346 |[39m     } [36mcatch[39m (error) {
    [31m[1m>[22m[39m[90m 347 |[39m       console[33m.[39merror([32m'[Wompi] Error en getCheckoutUrl:'[39m[33m,[39m error)[33m;[39m
     [90m     |[39m               [31m[1m^[22m[39m
     [90m 348 |[39m       res[33m.[39mstatus([35m500[39m)[33m.[39mjson({ error[33m:[39m [32m'Error interno'[39m })[33m;[39m
     [90m 349 |[39m     }
     [90m 350 |[39m   }[0m

      at WompiController.getCheckoutUrl (src/controllers/wompi.controller.ts:347:15)
      at src/__tests__/properties/checkout-email-registro-pro.property.test.ts:188:13
      at AsyncProperty.run (node_modules/fast-check/lib/cjs/fast-check.js:1208:19)
      at asyncRunIt (node_modules/fast-check/lib/cjs/fast-check.js:2503:15)
      at Object.<anonymous> (src/__tests__/properties/checkout-email-registro-pro.property.test.ts:166:7)

  console.error
    [Wompi] Error en getCheckoutUrl: TypeError: supabase_1.supabaseAdmin.from(...).select is not a function
        at PricingService.getPricingConfig (C:\Users\Matt\Lookitry\backend\src\services\pricing.service.ts:18:8)
        at PricingService.calculateTotal (C:\Users\Matt\Lookitry\backend\src\services\pricing.service.ts:38:32)
        at WompiController.getCheckoutUrl (C:\Users\Matt\Lookitry\backend\src\controllers\wompi.controller.ts:317:44)
        at C:\Users\Matt\Lookitry\backend\src\__tests__\properties\checkout-email-registro-pro.property.test.ts:188:30
        at AsyncProperty.predicate (C:\Users\Matt\Lookitry\backend\node_modules\fast-check\lib\cjs\fast-check.js:1272:104)
        at AsyncProperty.run (C:\Users\Matt\Lookitry\backend\node_modules\fast-check\lib\cjs\fast-check.js:1208:30)
        at asyncRunIt (C:\Users\Matt\Lookitry\backend\node_modules\fast-check\lib\cjs\fast-check.js:2503:30)
        at Object.<anonymous> (C:\Users\Matt\Lookitry\backend\src\__tests__\properties\checkout-email-registro-pro.property.test.ts:166:7)

    [0m [90m 345 |[39m       res[33m.[39mjson({ checkoutUrl })[33m;[39m
     [90m 346 |[39m     } [36mcatch[39m (error) {
    [31m[1m>[22m[39m[90m 347 |[39m       console[33m.[39merror([32m'[Wompi] Error en getCheckoutUrl:'[39m[33m,[39m error)[33m;[39m
     [90m     |[39m               [31m[1m^[22m[39m
     [90m 348 |[39m       res[33m.[39mstatus([35m500[39m)[33m.[39mjson({ error[33m:[39m [32m'Error interno'[39m })[33m;[39m
     [90m 349 |[39m     }
     [90m 350 |[39m   }[0m

      at WompiController.getCheckoutUrl (src/controllers/wompi.controller.ts:347:15)
      at src/__tests__/properties/checkout-email-registro-pro.property.test.ts:188:13
      at AsyncProperty.run (node_modules/fast-check/lib/cjs/fast-check.js:1208:19)
      at asyncRunIt (node_modules/fast-check/lib/cjs/fast-check.js:2503:15)
      at Object.<anonymous> (src/__tests__/properties/checkout-email-registro-pro.property.test.ts:166:7)

  console.error
    [Wompi] Error en getCheckoutUrl: TypeError: supabase_1.supabaseAdmin.from(...).select is not a function
        at PricingService.getPricingConfig (C:\Users\Matt\Lookitry\backend\src\services\pricing.service.ts:18:8)
        at PricingService.calculateTotal (C:\Users\Matt\Lookitry\backend\src\services\pricing.service.ts:38:32)
        at WompiController.getCheckoutUrl (C:\Users\Matt\Lookitry\backend\src\controllers\wompi.controller.ts:317:44)
        at C:\Users\Matt\Lookitry\backend\src\__tests__\properties\checkout-email-registro-pro.property.test.ts:188:30
        at AsyncProperty.predicate (C:\Users\Matt\Lookitry\backend\node_modules\fast-check\lib\cjs\fast-check.js:1272:104)
        at AsyncProperty.run (C:\Users\Matt\Lookitry\backend\node_modules\fast-check\lib\cjs\fast-check.js:1208:30)
        at asyncRunIt (C:\Users\Matt\Lookitry\backend\node_modules\fast-check\lib\cjs\fast-check.js:2503:30)
        at Object.<anonymous> (C:\Users\Matt\Lookitry\backend\src\__tests__\properties\checkout-email-registro-pro.property.test.ts:166:7)

    [0m [90m 345 |[39m       res[33m.[39mjson({ checkoutUrl })[33m;[39m
     [90m 346 |[39m     } [36mcatch[39m (error) {
    [31m[1m>[22m[39m[90m 347 |[39m       console[33m.[39merror([32m'[Wompi] Error en getCheckoutUrl:'[39m[33m,[39m error)[33m;[39m
     [90m     |[39m               [31m[1m^[22m[39m
     [90m 348 |[39m       res[33m.[39mstatus([35m500[39m)[33m.[39mjson({ error[33m:[39m [32m'Error interno'[39m })[33m;[39m
     [90m 349 |[39m     }
     [90m 350 |[39m   }[0m

      at WompiController.getCheckoutUrl (src/controllers/wompi.controller.ts:347:15)
      at src/__tests__/properties/checkout-email-registro-pro.property.test.ts:188:13
      at AsyncProperty.run (node_modules/fast-check/lib/cjs/fast-check.js:1208:19)
      at asyncRunIt (node_modules/fast-check/lib/cjs/fast-check.js:2503:15)
      at Object.<anonymous> (src/__tests__/properties/checkout-email-registro-pro.property.test.ts:166:7)

  console.error
    [Wompi] Error en getCheckoutUrl: TypeError: supabase_1.supabaseAdmin.from(...).select is not a function
        at PricingService.getPricingConfig (C:\Users\Matt\Lookitry\backend\src\services\pricing.service.ts:18:8)
        at PricingService.calculateTotal (C:\Users\Matt\Lookitry\backend\src\services\pricing.service.ts:38:32)
        at WompiController.getCheckoutUrl (C:\Users\Matt\Lookitry\backend\src\controllers\wompi.controller.ts:317:44)
        at C:\Users\Matt\Lookitry\backend\src\__tests__\properties\checkout-email-registro-pro.property.test.ts:188:30
        at AsyncProperty.predicate (C:\Users\Matt\Lookitry\backend\node_modules\fast-check\lib\cjs\fast-check.js:1272:104)
        at AsyncProperty.run (C:\Users\Matt\Lookitry\backend\node_modules\fast-check\lib\cjs\fast-check.js:1208:30)
        at asyncRunIt (C:\Users\Matt\Lookitry\backend\node_modules\fast-check\lib\cjs\fast-check.js:2503:30)
        at Object.<anonymous> (C:\Users\Matt\Lookitry\backend\src\__tests__\properties\checkout-email-registro-pro.property.test.ts:166:7)

    [0m [90m 345 |[39m       res[33m.[39mjson({ checkoutUrl })[33m;[39m
     [90m 346 |[39m     } [36mcatch[39m (error) {
    [31m[1m>[22m[39m[90m 347 |[39m       console[33m.[39merror([32m'[Wompi] Error en getCheckoutUrl:'[39m[33m,[39m error)[33m;[39m
     [90m     |[39m               [31m[1m^[22m[39m
     [90m 348 |[39m       res[33m.[39mstatus([35m500[39m)[33m.[39mjson({ error[33m:[39m [32m'Error interno'[39m })[33m;[39m
     [90m 349 |[39m     }
     [90m 350 |[39m   }[0m

      at WompiController.getCheckoutUrl (src/controllers/wompi.controller.ts:347:15)
      at src/__tests__/properties/checkout-email-registro-pro.property.test.ts:188:13
      at AsyncProperty.run (node_modules/fast-check/lib/cjs/fast-check.js:1208:19)
      at asyncRunIt (node_modules/fast-check/lib/cjs/fast-check.js:2503:15)
      at Object.<anonymous> (src/__tests__/properties/checkout-email-registro-pro.property.test.ts:166:7)

  console.error
    [Wompi] Error en getCheckoutUrl: TypeError: supabase_1.supabaseAdmin.from(...).select is not a function
        at PricingService.getPricingConfig (C:\Users\Matt\Lookitry\backend\src\services\pricing.service.ts:18:8)
        at PricingService.calculateTotal (C:\Users\Matt\Lookitry\backend\src\services\pricing.service.ts:38:32)
        at WompiController.getCheckoutUrl (C:\Users\Matt\Lookitry\backend\src\controllers\wompi.controller.ts:317:44)
        at C:\Users\Matt\Lookitry\backend\src\__tests__\properties\checkout-email-registro-pro.property.test.ts:188:30
        at AsyncProperty.predicate (C:\Users\Matt\Lookitry\backend\node_modules\fast-check\lib\cjs\fast-check.js:1272:104)
        at AsyncProperty.run (C:\Users\Matt\Lookitry\backend\node_modules\fast-check\lib\cjs\fast-check.js:1208:30)
        at asyncRunIt (C:\Users\Matt\Lookitry\backend\node_modules\fast-check\lib\cjs\fast-check.js:2503:30)
        at Object.<anonymous> (C:\Users\Matt\Lookitry\backend\src\__tests__\properties\checkout-email-registro-pro.property.test.ts:166:7)

    [0m [90m 345 |[39m       res[33m.[39mjson({ checkoutUrl })[33m;[39m
     [90m 346 |[39m     } [36mcatch[39m (error) {
    [31m[1m>[22m[39m[90m 347 |[39m       console[33m.[39merror([32m'[Wompi] Error en getCheckoutUrl:'[39m[33m,[39m error)[33m;[39m
     [90m     |[39m               [31m[1m^[22m[39m
     [90m 348 |[39m       res[33m.[39mstatus([35m500[39m)[33m.[39mjson({ error[33m:[39m [32m'Error interno'[39m })[33m;[39m
     [90m 349 |[39m     }
     [90m 350 |[39m   }[0m

      at WompiController.getCheckoutUrl (src/controllers/wompi.controller.ts:347:15)
      at src/__tests__/properties/checkout-email-registro-pro.property.test.ts:188:13
      at AsyncProperty.run (node_modules/fast-check/lib/cjs/fast-check.js:1208:19)
      at asyncRunIt (node_modules/fast-check/lib/cjs/fast-check.js:2503:15)
      at Object.<anonymous> (src/__tests__/properties/checkout-email-registro-pro.property.test.ts:166:7)

  console.error
    [Wompi] Error en getCheckoutUrl: TypeError: supabase_1.supabaseAdmin.from(...).select is not a function
        at PricingService.getPricingConfig (C:\Users\Matt\Lookitry\backend\src\services\pricing.service.ts:18:8)
        at PricingService.calculateTotal (C:\Users\Matt\Lookitry\backend\src\services\pricing.service.ts:38:32)
        at WompiController.getCheckoutUrl (C:\Users\Matt\Lookitry\backend\src\controllers\wompi.controller.ts:317:44)
        at C:\Users\Matt\Lookitry\backend\src\__tests__\properties\checkout-email-registro-pro.property.test.ts:188:30
        at AsyncProperty.predicate (C:\Users\Matt\Lookitry\backend\node_modules\fast-check\lib\cjs\fast-check.js:1272:104)
        at AsyncProperty.run (C:\Users\Matt\Lookitry\backend\node_modules\fast-check\lib\cjs\fast-check.js:1208:30)
        at asyncRunIt (C:\Users\Matt\Lookitry\backend\node_modules\fast-check\lib\cjs\fast-check.js:2503:30)
        at Object.<anonymous> (C:\Users\Matt\Lookitry\backend\src\__tests__\properties\checkout-email-registro-pro.property.test.ts:166:7)

    [0m [90m 345 |[39m       res[33m.[39mjson({ checkoutUrl })[33m;[39m
     [90m 346 |[39m     } [36mcatch[39m (error) {
    [31m[1m>[22m[39m[90m 347 |[39m       console[33m.[39merror([32m'[Wompi] Error en getCheckoutUrl:'[39m[33m,[39m error)[33m;[39m
     [90m     |[39m               [31m[1m^[22m[39m
     [90m 348 |[39m       res[33m.[39mstatus([35m500[39m)[33m.[39mjson({ error[33m:[39m [32m'Error interno'[39m })[33m;[39m
     [90m 349 |[39m     }
     [90m 350 |[39m   }[0m

      at WompiController.getCheckoutUrl (src/controllers/wompi.controller.ts:347:15)
      at src/__tests__/properties/checkout-email-registro-pro.property.test.ts:188:13
      at AsyncProperty.run (node_modules/fast-check/lib/cjs/fast-check.js:1208:19)
      at asyncRunIt (node_modules/fast-check/lib/cjs/fast-check.js:2503:15)
      at Object.<anonymous> (src/__tests__/properties/checkout-email-registro-pro.property.test.ts:166:7)

  console.error
    [Wompi] Error en getCheckoutUrl: TypeError: supabase_1.supabaseAdmin.from(...).select is not a function
        at PricingService.getPricingConfig (C:\Users\Matt\Lookitry\backend\src\services\pricing.service.ts:18:8)
        at PricingService.calculateTotal (C:\Users\Matt\Lookitry\backend\src\services\pricing.service.ts:38:32)
        at WompiController.getCheckoutUrl (C:\Users\Matt\Lookitry\backend\src\controllers\wompi.controller.ts:317:44)
        at C:\Users\Matt\Lookitry\backend\src\__tests__\properties\checkout-email-registro-pro.property.test.ts:188:30
        at AsyncProperty.predicate (C:\Users\Matt\Lookitry\backend\node_modules\fast-check\lib\cjs\fast-check.js:1272:104)
        at AsyncProperty.run (C:\Users\Matt\Lookitry\backend\node_modules\fast-check\lib\cjs\fast-check.js:1208:30)
        at asyncRunIt (C:\Users\Matt\Lookitry\backend\node_modules\fast-check\lib\cjs\fast-check.js:2503:30)
        at Object.<anonymous> (C:\Users\Matt\Lookitry\backend\src\__tests__\properties\checkout-email-registro-pro.property.test.ts:166:7)

    [0m [90m 345 |[39m       res[33m.[39mjson({ checkoutUrl })[33m;[39m
     [90m 346 |[39m     } [36mcatch[39m (error) {
    [31m[1m>[22m[39m[90m 347 |[39m       console[33m.[39merror([32m'[Wompi] Error en getCheckoutUrl:'[39m[33m,[39m error)[33m;[39m
     [90m     |[39m               [31m[1m^[22m[39m
     [90m 348 |[39m       res[33m.[39mstatus([35m500[39m)[33m.[39mjson({ error[33m:[39m [32m'Error interno'[39m })[33m;[39m
     [90m 349 |[39m     }
     [90m 350 |[39m   }[0m

      at WompiController.getCheckoutUrl (src/controllers/wompi.controller.ts:347:15)
      at src/__tests__/properties/checkout-email-registro-pro.property.test.ts:188:13
      at AsyncProperty.run (node_modules/fast-check/lib/cjs/fast-check.js:1208:19)
      at asyncRunIt (node_modules/fast-check/lib/cjs/fast-check.js:2503:15)
      at Object.<anonymous> (src/__tests__/properties/checkout-email-registro-pro.property.test.ts:166:7)

  console.error
    [Wompi] Error en getCheckoutUrl: TypeError: supabase_1.supabaseAdmin.from(...).select is not a function
        at PricingService.getPricingConfig (C:\Users\Matt\Lookitry\backend\src\services\pricing.service.ts:18:8)
        at PricingService.calculateTotal (C:\Users\Matt\Lookitry\backend\src\services\pricing.service.ts:38:32)
        at WompiController.getCheckoutUrl (C:\Users\Matt\Lookitry\backend\src\controllers\wompi.controller.ts:317:44)
        at C:\Users\Matt\Lookitry\backend\src\__tests__\properties\checkout-email-registro-pro.property.test.ts:188:30
        at AsyncProperty.predicate (C:\Users\Matt\Lookitry\backend\node_modules\fast-check\lib\cjs\fast-check.js:1272:104)
        at AsyncProperty.run (C:\Users\Matt\Lookitry\backend\node_modules\fast-check\lib\cjs\fast-check.js:1208:30)
        at asyncRunIt (C:\Users\Matt\Lookitry\backend\node_modules\fast-check\lib\cjs\fast-check.js:2503:30)
        at Object.<anonymous> (C:\Users\Matt\Lookitry\backend\src\__tests__\properties\checkout-email-registro-pro.property.test.ts:166:7)

    [0m [90m 345 |[39m       res[33m.[39mjson({ checkoutUrl })[33m;[39m
     [90m 346 |[39m     } [36mcatch[39m (error) {
    [31m[1m>[22m[39m[90m 347 |[39m       console[33m.[39merror([32m'[Wompi] Error en getCheckoutUrl:'[39m[33m,[39m error)[33m;[39m
     [90m     |[39m               [31m[1m^[22m[39m
     [90m 348 |[39m       res[33m.[39mstatus([35m500[39m)[33m.[39mjson({ error[33m:[39m [32m'Error interno'[39m })[33m;[39m
     [90m 349 |[39m     }
     [90m 350 |[39m   }[0m

      at WompiController.getCheckoutUrl (src/controllers/wompi.controller.ts:347:15)
      at src/__tests__/properties/checkout-email-registro-pro.property.test.ts:188:13
      at AsyncProperty.run (node_modules/fast-check/lib/cjs/fast-check.js:1208:19)
      at asyncRunIt (node_modules/fast-check/lib/cjs/fast-check.js:2503:15)
      at Object.<anonymous> (src/__tests__/properties/checkout-email-registro-pro.property.test.ts:166:7)

  console.error
    [Wompi] Error en getCheckoutUrl: TypeError: supabase_1.supabaseAdmin.from(...).select is not a function
        at PricingService.getPricingConfig (C:\Users\Matt\Lookitry\backend\src\services\pricing.service.ts:18:8)
        at PricingService.calculateTotal (C:\Users\Matt\Lookitry\backend\src\services\pricing.service.ts:38:32)
        at WompiController.getCheckoutUrl (C:\Users\Matt\Lookitry\backend\src\controllers\wompi.controller.ts:317:44)
        at C:\Users\Matt\Lookitry\backend\src\__tests__\properties\checkout-email-registro-pro.property.test.ts:188:30
        at AsyncProperty.predicate (C:\Users\Matt\Lookitry\backend\node_modules\fast-check\lib\cjs\fast-check.js:1272:104)
        at AsyncProperty.run (C:\Users\Matt\Lookitry\backend\node_modules\fast-check\lib\cjs\fast-check.js:1208:30)
        at asyncRunIt (C:\Users\Matt\Lookitry\backend\node_modules\fast-check\lib\cjs\fast-check.js:2503:30)
        at Object.<anonymous> (C:\Users\Matt\Lookitry\backend\src\__tests__\properties\checkout-email-registro-pro.property.test.ts:166:7)

    [0m [90m 345 |[39m       res[33m.[39mjson({ checkoutUrl })[33m;[39m
     [90m 346 |[39m     } [36mcatch[39m (error) {
    [31m[1m>[22m[39m[90m 347 |[39m       console[33m.[39merror([32m'[Wompi] Error en getCheckoutUrl:'[39m[33m,[39m error)[33m;[39m
     [90m     |[39m               [31m[1m^[22m[39m
     [90m 348 |[39m       res[33m.[39mstatus([35m500[39m)[33m.[39mjson({ error[33m:[39m [32m'Error interno'[39m })[33m;[39m
     [90m 349 |[39m     }
     [90m 350 |[39m   }[0m

      at WompiController.getCheckoutUrl (src/controllers/wompi.controller.ts:347:15)
      at src/__tests__/properties/checkout-email-registro-pro.property.test.ts:188:13
      at AsyncProperty.run (node_modules/fast-check/lib/cjs/fast-check.js:1208:19)
      at asyncRunIt (node_modules/fast-check/lib/cjs/fast-check.js:2503:15)
      at Object.<anonymous> (src/__tests__/properties/checkout-email-registro-pro.property.test.ts:166:7)

  console.error
    [Wompi] Error en getCheckoutUrl: TypeError: supabase_1.supabaseAdmin.from(...).select is not a function
        at PricingService.getPricingConfig (C:\Users\Matt\Lookitry\backend\src\services\pricing.service.ts:18:8)
        at PricingService.calculateTotal (C:\Users\Matt\Lookitry\backend\src\services\pricing.service.ts:38:32)
        at WompiController.getCheckoutUrl (C:\Users\Matt\Lookitry\backend\src\controllers\wompi.controller.ts:317:44)
        at C:\Users\Matt\Lookitry\backend\src\__tests__\properties\checkout-email-registro-pro.property.test.ts:188:30
        at AsyncProperty.predicate (C:\Users\Matt\Lookitry\backend\node_modules\fast-check\lib\cjs\fast-check.js:1272:104)
        at AsyncProperty.run (C:\Users\Matt\Lookitry\backend\node_modules\fast-check\lib\cjs\fast-check.js:1208:30)
        at asyncRunIt (C:\Users\Matt\Lookitry\backend\node_modules\fast-check\lib\cjs\fast-check.js:2503:30)
        at Object.<anonymous> (C:\Users\Matt\Lookitry\backend\src\__tests__\properties\checkout-email-registro-pro.property.test.ts:166:7)

    [0m [90m 345 |[39m       res[33m.[39mjson({ checkoutUrl })[33m;[39m
     [90m 346 |[39m     } [36mcatch[39m (error) {
    [31m[1m>[22m[39m[90m 347 |[39m       console[33m.[39merror([32m'[Wompi] Error en getCheckoutUrl:'[39m[33m,[39m error)[33m;[39m
     [90m     |[39m               [31m[1m^[22m[39m
     [90m 348 |[39m       res[33m.[39mstatus([35m500[39m)[33m.[39mjson({ error[33m:[39m [32m'Error interno'[39m })[33m;[39m
     [90m 349 |[39m     }
     [90m 350 |[39m   }[0m

      at WompiController.getCheckoutUrl (src/controllers/wompi.controller.ts:347:15)
      at src/__tests__/properties/checkout-email-registro-pro.property.test.ts:188:13
      at AsyncProperty.run (node_modules/fast-check/lib/cjs/fast-check.js:1208:19)
      at asyncRunIt (node_modules/fast-check/lib/cjs/fast-check.js:2503:15)
      at Object.<anonymous> (src/__tests__/properties/checkout-email-registro-pro.property.test.ts:166:7)

  console.error
    [Wompi] Error en getCheckoutUrl: TypeError: supabase_1.supabaseAdmin.from(...).select is not a function
        at PricingService.getPricingConfig (C:\Users\Matt\Lookitry\backend\src\services\pricing.service.ts:18:8)
        at PricingService.calculateTotal (C:\Users\Matt\Lookitry\backend\src\services\pricing.service.ts:38:32)
        at WompiController.getCheckoutUrl (C:\Users\Matt\Lookitry\backend\src\controllers\wompi.controller.ts:317:44)
        at C:\Users\Matt\Lookitry\backend\src\__tests__\properties\checkout-email-registro-pro.property.test.ts:188:30
        at AsyncProperty.predicate (C:\Users\Matt\Lookitry\backend\node_modules\fast-check\lib\cjs\fast-check.js:1272:104)
        at AsyncProperty.run (C:\Users\Matt\Lookitry\backend\node_modules\fast-check\lib\cjs\fast-check.js:1208:30)
        at asyncRunIt (C:\Users\Matt\Lookitry\backend\node_modules\fast-check\lib\cjs\fast-check.js:2503:30)
        at Object.<anonymous> (C:\Users\Matt\Lookitry\backend\src\__tests__\properties\checkout-email-registro-pro.property.test.ts:166:7)

    [0m [90m 345 |[39m       res[33m.[39mjson({ checkoutUrl })[33m;[39m
     [90m 346 |[39m     } [36mcatch[39m (error) {
    [31m[1m>[22m[39m[90m 347 |[39m       console[33m.[39merror([32m'[Wompi] Error en getCheckoutUrl:'[39m[33m,[39m error)[33m;[39m
     [90m     |[39m               [31m[1m^[22m[39m
     [90m 348 |[39m       res[33m.[39mstatus([35m500[39m)[33m.[39mjson({ error[33m:[39m [32m'Error interno'[39m })[33m;[39m
     [90m 349 |[39m     }
     [90m 350 |[39m   }[0m

      at WompiController.getCheckoutUrl (src/controllers/wompi.controller.ts:347:15)
      at src/__tests__/properties/checkout-email-registro-pro.property.test.ts:188:13
      at AsyncProperty.run (node_modules/fast-check/lib/cjs/fast-check.js:1208:19)
      at asyncRunIt (node_modules/fast-check/lib/cjs/fast-check.js:2503:15)
      at Object.<anonymous> (src/__tests__/properties/checkout-email-registro-pro.property.test.ts:166:7)

  console.error
    [Wompi] Error en getCheckoutUrl: TypeError: supabase_1.supabaseAdmin.from(...).select is not a function
        at PricingService.getPricingConfig (C:\Users\Matt\Lookitry\backend\src\services\pricing.service.ts:18:8)
        at PricingService.calculateTotal (C:\Users\Matt\Lookitry\backend\src\services\pricing.service.ts:38:32)
        at WompiController.getCheckoutUrl (C:\Users\Matt\Lookitry\backend\src\controllers\wompi.controller.ts:317:44)
        at C:\Users\Matt\Lookitry\backend\src\__tests__\properties\checkout-email-registro-pro.property.test.ts:188:30
        at AsyncProperty.predicate (C:\Users\Matt\Lookitry\backend\node_modules\fast-check\lib\cjs\fast-check.js:1272:104)
        at AsyncProperty.run (C:\Users\Matt\Lookitry\backend\node_modules\fast-check\lib\cjs\fast-check.js:1208:30)
        at asyncRunIt (C:\Users\Matt\Lookitry\backend\node_modules\fast-check\lib\cjs\fast-check.js:2503:30)
        at Object.<anonymous> (C:\Users\Matt\Lookitry\backend\src\__tests__\properties\checkout-email-registro-pro.property.test.ts:166:7)

    [0m [90m 345 |[39m       res[33m.[39mjson({ checkoutUrl })[33m;[39m
     [90m 346 |[39m     } [36mcatch[39m (error) {
    [31m[1m>[22m[39m[90m 347 |[39m       console[33m.[39merror([32m'[Wompi] Error en getCheckoutUrl:'[39m[33m,[39m error)[33m;[39m
     [90m     |[39m               [31m[1m^[22m[39m
     [90m 348 |[39m       res[33m.[39mstatus([35m500[39m)[33m.[39mjson({ error[33m:[39m [32m'Error interno'[39m })[33m;[39m
     [90m 349 |[39m     }
     [90m 350 |[39m   }[0m

      at WompiController.getCheckoutUrl (src/controllers/wompi.controller.ts:347:15)
      at src/__tests__/properties/checkout-email-registro-pro.property.test.ts:188:13
      at AsyncProperty.run (node_modules/fast-check/lib/cjs/fast-check.js:1208:19)
      at asyncRunIt (node_modules/fast-check/lib/cjs/fast-check.js:2503:15)
      at Object.<anonymous> (src/__tests__/properties/checkout-email-registro-pro.property.test.ts:166:7)

  console.error
    [Wompi] Error en getCheckoutUrl: TypeError: supabase_1.supabaseAdmin.from(...).select is not a function
        at PricingService.getPricingConfig (C:\Users\Matt\Lookitry\backend\src\services\pricing.service.ts:18:8)
        at PricingService.calculateTotal (C:\Users\Matt\Lookitry\backend\src\services\pricing.service.ts:38:32)
        at WompiController.getCheckoutUrl (C:\Users\Matt\Lookitry\backend\src\controllers\wompi.controller.ts:317:44)
        at C:\Users\Matt\Lookitry\backend\src\__tests__\properties\checkout-email-registro-pro.property.test.ts:188:30
        at AsyncProperty.predicate (C:\Users\Matt\Lookitry\backend\node_modules\fast-check\lib\cjs\fast-check.js:1272:104)
        at AsyncProperty.run (C:\Users\Matt\Lookitry\backend\node_modules\fast-check\lib\cjs\fast-check.js:1208:30)
        at asyncRunIt (C:\Users\Matt\Lookitry\backend\node_modules\fast-check\lib\cjs\fast-check.js:2503:30)
        at Object.<anonymous> (C:\Users\Matt\Lookitry\backend\src\__tests__\properties\checkout-email-registro-pro.property.test.ts:166:7)

    [0m [90m 345 |[39m       res[33m.[39mjson({ checkoutUrl })[33m;[39m
     [90m 346 |[39m     } [36mcatch[39m (error) {
    [31m[1m>[22m[39m[90m 347 |[39m       console[33m.[39merror([32m'[Wompi] Error en getCheckoutUrl:'[39m[33m,[39m error)[33m;[39m
     [90m     |[39m               [31m[1m^[22m[39m
     [90m 348 |[39m       res[33m.[39mstatus([35m500[39m)[33m.[39mjson({ error[33m:[39m [32m'Error interno'[39m })[33m;[39m
     [90m 349 |[39m     }
     [90m 350 |[39m   }[0m

      at WompiController.getCheckoutUrl (src/controllers/wompi.controller.ts:347:15)
      at src/__tests__/properties/checkout-email-registro-pro.property.test.ts:188:13
      at AsyncProperty.run (node_modules/fast-check/lib/cjs/fast-check.js:1208:19)
      at asyncRunIt (node_modules/fast-check/lib/cjs/fast-check.js:2503:15)
      at Object.<anonymous> (src/__tests__/properties/checkout-email-registro-pro.property.test.ts:166:7)

  console.error
    [Wompi] Error en getCheckoutUrl: TypeError: supabase_1.supabaseAdmin.from(...).select is not a function
        at PricingService.getPricingConfig (C:\Users\Matt\Lookitry\backend\src\services\pricing.service.ts:18:8)
        at PricingService.calculateTotal (C:\Users\Matt\Lookitry\backend\src\services\pricing.service.ts:38:32)
        at WompiController.getCheckoutUrl (C:\Users\Matt\Lookitry\backend\src\controllers\wompi.controller.ts:317:44)
        at C:\Users\Matt\Lookitry\backend\src\__tests__\properties\checkout-email-registro-pro.property.test.ts:188:30
        at AsyncProperty.predicate (C:\Users\Matt\Lookitry\backend\node_modules\fast-check\lib\cjs\fast-check.js:1272:104)
        at AsyncProperty.run (C:\Users\Matt\Lookitry\backend\node_modules\fast-check\lib\cjs\fast-check.js:1208:30)
        at asyncRunIt (C:\Users\Matt\Lookitry\backend\node_modules\fast-check\lib\cjs\fast-check.js:2503:30)
        at Object.<anonymous> (C:\Users\Matt\Lookitry\backend\src\__tests__\properties\checkout-email-registro-pro.property.test.ts:166:7)

    [0m [90m 345 |[39m       res[33m.[39mjson({ checkoutUrl })[33m;[39m
     [90m 346 |[39m     } [36mcatch[39m (error) {
    [31m[1m>[22m[39m[90m 347 |[39m       console[33m.[39merror([32m'[Wompi] Error en getCheckoutUrl:'[39m[33m,[39m error)[33m;[39m
     [90m     |[39m               [31m[1m^[22m[39m
     [90m 348 |[39m       res[33m.[39mstatus([35m500[39m)[33m.[39mjson({ error[33m:[39m [32m'Error interno'[39m })[33m;[39m
     [90m 349 |[39m     }
     [90m 350 |[39m   }[0m

      at WompiController.getCheckoutUrl (src/controllers/wompi.controller.ts:347:15)
      at src/__tests__/properties/checkout-email-registro-pro.property.test.ts:188:13
      at AsyncProperty.run (node_modules/fast-check/lib/cjs/fast-check.js:1208:19)
      at asyncRunIt (node_modules/fast-check/lib/cjs/fast-check.js:2503:15)
      at Object.<anonymous> (src/__tests__/properties/checkout-email-registro-pro.property.test.ts:166:7)

  console.error
    [Wompi] Error en getCheckoutUrl: TypeError: supabase_1.supabaseAdmin.from(...).select is not a function
        at PricingService.getPricingConfig (C:\Users\Matt\Lookitry\backend\src\services\pricing.service.ts:18:8)
        at PricingService.calculateTotal (C:\Users\Matt\Lookitry\backend\src\services\pricing.service.ts:38:32)
        at WompiController.getCheckoutUrl (C:\Users\Matt\Lookitry\backend\src\controllers\wompi.controller.ts:317:44)
        at C:\Users\Matt\Lookitry\backend\src\__tests__\properties\checkout-email-registro-pro.property.test.ts:188:30
        at AsyncProperty.predicate (C:\Users\Matt\Lookitry\backend\node_modules\fast-check\lib\cjs\fast-check.js:1272:104)
        at AsyncProperty.run (C:\Users\Matt\Lookitry\backend\node_modules\fast-check\lib\cjs\fast-check.js:1208:30)
        at asyncRunIt (C:\Users\Matt\Lookitry\backend\node_modules\fast-check\lib\cjs\fast-check.js:2503:30)
        at Object.<anonymous> (C:\Users\Matt\Lookitry\backend\src\__tests__\properties\checkout-email-registro-pro.property.test.ts:166:7)

    [0m [90m 345 |[39m       res[33m.[39mjson({ checkoutUrl })[33m;[39m
     [90m 346 |[39m     } [36mcatch[39m (error) {
    [31m[1m>[22m[39m[90m 347 |[39m       console[33m.[39merror([32m'[Wompi] Error en getCheckoutUrl:'[39m[33m,[39m error)[33m;[39m
     [90m     |[39m               [31m[1m^[22m[39m
     [90m 348 |[39m       res[33m.[39mstatus([35m500[39m)[33m.[39mjson({ error[33m:[39m [32m'Error interno'[39m })[33m;[39m
     [90m 349 |[39m     }
     [90m 350 |[39m   }[0m

      at WompiController.getCheckoutUrl (src/controllers/wompi.controller.ts:347:15)
      at src/__tests__/properties/checkout-email-registro-pro.property.test.ts:188:13
      at AsyncProperty.run (node_modules/fast-check/lib/cjs/fast-check.js:1208:19)
      at asyncRunIt (node_modules/fast-check/lib/cjs/fast-check.js:2503:15)
      at Object.<anonymous> (src/__tests__/properties/checkout-email-registro-pro.property.test.ts:166:7)

  console.error
    [Wompi] Error en getCheckoutUrl: TypeError: supabase_1.supabaseAdmin.from(...).select is not a function
        at PricingService.getPricingConfig (C:\Users\Matt\Lookitry\backend\src\services\pricing.service.ts:18:8)
        at PricingService.calculateTotal (C:\Users\Matt\Lookitry\backend\src\services\pricing.service.ts:38:32)
        at WompiController.getCheckoutUrl (C:\Users\Matt\Lookitry\backend\src\controllers\wompi.controller.ts:317:44)
        at C:\Users\Matt\Lookitry\backend\src\__tests__\properties\checkout-email-registro-pro.property.test.ts:188:30
        at AsyncProperty.predicate (C:\Users\Matt\Lookitry\backend\node_modules\fast-check\lib\cjs\fast-check.js:1272:104)
        at AsyncProperty.run (C:\Users\Matt\Lookitry\backend\node_modules\fast-check\lib\cjs\fast-check.js:1208:30)
        at asyncRunIt (C:\Users\Matt\Lookitry\backend\node_modules\fast-check\lib\cjs\fast-check.js:2503:30)
        at Object.<anonymous> (C:\Users\Matt\Lookitry\backend\src\__tests__\properties\checkout-email-registro-pro.property.test.ts:166:7)

    [0m [90m 345 |[39m       res[33m.[39mjson({ checkoutUrl })[33m;[39m
     [90m 346 |[39m     } [36mcatch[39m (error) {
    [31m[1m>[22m[39m[90m 347 |[39m       console[33m.[39merror([32m'[Wompi] Error en getCheckoutUrl:'[39m[33m,[39m error)[33m;[39m
     [90m     |[39m               [31m[1m^[22m[39m
     [90m 348 |[39m       res[33m.[39mstatus([35m500[39m)[33m.[39mjson({ error[33m:[39m [32m'Error interno'[39m })[33m;[39m
     [90m 349 |[39m     }
     [90m 350 |[39m   }[0m

      at WompiController.getCheckoutUrl (src/controllers/wompi.controller.ts:347:15)
      at src/__tests__/properties/checkout-email-registro-pro.property.test.ts:188:13
      at AsyncProperty.run (node_modules/fast-check/lib/cjs/fast-check.js:1208:19)
      at asyncRunIt (node_modules/fast-check/lib/cjs/fast-check.js:2503:15)
      at Object.<anonymous> (src/__tests__/properties/checkout-email-registro-pro.property.test.ts:166:7)

  console.error
    [Wompi] Error en getCheckoutUrl: TypeError: supabase_1.supabaseAdmin.from(...).select is not a function
        at PricingService.getPricingConfig (C:\Users\Matt\Lookitry\backend\src\services\pricing.service.ts:18:8)
        at PricingService.calculateTotal (C:\Users\Matt\Lookitry\backend\src\services\pricing.service.ts:38:32)
        at WompiController.getCheckoutUrl (C:\Users\Matt\Lookitry\backend\src\controllers\wompi.controller.ts:317:44)
        at C:\Users\Matt\Lookitry\backend\src\__tests__\properties\checkout-email-registro-pro.property.test.ts:188:30
        at AsyncProperty.predicate (C:\Users\Matt\Lookitry\backend\node_modules\fast-check\lib\cjs\fast-check.js:1272:104)
        at AsyncProperty.run (C:\Users\Matt\Lookitry\backend\node_modules\fast-check\lib\cjs\fast-check.js:1208:30)
        at asyncRunIt (C:\Users\Matt\Lookitry\backend\node_modules\fast-check\lib\cjs\fast-check.js:2503:30)
        at Object.<anonymous> (C:\Users\Matt\Lookitry\backend\src\__tests__\properties\checkout-email-registro-pro.property.test.ts:166:7)

    [0m [90m 345 |[39m       res[33m.[39mjson({ checkoutUrl })[33m;[39m
     [90m 346 |[39m     } [36mcatch[39m (error) {
    [31m[1m>[22m[39m[90m 347 |[39m       console[33m.[39merror([32m'[Wompi] Error en getCheckoutUrl:'[39m[33m,[39m error)[33m;[39m
     [90m     |[39m               [31m[1m^[22m[39m
     [90m 348 |[39m       res[33m.[39mstatus([35m500[39m)[33m.[39mjson({ error[33m:[39m [32m'Error interno'[39m })[33m;[39m
     [90m 349 |[39m     }
     [90m 350 |[39m   }[0m

      at WompiController.getCheckoutUrl (src/controllers/wompi.controller.ts:347:15)
      at src/__tests__/properties/checkout-email-registro-pro.property.test.ts:188:13
      at AsyncProperty.run (node_modules/fast-check/lib/cjs/fast-check.js:1208:19)
      at asyncRunIt (node_modules/fast-check/lib/cjs/fast-check.js:2503:15)
      at Object.<anonymous> (src/__tests__/properties/checkout-email-registro-pro.property.test.ts:166:7)

  console.error
    [Wompi] Error en getCheckoutUrl: TypeError: supabase_1.supabaseAdmin.from(...).select is not a function
        at PricingService.getPricingConfig (C:\Users\Matt\Lookitry\backend\src\services\pricing.service.ts:18:8)
        at PricingService.calculateTotal (C:\Users\Matt\Lookitry\backend\src\services\pricing.service.ts:38:32)
        at WompiController.getCheckoutUrl (C:\Users\Matt\Lookitry\backend\src\controllers\wompi.controller.ts:317:44)
        at C:\Users\Matt\Lookitry\backend\src\__tests__\properties\checkout-email-registro-pro.property.test.ts:188:30
        at AsyncProperty.predicate (C:\Users\Matt\Lookitry\backend\node_modules\fast-check\lib\cjs\fast-check.js:1272:104)
        at AsyncProperty.run (C:\Users\Matt\Lookitry\backend\node_modules\fast-check\lib\cjs\fast-check.js:1208:30)
        at asyncRunIt (C:\Users\Matt\Lookitry\backend\node_modules\fast-check\lib\cjs\fast-check.js:2503:30)
        at Object.<anonymous> (C:\Users\Matt\Lookitry\backend\src\__tests__\properties\checkout-email-registro-pro.property.test.ts:166:7)

    [0m [90m 345 |[39m       res[33m.[39mjson({ checkoutUrl })[33m;[39m
     [90m 346 |[39m     } [36mcatch[39m (error) {
    [31m[1m>[22m[39m[90m 347 |[39m       console[33m.[39merror([32m'[Wompi] Error en getCheckoutUrl:'[39m[33m,[39m error)[33m;[39m
     [90m     |[39m               [31m[1m^[22m[39m
     [90m 348 |[39m       res[33m.[39mstatus([35m500[39m)[33m.[39mjson({ error[33m:[39m [32m'Error interno'[39m })[33m;[39m
     [90m 349 |[39m     }
     [90m 350 |[39m   }[0m

      at WompiController.getCheckoutUrl (src/controllers/wompi.controller.ts:347:15)
      at src/__tests__/properties/checkout-email-registro-pro.property.test.ts:188:13
      at AsyncProperty.run (node_modules/fast-check/lib/cjs/fast-check.js:1208:19)
      at asyncRunIt (node_modules/fast-check/lib/cjs/fast-check.js:2503:15)
      at Object.<anonymous> (src/__tests__/properties/checkout-email-registro-pro.property.test.ts:166:7)

  console.error
    [Wompi] Error en getCheckoutUrl: TypeError: supabase_1.supabaseAdmin.from(...).select is not a function
        at PricingService.getPricingConfig (C:\Users\Matt\Lookitry\backend\src\services\pricing.service.ts:18:8)
        at PricingService.calculateTotal (C:\Users\Matt\Lookitry\backend\src\services\pricing.service.ts:38:32)
        at WompiController.getCheckoutUrl (C:\Users\Matt\Lookitry\backend\src\controllers\wompi.controller.ts:317:44)
        at C:\Users\Matt\Lookitry\backend\src\__tests__\properties\checkout-email-registro-pro.property.test.ts:188:30
        at AsyncProperty.predicate (C:\Users\Matt\Lookitry\backend\node_modules\fast-check\lib\cjs\fast-check.js:1272:104)
        at AsyncProperty.run (C:\Users\Matt\Lookitry\backend\node_modules\fast-check\lib\cjs\fast-check.js:1208:30)
        at asyncRunIt (C:\Users\Matt\Lookitry\backend\node_modules\fast-check\lib\cjs\fast-check.js:2503:30)
        at Object.<anonymous> (C:\Users\Matt\Lookitry\backend\src\__tests__\properties\checkout-email-registro-pro.property.test.ts:166:7)

    [0m [90m 345 |[39m       res[33m.[39mjson({ checkoutUrl })[33m;[39m
     [90m 346 |[39m     } [36mcatch[39m (error) {
    [31m[1m>[22m[39m[90m 347 |[39m       console[33m.[39merror([32m'[Wompi] Error en getCheckoutUrl:'[39m[33m,[39m error)[33m;[39m
     [90m     |[39m               [31m[1m^[22m[39m
     [90m 348 |[39m       res[33m.[39mstatus([35m500[39m)[33m.[39mjson({ error[33m:[39m [32m'Error interno'[39m })[33m;[39m
     [90m 349 |[39m     }
     [90m 350 |[39m   }[0m

      at WompiController.getCheckoutUrl (src/controllers/wompi.controller.ts:347:15)
      at src/__tests__/properties/checkout-email-registro-pro.property.test.ts:188:13
      at AsyncProperty.run (node_modules/fast-check/lib/cjs/fast-check.js:1208:19)
      at asyncRunIt (node_modules/fast-check/lib/cjs/fast-check.js:2503:15)
      at Object.<anonymous> (src/__tests__/properties/checkout-email-registro-pro.property.test.ts:166:7)

  console.error
    [Wompi] Error en getCheckoutUrl: TypeError: supabase_1.supabaseAdmin.from(...).select is not a function
        at PricingService.getPricingConfig (C:\Users\Matt\Lookitry\backend\src\services\pricing.service.ts:18:8)
        at PricingService.calculateTotal (C:\Users\Matt\Lookitry\backend\src\services\pricing.service.ts:38:32)
        at WompiController.getCheckoutUrl (C:\Users\Matt\Lookitry\backend\src\controllers\wompi.controller.ts:317:44)
        at C:\Users\Matt\Lookitry\backend\src\__tests__\properties\checkout-email-registro-pro.property.test.ts:188:30
        at AsyncProperty.predicate (C:\Users\Matt\Lookitry\backend\node_modules\fast-check\lib\cjs\fast-check.js:1272:104)
        at AsyncProperty.run (C:\Users\Matt\Lookitry\backend\node_modules\fast-check\lib\cjs\fast-check.js:1208:30)
        at asyncRunIt (C:\Users\Matt\Lookitry\backend\node_modules\fast-check\lib\cjs\fast-check.js:2503:30)
        at Object.<anonymous> (C:\Users\Matt\Lookitry\backend\src\__tests__\properties\checkout-email-registro-pro.property.test.ts:166:7)

    [0m [90m 345 |[39m       res[33m.[39mjson({ checkoutUrl })[33m;[39m
     [90m 346 |[39m     } [36mcatch[39m (error) {
    [31m[1m>[22m[39m[90m 347 |[39m       console[33m.[39merror([32m'[Wompi] Error en getCheckoutUrl:'[39m[33m,[39m error)[33m;[39m
     [90m     |[39m               [31m[1m^[22m[39m
     [90m 348 |[39m       res[33m.[39mstatus([35m500[39m)[33m.[39mjson({ error[33m:[39m [32m'Error interno'[39m })[33m;[39m
     [90m 349 |[39m     }
     [90m 350 |[39m   }[0m

      at WompiController.getCheckoutUrl (src/controllers/wompi.controller.ts:347:15)
      at src/__tests__/properties/checkout-email-registro-pro.property.test.ts:188:13
      at AsyncProperty.run (node_modules/fast-check/lib/cjs/fast-check.js:1208:19)
      at asyncRunIt (node_modules/fast-check/lib/cjs/fast-check.js:2503:15)
      at Object.<anonymous> (src/__tests__/properties/checkout-email-registro-pro.property.test.ts:166:7)

  console.error
    [Wompi] Error en getCheckoutUrl: TypeError: supabase_1.supabaseAdmin.from(...).select is not a function
        at PricingService.getPricingConfig (C:\Users\Matt\Lookitry\backend\src\services\pricing.service.ts:18:8)
        at PricingService.calculateTotal (C:\Users\Matt\Lookitry\backend\src\services\pricing.service.ts:38:32)
        at WompiController.getCheckoutUrl (C:\Users\Matt\Lookitry\backend\src\controllers\wompi.controller.ts:317:44)
        at C:\Users\Matt\Lookitry\backend\src\__tests__\properties\checkout-email-registro-pro.property.test.ts:188:30
        at AsyncProperty.predicate (C:\Users\Matt\Lookitry\backend\node_modules\fast-check\lib\cjs\fast-check.js:1272:104)
        at AsyncProperty.run (C:\Users\Matt\Lookitry\backend\node_modules\fast-check\lib\cjs\fast-check.js:1208:30)
        at asyncRunIt (C:\Users\Matt\Lookitry\backend\node_modules\fast-check\lib\cjs\fast-check.js:2503:30)
        at Object.<anonymous> (C:\Users\Matt\Lookitry\backend\src\__tests__\properties\checkout-email-registro-pro.property.test.ts:166:7)

    [0m [90m 345 |[39m       res[33m.[39mjson({ checkoutUrl })[33m;[39m
     [90m 346 |[39m     } [36mcatch[39m (error) {
    [31m[1m>[22m[39m[90m 347 |[39m       console[33m.[39merror([32m'[Wompi] Error en getCheckoutUrl:'[39m[33m,[39m error)[33m;[39m
     [90m     |[39m               [31m[1m^[22m[39m
     [90m 348 |[39m       res[33m.[39mstatus([35m500[39m)[33m.[39mjson({ error[33m:[39m [32m'Error interno'[39m })[33m;[39m
     [90m 349 |[39m     }
     [90m 350 |[39m   }[0m

      at WompiController.getCheckoutUrl (src/controllers/wompi.controller.ts:347:15)
      at src/__tests__/properties/checkout-email-registro-pro.property.test.ts:188:13
      at AsyncProperty.run (node_modules/fast-check/lib/cjs/fast-check.js:1208:19)
      at asyncRunIt (node_modules/fast-check/lib/cjs/fast-check.js:2503:15)
      at Object.<anonymous> (src/__tests__/properties/checkout-email-registro-pro.property.test.ts:166:7)

  console.error
    [Wompi] Error en getCheckoutUrl: TypeError: supabase_1.supabaseAdmin.from(...).select is not a function
        at PricingService.getPricingConfig (C:\Users\Matt\Lookitry\backend\src\services\pricing.service.ts:18:8)
        at PricingService.calculateTotal (C:\Users\Matt\Lookitry\backend\src\services\pricing.service.ts:38:32)
        at WompiController.getCheckoutUrl (C:\Users\Matt\Lookitry\backend\src\controllers\wompi.controller.ts:317:44)
        at C:\Users\Matt\Lookitry\backend\src\__tests__\properties\checkout-email-registro-pro.property.test.ts:188:30
        at AsyncProperty.predicate (C:\Users\Matt\Lookitry\backend\node_modules\fast-check\lib\cjs\fast-check.js:1272:104)
        at AsyncProperty.run (C:\Users\Matt\Lookitry\backend\node_modules\fast-check\lib\cjs\fast-check.js:1208:30)
        at asyncRunIt (C:\Users\Matt\Lookitry\backend\node_modules\fast-check\lib\cjs\fast-check.js:2503:30)
        at Object.<anonymous> (C:\Users\Matt\Lookitry\backend\src\__tests__\properties\checkout-email-registro-pro.property.test.ts:166:7)

    [0m [90m 345 |[39m       res[33m.[39mjson({ checkoutUrl })[33m;[39m
     [90m 346 |[39m     } [36mcatch[39m (error) {
    [31m[1m>[22m[39m[90m 347 |[39m       console[33m.[39merror([32m'[Wompi] Error en getCheckoutUrl:'[39m[33m,[39m error)[33m;[39m
     [90m     |[39m               [31m[1m^[22m[39m
     [90m 348 |[39m       res[33m.[39mstatus([35m500[39m)[33m.[39mjson({ error[33m:[39m [32m'Error interno'[39m })[33m;[39m
     [90m 349 |[39m     }
     [90m 350 |[39m   }[0m

      at WompiController.getCheckoutUrl (src/controllers/wompi.controller.ts:347:15)
      at src/__tests__/properties/checkout-email-registro-pro.property.test.ts:188:13
      at AsyncProperty.run (node_modules/fast-check/lib/cjs/fast-check.js:1208:19)
      at asyncRunIt (node_modules/fast-check/lib/cjs/fast-check.js:2503:15)
      at Object.<anonymous> (src/__tests__/properties/checkout-email-registro-pro.property.test.ts:166:7)

  console.error
    [Wompi] Error en getCheckoutUrl: TypeError: supabase_1.supabaseAdmin.from(...).select is not a function
        at PricingService.getPricingConfig (C:\Users\Matt\Lookitry\backend\src\services\pricing.service.ts:18:8)
        at PricingService.calculateTotal (C:\Users\Matt\Lookitry\backend\src\services\pricing.service.ts:38:32)
        at WompiController.getCheckoutUrl (C:\Users\Matt\Lookitry\backend\src\controllers\wompi.controller.ts:317:44)
        at C:\Users\Matt\Lookitry\backend\src\__tests__\properties\checkout-email-registro-pro.property.test.ts:188:30
        at AsyncProperty.predicate (C:\Users\Matt\Lookitry\backend\node_modules\fast-check\lib\cjs\fast-check.js:1272:104)
        at AsyncProperty.run (C:\Users\Matt\Lookitry\backend\node_modules\fast-check\lib\cjs\fast-check.js:1208:30)
        at asyncRunIt (C:\Users\Matt\Lookitry\backend\node_modules\fast-check\lib\cjs\fast-check.js:2503:30)
        at Object.<anonymous> (C:\Users\Matt\Lookitry\backend\src\__tests__\properties\checkout-email-registro-pro.property.test.ts:166:7)

    [0m [90m 345 |[39m       res[33m.[39mjson({ checkoutUrl })[33m;[39m
     [90m 346 |[39m     } [36mcatch[39m (error) {
    [31m[1m>[22m[39m[90m 347 |[39m       console[33m.[39merror([32m'[Wompi] Error en getCheckoutUrl:'[39m[33m,[39m error)[33m;[39m
     [90m     |[39m               [31m[1m^[22m[39m
     [90m 348 |[39m       res[33m.[39mstatus([35m500[39m)[33m.[39mjson({ error[33m:[39m [32m'Error interno'[39m })[33m;[39m
     [90m 349 |[39m     }
     [90m 350 |[39m   }[0m

      at WompiController.getCheckoutUrl (src/controllers/wompi.controller.ts:347:15)
      at src/__tests__/properties/checkout-email-registro-pro.property.test.ts:188:13
      at AsyncProperty.run (node_modules/fast-check/lib/cjs/fast-check.js:1208:19)
      at asyncRunIt (node_modules/fast-check/lib/cjs/fast-check.js:2503:15)
      at Object.<anonymous> (src/__tests__/properties/checkout-email-registro-pro.property.test.ts:166:7)

  console.error
    [Wompi] Error en getCheckoutUrl: TypeError: supabase_1.supabaseAdmin.from(...).select is not a function
        at PricingService.getPricingConfig (C:\Users\Matt\Lookitry\backend\src\services\pricing.service.ts:18:8)
        at PricingService.calculateTotal (C:\Users\Matt\Lookitry\backend\src\services\pricing.service.ts:38:32)
        at WompiController.getCheckoutUrl (C:\Users\Matt\Lookitry\backend\src\controllers\wompi.controller.ts:317:44)
        at C:\Users\Matt\Lookitry\backend\src\__tests__\properties\checkout-email-registro-pro.property.test.ts:188:30
        at AsyncProperty.predicate (C:\Users\Matt\Lookitry\backend\node_modules\fast-check\lib\cjs\fast-check.js:1272:104)
        at AsyncProperty.run (C:\Users\Matt\Lookitry\backend\node_modules\fast-check\lib\cjs\fast-check.js:1208:30)
        at asyncRunIt (C:\Users\Matt\Lookitry\backend\node_modules\fast-check\lib\cjs\fast-check.js:2503:30)
        at Object.<anonymous> (C:\Users\Matt\Lookitry\backend\src\__tests__\properties\checkout-email-registro-pro.property.test.ts:166:7)

    [0m [90m 345 |[39m       res[33m.[39mjson({ checkoutUrl })[33m;[39m
     [90m 346 |[39m     } [36mcatch[39m (error) {
    [31m[1m>[22m[39m[90m 347 |[39m       console[33m.[39merror([32m'[Wompi] Error en getCheckoutUrl:'[39m[33m,[39m error)[33m;[39m
     [90m     |[39m               [31m[1m^[22m[39m
     [90m 348 |[39m       res[33m.[39mstatus([35m500[39m)[33m.[39mjson({ error[33m:[39m [32m'Error interno'[39m })[33m;[39m
     [90m 349 |[39m     }
     [90m 350 |[39m   }[0m

      at WompiController.getCheckoutUrl (src/controllers/wompi.controller.ts:347:15)
      at src/__tests__/properties/checkout-email-registro-pro.property.test.ts:188:13
      at AsyncProperty.run (node_modules/fast-check/lib/cjs/fast-check.js:1208:19)
      at asyncRunIt (node_modules/fast-check/lib/cjs/fast-check.js:2503:15)
      at Object.<anonymous> (src/__tests__/properties/checkout-email-registro-pro.property.test.ts:166:7)

  console.error
    [Wompi] Error en getCheckoutUrl: TypeError: supabase_1.supabaseAdmin.from(...).select is not a function
        at PricingService.getPricingConfig (C:\Users\Matt\Lookitry\backend\src\services\pricing.service.ts:18:8)
        at PricingService.calculateTotal (C:\Users\Matt\Lookitry\backend\src\services\pricing.service.ts:38:32)
        at WompiController.getCheckoutUrl (C:\Users\Matt\Lookitry\backend\src\controllers\wompi.controller.ts:317:44)
        at C:\Users\Matt\Lookitry\backend\src\__tests__\properties\checkout-email-registro-pro.property.test.ts:188:30
        at AsyncProperty.predicate (C:\Users\Matt\Lookitry\backend\node_modules\fast-check\lib\cjs\fast-check.js:1272:104)
        at AsyncProperty.run (C:\Users\Matt\Lookitry\backend\node_modules\fast-check\lib\cjs\fast-check.js:1208:30)
        at asyncRunIt (C:\Users\Matt\Lookitry\backend\node_modules\fast-check\lib\cjs\fast-check.js:2503:30)
        at Object.<anonymous> (C:\Users\Matt\Lookitry\backend\src\__tests__\properties\checkout-email-registro-pro.property.test.ts:166:7)

    [0m [90m 345 |[39m       res[33m.[39mjson({ checkoutUrl })[33m;[39m
     [90m 346 |[39m     } [36mcatch[39m (error) {
    [31m[1m>[22m[39m[90m 347 |[39m       console[33m.[39merror([32m'[Wompi] Error en getCheckoutUrl:'[39m[33m,[39m error)[33m;[39m
     [90m     |[39m               [31m[1m^[22m[39m
     [90m 348 |[39m       res[33m.[39mstatus([35m500[39m)[33m.[39mjson({ error[33m:[39m [32m'Error interno'[39m })[33m;[39m
     [90m 349 |[39m     }
     [90m 350 |[39m   }[0m

      at WompiController.getCheckoutUrl (src/controllers/wompi.controller.ts:347:15)
      at src/__tests__/properties/checkout-email-registro-pro.property.test.ts:188:13
      at AsyncProperty.run (node_modules/fast-check/lib/cjs/fast-check.js:1208:19)
      at asyncRunIt (node_modules/fast-check/lib/cjs/fast-check.js:2503:15)
      at Object.<anonymous> (src/__tests__/properties/checkout-email-registro-pro.property.test.ts:166:7)

  console.error
    [Wompi] Error en getCheckoutUrl: TypeError: supabase_1.supabaseAdmin.from(...).select is not a function
        at PricingService.getPricingConfig (C:\Users\Matt\Lookitry\backend\src\services\pricing.service.ts:18:8)
        at PricingService.calculateTotal (C:\Users\Matt\Lookitry\backend\src\services\pricing.service.ts:38:32)
        at WompiController.getCheckoutUrl (C:\Users\Matt\Lookitry\backend\src\controllers\wompi.controller.ts:317:44)
        at C:\Users\Matt\Lookitry\backend\src\__tests__\properties\checkout-email-registro-pro.property.test.ts:188:30
        at AsyncProperty.predicate (C:\Users\Matt\Lookitry\backend\node_modules\fast-check\lib\cjs\fast-check.js:1272:104)
        at AsyncProperty.run (C:\Users\Matt\Lookitry\backend\node_modules\fast-check\lib\cjs\fast-check.js:1208:30)
        at asyncRunIt (C:\Users\Matt\Lookitry\backend\node_modules\fast-check\lib\cjs\fast-check.js:2503:30)
        at Object.<anonymous> (C:\Users\Matt\Lookitry\backend\src\__tests__\properties\checkout-email-registro-pro.property.test.ts:166:7)

    [0m [90m 345 |[39m       res[33m.[39mjson({ checkoutUrl })[33m;[39m
     [90m 346 |[39m     } [36mcatch[39m (error) {
    [31m[1m>[22m[39m[90m 347 |[39m       console[33m.[39merror([32m'[Wompi] Error en getCheckoutUrl:'[39m[33m,[39m error)[33m;[39m
     [90m     |[39m               [31m[1m^[22m[39m
     [90m 348 |[39m       res[33m.[39mstatus([35m500[39m)[33m.[39mjson({ error[33m:[39m [32m'Error interno'[39m })[33m;[39m
     [90m 349 |[39m     }
     [90m 350 |[39m   }[0m

      at WompiController.getCheckoutUrl (src/controllers/wompi.controller.ts:347:15)
      at src/__tests__/properties/checkout-email-registro-pro.property.test.ts:188:13
      at AsyncProperty.run (node_modules/fast-check/lib/cjs/fast-check.js:1208:19)
      at asyncRunIt (node_modules/fast-check/lib/cjs/fast-check.js:2503:15)
      at Object.<anonymous> (src/__tests__/properties/checkout-email-registro-pro.property.test.ts:166:7)

  console.error
    [Wompi] Error en getCheckoutUrl: TypeError: supabase_1.supabaseAdmin.from(...).select is not a function
        at PricingService.getPricingConfig (C:\Users\Matt\Lookitry\backend\src\services\pricing.service.ts:18:8)
        at PricingService.calculateTotal (C:\Users\Matt\Lookitry\backend\src\services\pricing.service.ts:38:32)
        at WompiController.getCheckoutUrl (C:\Users\Matt\Lookitry\backend\src\controllers\wompi.controller.ts:317:44)
        at C:\Users\Matt\Lookitry\backend\src\__tests__\properties\checkout-email-registro-pro.property.test.ts:188:30
        at AsyncProperty.predicate (C:\Users\Matt\Lookitry\backend\node_modules\fast-check\lib\cjs\fast-check.js:1272:104)
        at AsyncProperty.run (C:\Users\Matt\Lookitry\backend\node_modules\fast-check\lib\cjs\fast-check.js:1208:30)
        at asyncRunIt (C:\Users\Matt\Lookitry\backend\node_modules\fast-check\lib\cjs\fast-check.js:2503:30)
        at Object.<anonymous> (C:\Users\Matt\Lookitry\backend\src\__tests__\properties\checkout-email-registro-pro.property.test.ts:166:7)

    [0m [90m 345 |[39m       res[33m.[39mjson({ checkoutUrl })[33m;[39m
     [90m 346 |[39m     } [36mcatch[39m (error) {
    [31m[1m>[22m[39m[90m 347 |[39m       console[33m.[39merror([32m'[Wompi] Error en getCheckoutUrl:'[39m[33m,[39m error)[33m;[39m
     [90m     |[39m               [31m[1m^[22m[39m
     [90m 348 |[39m       res[33m.[39mstatus([35m500[39m)[33m.[39mjson({ error[33m:[39m [32m'Error interno'[39m })[33m;[39m
     [90m 349 |[39m     }
     [90m 350 |[39m   }[0m

      at WompiController.getCheckoutUrl (src/controllers/wompi.controller.ts:347:15)
      at src/__tests__/properties/checkout-email-registro-pro.property.test.ts:188:13
      at AsyncProperty.run (node_modules/fast-check/lib/cjs/fast-check.js:1208:19)
      at asyncRunIt (node_modules/fast-check/lib/cjs/fast-check.js:2503:15)
      at Object.<anonymous> (src/__tests__/properties/checkout-email-registro-pro.property.test.ts:166:7)

  console.error
    [Wompi] Error en getCheckoutUrl: TypeError: supabase_1.supabaseAdmin.from(...).select is not a function
        at PricingService.getPricingConfig (C:\Users\Matt\Lookitry\backend\src\services\pricing.service.ts:18:8)
        at PricingService.calculateTotal (C:\Users\Matt\Lookitry\backend\src\services\pricing.service.ts:38:32)
        at WompiController.getCheckoutUrl (C:\Users\Matt\Lookitry\backend\src\controllers\wompi.controller.ts:317:44)
        at C:\Users\Matt\Lookitry\backend\src\__tests__\properties\checkout-email-registro-pro.property.test.ts:188:30
        at AsyncProperty.predicate (C:\Users\Matt\Lookitry\backend\node_modules\fast-check\lib\cjs\fast-check.js:1272:104)
        at AsyncProperty.run (C:\Users\Matt\Lookitry\backend\node_modules\fast-check\lib\cjs\fast-check.js:1208:30)
        at asyncRunIt (C:\Users\Matt\Lookitry\backend\node_modules\fast-check\lib\cjs\fast-check.js:2503:30)
        at Object.<anonymous> (C:\Users\Matt\Lookitry\backend\src\__tests__\properties\checkout-email-registro-pro.property.test.ts:166:7)

    [0m [90m 345 |[39m       res[33m.[39mjson({ checkoutUrl })[33m;[39m
     [90m 346 |[39m     } [36mcatch[39m (error) {
    [31m[1m>[22m[39m[90m 347 |[39m       console[33m.[39merror([32m'[Wompi] Error en getCheckoutUrl:'[39m[33m,[39m error)[33m;[39m
     [90m     |[39m               [31m[1m^[22m[39m
     [90m 348 |[39m       res[33m.[39mstatus([35m500[39m)[33m.[39mjson({ error[33m:[39m [32m'Error interno'[39m })[33m;[39m
     [90m 349 |[39m     }
     [90m 350 |[39m   }[0m

      at WompiController.getCheckoutUrl (src/controllers/wompi.controller.ts:347:15)
      at src/__tests__/properties/checkout-email-registro-pro.property.test.ts:188:13
      at AsyncProperty.run (node_modules/fast-check/lib/cjs/fast-check.js:1208:19)
      at asyncRunIt (node_modules/fast-check/lib/cjs/fast-check.js:2503:15)
      at Object.<anonymous> (src/__tests__/properties/checkout-email-registro-pro.property.test.ts:166:7)

  console.error
    [Wompi] Error en getCheckoutUrl: TypeError: supabase_1.supabaseAdmin.from(...).select is not a function
        at PricingService.getPricingConfig (C:\Users\Matt\Lookitry\backend\src\services\pricing.service.ts:18:8)
        at PricingService.calculateTotal (C:\Users\Matt\Lookitry\backend\src\services\pricing.service.ts:38:32)
        at WompiController.getCheckoutUrl (C:\Users\Matt\Lookitry\backend\src\controllers\wompi.controller.ts:317:44)
        at C:\Users\Matt\Lookitry\backend\src\__tests__\properties\checkout-email-registro-pro.property.test.ts:188:30
        at AsyncProperty.predicate (C:\Users\Matt\Lookitry\backend\node_modules\fast-check\lib\cjs\fast-check.js:1272:104)
        at AsyncProperty.run (C:\Users\Matt\Lookitry\backend\node_modules\fast-check\lib\cjs\fast-check.js:1208:30)
        at asyncRunIt (C:\Users\Matt\Lookitry\backend\node_modules\fast-check\lib\cjs\fast-check.js:2503:30)
        at Object.<anonymous> (C:\Users\Matt\Lookitry\backend\src\__tests__\properties\checkout-email-registro-pro.property.test.ts:166:7)

    [0m [90m 345 |[39m       res[33m.[39mjson({ checkoutUrl })[33m;[39m
     [90m 346 |[39m     } [36mcatch[39m (error) {
    [31m[1m>[22m[39m[90m 347 |[39m       console[33m.[39merror([32m'[Wompi] Error en getCheckoutUrl:'[39m[33m,[39m error)[33m;[39m
     [90m     |[39m               [31m[1m^[22m[39m
     [90m 348 |[39m       res[33m.[39mstatus([35m500[39m)[33m.[39mjson({ error[33m:[39m [32m'Error interno'[39m })[33m;[39m
     [90m 349 |[39m     }
     [90m 350 |[39m   }[0m

      at WompiController.getCheckoutUrl (src/controllers/wompi.controller.ts:347:15)
      at src/__tests__/properties/checkout-email-registro-pro.property.test.ts:188:13
      at AsyncProperty.run (node_modules/fast-check/lib/cjs/fast-check.js:1208:19)
      at asyncRunIt (node_modules/fast-check/lib/cjs/fast-check.js:2503:15)
      at Object.<anonymous> (src/__tests__/properties/checkout-email-registro-pro.property.test.ts:166:7)

  console.error
    [Wompi] Error en getCheckoutUrl: TypeError: supabase_1.supabaseAdmin.from(...).select is not a function
        at PricingService.getPricingConfig (C:\Users\Matt\Lookitry\backend\src\services\pricing.service.ts:18:8)
        at PricingService.calculateTotal (C:\Users\Matt\Lookitry\backend\src\services\pricing.service.ts:38:32)
        at WompiController.getCheckoutUrl (C:\Users\Matt\Lookitry\backend\src\controllers\wompi.controller.ts:317:44)
        at C:\Users\Matt\Lookitry\backend\src\__tests__\properties\checkout-email-registro-pro.property.test.ts:188:30
        at AsyncProperty.predicate (C:\Users\Matt\Lookitry\backend\node_modules\fast-check\lib\cjs\fast-check.js:1272:104)
        at AsyncProperty.run (C:\Users\Matt\Lookitry\backend\node_modules\fast-check\lib\cjs\fast-check.js:1208:30)
        at asyncRunIt (C:\Users\Matt\Lookitry\backend\node_modules\fast-check\lib\cjs\fast-check.js:2503:30)
        at Object.<anonymous> (C:\Users\Matt\Lookitry\backend\src\__tests__\properties\checkout-email-registro-pro.property.test.ts:166:7)

    [0m [90m 345 |[39m       res[33m.[39mjson({ checkoutUrl })[33m;[39m
     [90m 346 |[39m     } [36mcatch[39m (error) {
    [31m[1m>[22m[39m[90m 347 |[39m       console[33m.[39merror([32m'[Wompi] Error en getCheckoutUrl:'[39m[33m,[39m error)[33m;[39m
     [90m     |[39m               [31m[1m^[22m[39m
     [90m 348 |[39m       res[33m.[39mstatus([35m500[39m)[33m.[39mjson({ error[33m:[39m [32m'Error interno'[39m })[33m;[39m
     [90m 349 |[39m     }
     [90m 350 |[39m   }[0m

      at WompiController.getCheckoutUrl (src/controllers/wompi.controller.ts:347:15)
      at src/__tests__/properties/checkout-email-registro-pro.property.test.ts:188:13
      at AsyncProperty.run (node_modules/fast-check/lib/cjs/fast-check.js:1208:19)
      at asyncRunIt (node_modules/fast-check/lib/cjs/fast-check.js:2503:15)
      at Object.<anonymous> (src/__tests__/properties/checkout-email-registro-pro.property.test.ts:166:7)

  console.error
    [Wompi] Error en getCheckoutUrl: TypeError: supabase_1.supabaseAdmin.from(...).select is not a function
        at PricingService.getPricingConfig (C:\Users\Matt\Lookitry\backend\src\services\pricing.service.ts:18:8)
        at PricingService.calculateTotal (C:\Users\Matt\Lookitry\backend\src\services\pricing.service.ts:38:32)
        at WompiController.getCheckoutUrl (C:\Users\Matt\Lookitry\backend\src\controllers\wompi.controller.ts:317:44)
        at C:\Users\Matt\Lookitry\backend\src\__tests__\properties\checkout-email-registro-pro.property.test.ts:188:30
        at AsyncProperty.predicate (C:\Users\Matt\Lookitry\backend\node_modules\fast-check\lib\cjs\fast-check.js:1272:104)
        at AsyncProperty.run (C:\Users\Matt\Lookitry\backend\node_modules\fast-check\lib\cjs\fast-check.js:1208:30)
        at asyncRunIt (C:\Users\Matt\Lookitry\backend\node_modules\fast-check\lib\cjs\fast-check.js:2503:30)
        at Object.<anonymous> (C:\Users\Matt\Lookitry\backend\src\__tests__\properties\checkout-email-registro-pro.property.test.ts:166:7)

    [0m [90m 345 |[39m       res[33m.[39mjson({ checkoutUrl })[33m;[39m
     [90m 346 |[39m     } [36mcatch[39m (error) {
    [31m[1m>[22m[39m[90m 347 |[39m       console[33m.[39merror([32m'[Wompi] Error en getCheckoutUrl:'[39m[33m,[39m error)[33m;[39m
     [90m     |[39m               [31m[1m^[22m[39m
     [90m 348 |[39m       res[33m.[39mstatus([35m500[39m)[33m.[39mjson({ error[33m:[39m [32m'Error interno'[39m })[33m;[39m
     [90m 349 |[39m     }
     [90m 350 |[39m   }[0m

      at WompiController.getCheckoutUrl (src/controllers/wompi.controller.ts:347:15)
      at src/__tests__/properties/checkout-email-registro-pro.property.test.ts:188:13
      at AsyncProperty.run (node_modules/fast-check/lib/cjs/fast-check.js:1208:19)
      at asyncRunIt (node_modules/fast-check/lib/cjs/fast-check.js:2503:15)
      at Object.<anonymous> (src/__tests__/properties/checkout-email-registro-pro.property.test.ts:166:7)

  console.error
    [Wompi] Error en getCheckoutUrl: TypeError: supabase_1.supabaseAdmin.from(...).select is not a function
        at PricingService.getPricingConfig (C:\Users\Matt\Lookitry\backend\src\services\pricing.service.ts:18:8)
        at PricingService.calculateTotal (C:\Users\Matt\Lookitry\backend\src\services\pricing.service.ts:38:32)
        at WompiController.getCheckoutUrl (C:\Users\Matt\Lookitry\backend\src\controllers\wompi.controller.ts:317:44)
        at C:\Users\Matt\Lookitry\backend\src\__tests__\properties\checkout-email-registro-pro.property.test.ts:188:30
        at AsyncProperty.predicate (C:\Users\Matt\Lookitry\backend\node_modules\fast-check\lib\cjs\fast-check.js:1272:104)
        at AsyncProperty.run (C:\Users\Matt\Lookitry\backend\node_modules\fast-check\lib\cjs\fast-check.js:1208:30)
        at asyncRunIt (C:\Users\Matt\Lookitry\backend\node_modules\fast-check\lib\cjs\fast-check.js:2503:30)
        at Object.<anonymous> (C:\Users\Matt\Lookitry\backend\src\__tests__\properties\checkout-email-registro-pro.property.test.ts:166:7)

    [0m [90m 345 |[39m       res[33m.[39mjson({ checkoutUrl })[33m;[39m
     [90m 346 |[39m     } [36mcatch[39m (error) {
    [31m[1m>[22m[39m[90m 347 |[39m       console[33m.[39merror([32m'[Wompi] Error en getCheckoutUrl:'[39m[33m,[39m error)[33m;[39m
     [90m     |[39m               [31m[1m^[22m[39m
     [90m 348 |[39m       res[33m.[39mstatus([35m500[39m)[33m.[39mjson({ error[33m:[39m [32m'Error interno'[39m })[33m;[39m
     [90m 349 |[39m     }
     [90m 350 |[39m   }[0m

      at WompiController.getCheckoutUrl (src/controllers/wompi.controller.ts:347:15)
      at src/__tests__/properties/checkout-email-registro-pro.property.test.ts:188:13
      at AsyncProperty.run (node_modules/fast-check/lib/cjs/fast-check.js:1208:19)
      at asyncRunIt (node_modules/fast-check/lib/cjs/fast-check.js:2503:15)
      at Object.<anonymous> (src/__tests__/properties/checkout-email-registro-pro.property.test.ts:166:7)

  console.error
    [Wompi] Error en getCheckoutUrl: TypeError: supabase_1.supabaseAdmin.from(...).select is not a function
        at PricingService.getPricingConfig (C:\Users\Matt\Lookitry\backend\src\services\pricing.service.ts:18:8)
        at PricingService.calculateTotal (C:\Users\Matt\Lookitry\backend\src\services\pricing.service.ts:38:32)
        at WompiController.getCheckoutUrl (C:\Users\Matt\Lookitry\backend\src\controllers\wompi.controller.ts:317:44)
        at C:\Users\Matt\Lookitry\backend\src\__tests__\properties\checkout-email-registro-pro.property.test.ts:188:30
        at AsyncProperty.predicate (C:\Users\Matt\Lookitry\backend\node_modules\fast-check\lib\cjs\fast-check.js:1272:104)
        at AsyncProperty.run (C:\Users\Matt\Lookitry\backend\node_modules\fast-check\lib\cjs\fast-check.js:1208:30)
        at asyncRunIt (C:\Users\Matt\Lookitry\backend\node_modules\fast-check\lib\cjs\fast-check.js:2503:30)
        at Object.<anonymous> (C:\Users\Matt\Lookitry\backend\src\__tests__\properties\checkout-email-registro-pro.property.test.ts:166:7)

    [0m [90m 345 |[39m       res[33m.[39mjson({ checkoutUrl })[33m;[39m
     [90m 346 |[39m     } [36mcatch[39m (error) {
    [31m[1m>[22m[39m[90m 347 |[39m       console[33m.[39merror([32m'[Wompi] Error en getCheckoutUrl:'[39m[33m,[39m error)[33m;[39m
     [90m     |[39m               [31m[1m^[22m[39m
     [90m 348 |[39m       res[33m.[39mstatus([35m500[39m)[33m.[39mjson({ error[33m:[39m [32m'Error interno'[39m })[33m;[39m
     [90m 349 |[39m     }
     [90m 350 |[39m   }[0m

      at WompiController.getCheckoutUrl (src/controllers/wompi.controller.ts:347:15)
      at src/__tests__/properties/checkout-email-registro-pro.property.test.ts:188:13
      at AsyncProperty.run (node_modules/fast-check/lib/cjs/fast-check.js:1208:19)
      at asyncRunIt (node_modules/fast-check/lib/cjs/fast-check.js:2503:15)
      at Object.<anonymous> (src/__tests__/properties/checkout-email-registro-pro.property.test.ts:166:7)

  console.error
    [Wompi] Error en getCheckoutUrl: TypeError: supabase_1.supabaseAdmin.from(...).select is not a function
        at PricingService.getPricingConfig (C:\Users\Matt\Lookitry\backend\src\services\pricing.service.ts:18:8)
        at PricingService.calculateTotal (C:\Users\Matt\Lookitry\backend\src\services\pricing.service.ts:38:32)
        at WompiController.getCheckoutUrl (C:\Users\Matt\Lookitry\backend\src\controllers\wompi.controller.ts:317:44)
        at C:\Users\Matt\Lookitry\backend\src\__tests__\properties\checkout-email-registro-pro.property.test.ts:188:30
        at AsyncProperty.predicate (C:\Users\Matt\Lookitry\backend\node_modules\fast-check\lib\cjs\fast-check.js:1272:104)
        at AsyncProperty.run (C:\Users\Matt\Lookitry\backend\node_modules\fast-check\lib\cjs\fast-check.js:1208:30)
        at asyncRunIt (C:\Users\Matt\Lookitry\backend\node_modules\fast-check\lib\cjs\fast-check.js:2503:30)
        at Object.<anonymous> (C:\Users\Matt\Lookitry\backend\src\__tests__\properties\checkout-email-registro-pro.property.test.ts:166:7)

    [0m [90m 345 |[39m       res[33m.[39mjson({ checkoutUrl })[33m;[39m
     [90m 346 |[39m     } [36mcatch[39m (error) {
    [31m[1m>[22m[39m[90m 347 |[39m       console[33m.[39merror([32m'[Wompi] Error en getCheckoutUrl:'[39m[33m,[39m error)[33m;[39m
     [90m     |[39m               [31m[1m^[22m[39m
     [90m 348 |[39m       res[33m.[39mstatus([35m500[39m)[33m.[39mjson({ error[33m:[39m [32m'Error interno'[39m })[33m;[39m
     [90m 349 |[39m     }
     [90m 350 |[39m   }[0m

      at WompiController.getCheckoutUrl (src/controllers/wompi.controller.ts:347:15)
      at src/__tests__/properties/checkout-email-registro-pro.property.test.ts:188:13
      at AsyncProperty.run (node_modules/fast-check/lib/cjs/fast-check.js:1208:19)
      at asyncRunIt (node_modules/fast-check/lib/cjs/fast-check.js:2503:15)
      at Object.<anonymous> (src/__tests__/properties/checkout-email-registro-pro.property.test.ts:166:7)

  console.error
    [Wompi] Error en getCheckoutUrl: TypeError: supabase_1.supabaseAdmin.from(...).select is not a function
        at PricingService.getPricingConfig (C:\Users\Matt\Lookitry\backend\src\services\pricing.service.ts:18:8)
        at PricingService.calculateTotal (C:\Users\Matt\Lookitry\backend\src\services\pricing.service.ts:38:32)
        at WompiController.getCheckoutUrl (C:\Users\Matt\Lookitry\backend\src\controllers\wompi.controller.ts:317:44)
        at C:\Users\Matt\Lookitry\backend\src\__tests__\properties\checkout-email-registro-pro.property.test.ts:188:30
        at AsyncProperty.predicate (C:\Users\Matt\Lookitry\backend\node_modules\fast-check\lib\cjs\fast-check.js:1272:104)
        at AsyncProperty.run (C:\Users\Matt\Lookitry\backend\node_modules\fast-check\lib\cjs\fast-check.js:1208:30)
        at asyncRunIt (C:\Users\Matt\Lookitry\backend\node_modules\fast-check\lib\cjs\fast-check.js:2503:30)
        at Object.<anonymous> (C:\Users\Matt\Lookitry\backend\src\__tests__\properties\checkout-email-registro-pro.property.test.ts:166:7)

    [0m [90m 345 |[39m       res[33m.[39mjson({ checkoutUrl })[33m;[39m
     [90m 346 |[39m     } [36mcatch[39m (error) {
    [31m[1m>[22m[39m[90m 347 |[39m       console[33m.[39merror([32m'[Wompi] Error en getCheckoutUrl:'[39m[33m,[39m error)[33m;[39m
     [90m     |[39m               [31m[1m^[22m[39m
     [90m 348 |[39m       res[33m.[39mstatus([35m500[39m)[33m.[39mjson({ error[33m:[39m [32m'Error interno'[39m })[33m;[39m
     [90m 349 |[39m     }
     [90m 350 |[39m   }[0m

      at WompiController.getCheckoutUrl (src/controllers/wompi.controller.ts:347:15)
      at src/__tests__/properties/checkout-email-registro-pro.property.test.ts:188:13
      at AsyncProperty.run (node_modules/fast-check/lib/cjs/fast-check.js:1208:19)
      at asyncRunIt (node_modules/fast-check/lib/cjs/fast-check.js:2503:15)
      at Object.<anonymous> (src/__tests__/properties/checkout-email-registro-pro.property.test.ts:166:7)

  console.error
    [Wompi] Error en getCheckoutUrl: TypeError: supabase_1.supabaseAdmin.from(...).select is not a function
        at PricingService.getPricingConfig (C:\Users\Matt\Lookitry\backend\src\services\pricing.service.ts:18:8)
        at PricingService.calculateTotal (C:\Users\Matt\Lookitry\backend\src\services\pricing.service.ts:38:32)
        at WompiController.getCheckoutUrl (C:\Users\Matt\Lookitry\backend\src\controllers\wompi.controller.ts:317:44)
        at C:\Users\Matt\Lookitry\backend\src\__tests__\properties\checkout-email-registro-pro.property.test.ts:188:30
        at AsyncProperty.predicate (C:\Users\Matt\Lookitry\backend\node_modules\fast-check\lib\cjs\fast-check.js:1272:104)
        at AsyncProperty.run (C:\Users\Matt\Lookitry\backend\node_modules\fast-check\lib\cjs\fast-check.js:1208:30)
        at asyncRunIt (C:\Users\Matt\Lookitry\backend\node_modules\fast-check\lib\cjs\fast-check.js:2503:30)
        at Object.<anonymous> (C:\Users\Matt\Lookitry\backend\src\__tests__\properties\checkout-email-registro-pro.property.test.ts:166:7)

    [0m [90m 345 |[39m       res[33m.[39mjson({ checkoutUrl })[33m;[39m
     [90m 346 |[39m     } [36mcatch[39m (error) {
    [31m[1m>[22m[39m[90m 347 |[39m       console[33m.[39merror([32m'[Wompi] Error en getCheckoutUrl:'[39m[33m,[39m error)[33m;[39m
     [90m     |[39m               [31m[1m^[22m[39m
     [90m 348 |[39m       res[33m.[39mstatus([35m500[39m)[33m.[39mjson({ error[33m:[39m [32m'Error interno'[39m })[33m;[39m
     [90m 349 |[39m     }
     [90m 350 |[39m   }[0m

      at WompiController.getCheckoutUrl (src/controllers/wompi.controller.ts:347:15)
      at src/__tests__/properties/checkout-email-registro-pro.property.test.ts:188:13
      at AsyncProperty.run (node_modules/fast-check/lib/cjs/fast-check.js:1208:19)
      at asyncRunIt (node_modules/fast-check/lib/cjs/fast-check.js:2503:15)
      at Object.<anonymous> (src/__tests__/properties/checkout-email-registro-pro.property.test.ts:166:7)

  console.error
    [Wompi] Error en getCheckoutUrl: TypeError: supabase_1.supabaseAdmin.from(...).select is not a function
        at PricingService.getPricingConfig (C:\Users\Matt\Lookitry\backend\src\services\pricing.service.ts:18:8)
        at PricingService.calculateTotal (C:\Users\Matt\Lookitry\backend\src\services\pricing.service.ts:38:32)
        at WompiController.getCheckoutUrl (C:\Users\Matt\Lookitry\backend\src\controllers\wompi.controller.ts:317:44)
        at C:\Users\Matt\Lookitry\backend\src\__tests__\properties\checkout-email-registro-pro.property.test.ts:188:30
        at AsyncProperty.predicate (C:\Users\Matt\Lookitry\backend\node_modules\fast-check\lib\cjs\fast-check.js:1272:104)
        at AsyncProperty.run (C:\Users\Matt\Lookitry\backend\node_modules\fast-check\lib\cjs\fast-check.js:1208:30)
        at asyncRunIt (C:\Users\Matt\Lookitry\backend\node_modules\fast-check\lib\cjs\fast-check.js:2503:30)
        at Object.<anonymous> (C:\Users\Matt\Lookitry\backend\src\__tests__\properties\checkout-email-registro-pro.property.test.ts:166:7)

    [0m [90m 345 |[39m       res[33m.[39mjson({ checkoutUrl })[33m;[39m
     [90m 346 |[39m     } [36mcatch[39m (error) {
    [31m[1m>[22m[39m[90m 347 |[39m       console[33m.[39merror([32m'[Wompi] Error en getCheckoutUrl:'[39m[33m,[39m error)[33m;[39m
     [90m     |[39m               [31m[1m^[22m[39m
     [90m 348 |[39m       res[33m.[39mstatus([35m500[39m)[33m.[39mjson({ error[33m:[39m [32m'Error interno'[39m })[33m;[39m
     [90m 349 |[39m     }
     [90m 350 |[39m   }[0m

      at WompiController.getCheckoutUrl (src/controllers/wompi.controller.ts:347:15)
      at src/__tests__/properties/checkout-email-registro-pro.property.test.ts:188:13
      at AsyncProperty.run (node_modules/fast-check/lib/cjs/fast-check.js:1208:19)
      at asyncRunIt (node_modules/fast-check/lib/cjs/fast-check.js:2503:15)
      at Object.<anonymous> (src/__tests__/properties/checkout-email-registro-pro.property.test.ts:166:7)

  console.error
    [Wompi] Error en getCheckoutUrl: TypeError: supabase_1.supabaseAdmin.from(...).select is not a function
        at PricingService.getPricingConfig (C:\Users\Matt\Lookitry\backend\src\services\pricing.service.ts:18:8)
        at PricingService.calculateTotal (C:\Users\Matt\Lookitry\backend\src\services\pricing.service.ts:38:32)
        at WompiController.getCheckoutUrl (C:\Users\Matt\Lookitry\backend\src\controllers\wompi.controller.ts:317:44)
        at C:\Users\Matt\Lookitry\backend\src\__tests__\properties\checkout-email-registro-pro.property.test.ts:188:30
        at AsyncProperty.predicate (C:\Users\Matt\Lookitry\backend\node_modules\fast-check\lib\cjs\fast-check.js:1272:104)
        at AsyncProperty.run (C:\Users\Matt\Lookitry\backend\node_modules\fast-check\lib\cjs\fast-check.js:1208:30)
        at asyncRunIt (C:\Users\Matt\Lookitry\backend\node_modules\fast-check\lib\cjs\fast-check.js:2503:30)
        at Object.<anonymous> (C:\Users\Matt\Lookitry\backend\src\__tests__\properties\checkout-email-registro-pro.property.test.ts:166:7)

    [0m [90m 345 |[39m       res[33m.[39mjson({ checkoutUrl })[33m;[39m
     [90m 346 |[39m     } [36mcatch[39m (error) {
    [31m[1m>[22m[39m[90m 347 |[39m       console[33m.[39merror([32m'[Wompi] Error en getCheckoutUrl:'[39m[33m,[39m error)[33m;[39m
     [90m     |[39m               [31m[1m^[22m[39m
     [90m 348 |[39m       res[33m.[39mstatus([35m500[39m)[33m.[39mjson({ error[33m:[39m [32m'Error interno'[39m })[33m;[39m
     [90m 349 |[39m     }
     [90m 350 |[39m   }[0m

      at WompiController.getCheckoutUrl (src/controllers/wompi.controller.ts:347:15)
      at src/__tests__/properties/checkout-email-registro-pro.property.test.ts:188:13
      at AsyncProperty.run (node_modules/fast-check/lib/cjs/fast-check.js:1208:19)
      at asyncRunIt (node_modules/fast-check/lib/cjs/fast-check.js:2503:15)
      at Object.<anonymous> (src/__tests__/properties/checkout-email-registro-pro.property.test.ts:166:7)

  console.error
    [Wompi] Error en getCheckoutUrl: TypeError: supabase_1.supabaseAdmin.from(...).select is not a function
        at PricingService.getPricingConfig (C:\Users\Matt\Lookitry\backend\src\services\pricing.service.ts:18:8)
        at PricingService.calculateTotal (C:\Users\Matt\Lookitry\backend\src\services\pricing.service.ts:38:32)
        at WompiController.getCheckoutUrl (C:\Users\Matt\Lookitry\backend\src\controllers\wompi.controller.ts:317:44)
        at C:\Users\Matt\Lookitry\backend\src\__tests__\properties\checkout-email-registro-pro.property.test.ts:188:30
        at AsyncProperty.predicate (C:\Users\Matt\Lookitry\backend\node_modules\fast-check\lib\cjs\fast-check.js:1272:104)
        at AsyncProperty.run (C:\Users\Matt\Lookitry\backend\node_modules\fast-check\lib\cjs\fast-check.js:1208:30)
        at asyncRunIt (C:\Users\Matt\Lookitry\backend\node_modules\fast-check\lib\cjs\fast-check.js:2503:30)
        at Object.<anonymous> (C:\Users\Matt\Lookitry\backend\src\__tests__\properties\checkout-email-registro-pro.property.test.ts:166:7)

    [0m [90m 345 |[39m       res[33m.[39mjson({ checkoutUrl })[33m;[39m
     [90m 346 |[39m     } [36mcatch[39m (error) {
    [31m[1m>[22m[39m[90m 347 |[39m       console[33m.[39merror([32m'[Wompi] Error en getCheckoutUrl:'[39m[33m,[39m error)[33m;[39m
     [90m     |[39m               [31m[1m^[22m[39m
     [90m 348 |[39m       res[33m.[39mstatus([35m500[39m)[33m.[39mjson({ error[33m:[39m [32m'Error interno'[39m })[33m;[39m
     [90m 349 |[39m     }
     [90m 350 |[39m   }[0m

      at WompiController.getCheckoutUrl (src/controllers/wompi.controller.ts:347:15)
      at src/__tests__/properties/checkout-email-registro-pro.property.test.ts:188:13
      at AsyncProperty.run (node_modules/fast-check/lib/cjs/fast-check.js:1208:19)
      at asyncRunIt (node_modules/fast-check/lib/cjs/fast-check.js:2503:15)
      at Object.<anonymous> (src/__tests__/properties/checkout-email-registro-pro.property.test.ts:166:7)

  console.error
    [Wompi] Error en getCheckoutUrl: TypeError: supabase_1.supabaseAdmin.from(...).select is not a function
        at PricingService.getPricingConfig (C:\Users\Matt\Lookitry\backend\src\services\pricing.service.ts:18:8)
        at PricingService.calculateTotal (C:\Users\Matt\Lookitry\backend\src\services\pricing.service.ts:38:32)
        at WompiController.getCheckoutUrl (C:\Users\Matt\Lookitry\backend\src\controllers\wompi.controller.ts:317:44)
        at C:\Users\Matt\Lookitry\backend\src\__tests__\properties\checkout-email-registro-pro.property.test.ts:188:30
        at AsyncProperty.predicate (C:\Users\Matt\Lookitry\backend\node_modules\fast-check\lib\cjs\fast-check.js:1272:104)
        at AsyncProperty.run (C:\Users\Matt\Lookitry\backend\node_modules\fast-check\lib\cjs\fast-check.js:1208:30)
        at asyncRunIt (C:\Users\Matt\Lookitry\backend\node_modules\fast-check\lib\cjs\fast-check.js:2503:30)
        at Object.<anonymous> (C:\Users\Matt\Lookitry\backend\src\__tests__\properties\checkout-email-registro-pro.property.test.ts:166:7)

    [0m [90m 345 |[39m       res[33m.[39mjson({ checkoutUrl })[33m;[39m
     [90m 346 |[39m     } [36mcatch[39m (error) {
    [31m[1m>[22m[39m[90m 347 |[39m       console[33m.[39merror([32m'[Wompi] Error en getCheckoutUrl:'[39m[33m,[39m error)[33m;[39m
     [90m     |[39m               [31m[1m^[22m[39m
     [90m 348 |[39m       res[33m.[39mstatus([35m500[39m)[33m.[39mjson({ error[33m:[39m [32m'Error interno'[39m })[33m;[39m
     [90m 349 |[39m     }
     [90m 350 |[39m   }[0m

      at WompiController.getCheckoutUrl (src/controllers/wompi.controller.ts:347:15)
      at src/__tests__/properties/checkout-email-registro-pro.property.test.ts:188:13
      at AsyncProperty.run (node_modules/fast-check/lib/cjs/fast-check.js:1208:19)
      at asyncRunIt (node_modules/fast-check/lib/cjs/fast-check.js:2503:15)
      at Object.<anonymous> (src/__tests__/properties/checkout-email-registro-pro.property.test.ts:166:7)

  console.error
    [Wompi] Error en getCheckoutUrl: TypeError: supabase_1.supabaseAdmin.from(...).select is not a function
        at PricingService.getPricingConfig (C:\Users\Matt\Lookitry\backend\src\services\pricing.service.ts:18:8)
        at PricingService.calculateTotal (C:\Users\Matt\Lookitry\backend\src\services\pricing.service.ts:38:32)
        at WompiController.getCheckoutUrl (C:\Users\Matt\Lookitry\backend\src\controllers\wompi.controller.ts:317:44)
        at C:\Users\Matt\Lookitry\backend\src\__tests__\properties\checkout-email-registro-pro.property.test.ts:188:30
        at AsyncProperty.predicate (C:\Users\Matt\Lookitry\backend\node_modules\fast-check\lib\cjs\fast-check.js:1272:104)
        at AsyncProperty.run (C:\Users\Matt\Lookitry\backend\node_modules\fast-check\lib\cjs\fast-check.js:1208:30)
        at asyncRunIt (C:\Users\Matt\Lookitry\backend\node_modules\fast-check\lib\cjs\fast-check.js:2503:30)
        at Object.<anonymous> (C:\Users\Matt\Lookitry\backend\src\__tests__\properties\checkout-email-registro-pro.property.test.ts:166:7)

    [0m [90m 345 |[39m       res[33m.[39mjson({ checkoutUrl })[33m;[39m
     [90m 346 |[39m     } [36mcatch[39m (error) {
    [31m[1m>[22m[39m[90m 347 |[39m       console[33m.[39merror([32m'[Wompi] Error en getCheckoutUrl:'[39m[33m,[39m error)[33m;[39m
     [90m     |[39m               [31m[1m^[22m[39m
     [90m 348 |[39m       res[33m.[39mstatus([35m500[39m)[33m.[39mjson({ error[33m:[39m [32m'Error interno'[39m })[33m;[39m
     [90m 349 |[39m     }
     [90m 350 |[39m   }[0m

      at WompiController.getCheckoutUrl (src/controllers/wompi.controller.ts:347:15)
      at src/__tests__/properties/checkout-email-registro-pro.property.test.ts:188:13
      at AsyncProperty.run (node_modules/fast-check/lib/cjs/fast-check.js:1208:19)
      at asyncRunIt (node_modules/fast-check/lib/cjs/fast-check.js:2503:15)
      at Object.<anonymous> (src/__tests__/properties/checkout-email-registro-pro.property.test.ts:166:7)

  console.error
    [Wompi] Error en getCheckoutUrl: TypeError: supabase_1.supabaseAdmin.from(...).select is not a function
        at PricingService.getPricingConfig (C:\Users\Matt\Lookitry\backend\src\services\pricing.service.ts:18:8)
        at PricingService.calculateTotal (C:\Users\Matt\Lookitry\backend\src\services\pricing.service.ts:38:32)
        at WompiController.getCheckoutUrl (C:\Users\Matt\Lookitry\backend\src\controllers\wompi.controller.ts:317:44)
        at C:\Users\Matt\Lookitry\backend\src\__tests__\properties\checkout-email-registro-pro.property.test.ts:188:30
        at AsyncProperty.predicate (C:\Users\Matt\Lookitry\backend\node_modules\fast-check\lib\cjs\fast-check.js:1272:104)
        at AsyncProperty.run (C:\Users\Matt\Lookitry\backend\node_modules\fast-check\lib\cjs\fast-check.js:1208:30)
        at asyncRunIt (C:\Users\Matt\Lookitry\backend\node_modules\fast-check\lib\cjs\fast-check.js:2503:30)
        at Object.<anonymous> (C:\Users\Matt\Lookitry\backend\src\__tests__\properties\checkout-email-registro-pro.property.test.ts:166:7)

    [0m [90m 345 |[39m       res[33m.[39mjson({ checkoutUrl })[33m;[39m
     [90m 346 |[39m     } [36mcatch[39m (error) {
    [31m[1m>[22m[39m[90m 347 |[39m       console[33m.[39merror([32m'[Wompi] Error en getCheckoutUrl:'[39m[33m,[39m error)[33m;[39m
     [90m     |[39m               [31m[1m^[22m[39m
     [90m 348 |[39m       res[33m.[39mstatus([35m500[39m)[33m.[39mjson({ error[33m:[39m [32m'Error interno'[39m })[33m;[39m
     [90m 349 |[39m     }
     [90m 350 |[39m   }[0m

      at WompiController.getCheckoutUrl (src/controllers/wompi.controller.ts:347:15)
      at src/__tests__/properties/checkout-email-registro-pro.property.test.ts:188:13
      at AsyncProperty.run (node_modules/fast-check/lib/cjs/fast-check.js:1208:19)
      at asyncRunIt (node_modules/fast-check/lib/cjs/fast-check.js:2503:15)
      at Object.<anonymous> (src/__tests__/properties/checkout-email-registro-pro.property.test.ts:166:7)

  console.error
    [Wompi] Error en getCheckoutUrl: TypeError: supabase_1.supabaseAdmin.from(...).select is not a function
        at PricingService.getPricingConfig (C:\Users\Matt\Lookitry\backend\src\services\pricing.service.ts:18:8)
        at PricingService.calculateTotal (C:\Users\Matt\Lookitry\backend\src\services\pricing.service.ts:38:32)
        at WompiController.getCheckoutUrl (C:\Users\Matt\Lookitry\backend\src\controllers\wompi.controller.ts:317:44)
        at C:\Users\Matt\Lookitry\backend\src\__tests__\properties\checkout-email-registro-pro.property.test.ts:188:30
        at AsyncProperty.predicate (C:\Users\Matt\Lookitry\backend\node_modules\fast-check\lib\cjs\fast-check.js:1272:104)
        at AsyncProperty.run (C:\Users\Matt\Lookitry\backend\node_modules\fast-check\lib\cjs\fast-check.js:1208:30)
        at asyncRunIt (C:\Users\Matt\Lookitry\backend\node_modules\fast-check\lib\cjs\fast-check.js:2503:30)
        at Object.<anonymous> (C:\Users\Matt\Lookitry\backend\src\__tests__\properties\checkout-email-registro-pro.property.test.ts:166:7)

    [0m [90m 345 |[39m       res[33m.[39mjson({ checkoutUrl })[33m;[39m
     [90m 346 |[39m     } [36mcatch[39m (error) {
    [31m[1m>[22m[39m[90m 347 |[39m       console[33m.[39merror([32m'[Wompi] Error en getCheckoutUrl:'[39m[33m,[39m error)[33m;[39m
     [90m     |[39m               [31m[1m^[22m[39m
     [90m 348 |[39m       res[33m.[39mstatus([35m500[39m)[33m.[39mjson({ error[33m:[39m [32m'Error interno'[39m })[33m;[39m
     [90m 349 |[39m     }
     [90m 350 |[39m   }[0m

      at WompiController.getCheckoutUrl (src/controllers/wompi.controller.ts:347:15)
      at src/__tests__/properties/checkout-email-registro-pro.property.test.ts:188:13
      at AsyncProperty.run (node_modules/fast-check/lib/cjs/fast-check.js:1208:19)
      at asyncRunIt (node_modules/fast-check/lib/cjs/fast-check.js:2503:15)
      at Object.<anonymous> (src/__tests__/properties/checkout-email-registro-pro.property.test.ts:166:7)

  console.error
    [Wompi] Error en getCheckoutUrl: TypeError: supabase_1.supabaseAdmin.from(...).select is not a function
        at PricingService.getPricingConfig (C:\Users\Matt\Lookitry\backend\src\services\pricing.service.ts:18:8)
        at PricingService.calculateTotal (C:\Users\Matt\Lookitry\backend\src\services\pricing.service.ts:38:32)
        at WompiController.getCheckoutUrl (C:\Users\Matt\Lookitry\backend\src\controllers\wompi.controller.ts:317:44)
        at C:\Users\Matt\Lookitry\backend\src\__tests__\properties\checkout-email-registro-pro.property.test.ts:188:30
        at AsyncProperty.predicate (C:\Users\Matt\Lookitry\backend\node_modules\fast-check\lib\cjs\fast-check.js:1272:104)
        at AsyncProperty.run (C:\Users\Matt\Lookitry\backend\node_modules\fast-check\lib\cjs\fast-check.js:1208:30)
        at asyncRunIt (C:\Users\Matt\Lookitry\backend\node_modules\fast-check\lib\cjs\fast-check.js:2503:30)
        at Object.<anonymous> (C:\Users\Matt\Lookitry\backend\src\__tests__\properties\checkout-email-registro-pro.property.test.ts:166:7)

    [0m [90m 345 |[39m       res[33m.[39mjson({ checkoutUrl })[33m;[39m
     [90m 346 |[39m     } [36mcatch[39m (error) {
    [31m[1m>[22m[39m[90m 347 |[39m       console[33m.[39merror([32m'[Wompi] Error en getCheckoutUrl:'[39m[33m,[39m error)[33m;[39m
     [90m     |[39m               [31m[1m^[22m[39m
     [90m 348 |[39m       res[33m.[39mstatus([35m500[39m)[33m.[39mjson({ error[33m:[39m [32m'Error interno'[39m })[33m;[39m
     [90m 349 |[39m     }
     [90m 350 |[39m   }[0m

      at WompiController.getCheckoutUrl (src/controllers/wompi.controller.ts:347:15)
      at src/__tests__/properties/checkout-email-registro-pro.property.test.ts:188:13
      at AsyncProperty.run (node_modules/fast-check/lib/cjs/fast-check.js:1208:19)
      at asyncRunIt (node_modules/fast-check/lib/cjs/fast-check.js:2503:15)
      at Object.<anonymous> (src/__tests__/properties/checkout-email-registro-pro.property.test.ts:166:7)

  console.error
    [Wompi] Error en getCheckoutUrl: TypeError: supabase_1.supabaseAdmin.from(...).select is not a function
        at PricingService.getPricingConfig (C:\Users\Matt\Lookitry\backend\src\services\pricing.service.ts:18:8)
        at PricingService.calculateTotal (C:\Users\Matt\Lookitry\backend\src\services\pricing.service.ts:38:32)
        at WompiController.getCheckoutUrl (C:\Users\Matt\Lookitry\backend\src\controllers\wompi.controller.ts:317:44)
        at C:\Users\Matt\Lookitry\backend\src\__tests__\properties\checkout-email-registro-pro.property.test.ts:188:30
        at AsyncProperty.predicate (C:\Users\Matt\Lookitry\backend\node_modules\fast-check\lib\cjs\fast-check.js:1272:104)
        at AsyncProperty.run (C:\Users\Matt\Lookitry\backend\node_modules\fast-check\lib\cjs\fast-check.js:1208:30)
        at asyncRunIt (C:\Users\Matt\Lookitry\backend\node_modules\fast-check\lib\cjs\fast-check.js:2503:30)
        at Object.<anonymous> (C:\Users\Matt\Lookitry\backend\src\__tests__\properties\checkout-email-registro-pro.property.test.ts:166:7)

    [0m [90m 345 |[39m       res[33m.[39mjson({ checkoutUrl })[33m;[39m
     [90m 346 |[39m     } [36mcatch[39m (error) {
    [31m[1m>[22m[39m[90m 347 |[39m       console[33m.[39merror([32m'[Wompi] Error en getCheckoutUrl:'[39m[33m,[39m error)[33m;[39m
     [90m     |[39m               [31m[1m^[22m[39m
     [90m 348 |[39m       res[33m.[39mstatus([35m500[39m)[33m.[39mjson({ error[33m:[39m [32m'Error interno'[39m })[33m;[39m
     [90m 349 |[39m     }
     [90m 350 |[39m   }[0m

      at WompiController.getCheckoutUrl (src/controllers/wompi.controller.ts:347:15)
      at src/__tests__/properties/checkout-email-registro-pro.property.test.ts:188:13
      at AsyncProperty.run (node_modules/fast-check/lib/cjs/fast-check.js:1208:19)
      at asyncRunIt (node_modules/fast-check/lib/cjs/fast-check.js:2503:15)
      at Object.<anonymous> (src/__tests__/properties/checkout-email-registro-pro.property.test.ts:166:7)

  console.error
    [Wompi] Error en getCheckoutUrl: TypeError: supabase_1.supabaseAdmin.from(...).select is not a function
        at PricingService.getPricingConfig (C:\Users\Matt\Lookitry\backend\src\services\pricing.service.ts:18:8)
        at PricingService.calculateTotal (C:\Users\Matt\Lookitry\backend\src\services\pricing.service.ts:38:32)
        at WompiController.getCheckoutUrl (C:\Users\Matt\Lookitry\backend\src\controllers\wompi.controller.ts:317:44)
        at C:\Users\Matt\Lookitry\backend\src\__tests__\properties\checkout-email-registro-pro.property.test.ts:188:30
        at AsyncProperty.predicate (C:\Users\Matt\Lookitry\backend\node_modules\fast-check\lib\cjs\fast-check.js:1272:104)
        at AsyncProperty.run (C:\Users\Matt\Lookitry\backend\node_modules\fast-check\lib\cjs\fast-check.js:1208:30)
        at asyncRunIt (C:\Users\Matt\Lookitry\backend\node_modules\fast-check\lib\cjs\fast-check.js:2503:30)
        at Object.<anonymous> (C:\Users\Matt\Lookitry\backend\src\__tests__\properties\checkout-email-registro-pro.property.test.ts:166:7)

    [0m [90m 345 |[39m       res[33m.[39mjson({ checkoutUrl })[33m;[39m
     [90m 346 |[39m     } [36mcatch[39m (error) {
    [31m[1m>[22m[39m[90m 347 |[39m       console[33m.[39merror([32m'[Wompi] Error en getCheckoutUrl:'[39m[33m,[39m error)[33m;[39m
     [90m     |[39m               [31m[1m^[22m[39m
     [90m 348 |[39m       res[33m.[39mstatus([35m500[39m)[33m.[39mjson({ error[33m:[39m [32m'Error interno'[39m })[33m;[39m
     [90m 349 |[39m     }
     [90m 350 |[39m   }[0m

      at WompiController.getCheckoutUrl (src/controllers/wompi.controller.ts:347:15)
      at src/__tests__/properties/checkout-email-registro-pro.property.test.ts:188:13
      at AsyncProperty.run (node_modules/fast-check/lib/cjs/fast-check.js:1208:19)
      at asyncRunIt (node_modules/fast-check/lib/cjs/fast-check.js:2503:15)
      at Object.<anonymous> (src/__tests__/properties/checkout-email-registro-pro.property.test.ts:166:7)

  console.error
    [Wompi] Error en getCheckoutUrl: TypeError: supabase_1.supabaseAdmin.from(...).select is not a function
        at PricingService.getPricingConfig (C:\Users\Matt\Lookitry\backend\src\services\pricing.service.ts:18:8)
        at PricingService.calculateTotal (C:\Users\Matt\Lookitry\backend\src\services\pricing.service.ts:38:32)
        at WompiController.getCheckoutUrl (C:\Users\Matt\Lookitry\backend\src\controllers\wompi.controller.ts:317:44)
        at C:\Users\Matt\Lookitry\backend\src\__tests__\properties\checkout-email-registro-pro.property.test.ts:188:30
        at AsyncProperty.predicate (C:\Users\Matt\Lookitry\backend\node_modules\fast-check\lib\cjs\fast-check.js:1272:104)
        at AsyncProperty.run (C:\Users\Matt\Lookitry\backend\node_modules\fast-check\lib\cjs\fast-check.js:1208:30)
        at asyncRunIt (C:\Users\Matt\Lookitry\backend\node_modules\fast-check\lib\cjs\fast-check.js:2503:30)
        at Object.<anonymous> (C:\Users\Matt\Lookitry\backend\src\__tests__\properties\checkout-email-registro-pro.property.test.ts:166:7)

    [0m [90m 345 |[39m       res[33m.[39mjson({ checkoutUrl })[33m;[39m
     [90m 346 |[39m     } [36mcatch[39m (error) {
    [31m[1m>[22m[39m[90m 347 |[39m       console[33m.[39merror([32m'[Wompi] Error en getCheckoutUrl:'[39m[33m,[39m error)[33m;[39m
     [90m     |[39m               [31m[1m^[22m[39m
     [90m 348 |[39m       res[33m.[39mstatus([35m500[39m)[33m.[39mjson({ error[33m:[39m [32m'Error interno'[39m })[33m;[39m
     [90m 349 |[39m     }
     [90m 350 |[39m   }[0m

      at WompiController.getCheckoutUrl (src/controllers/wompi.controller.ts:347:15)
      at src/__tests__/properties/checkout-email-registro-pro.property.test.ts:188:13
      at AsyncProperty.run (node_modules/fast-check/lib/cjs/fast-check.js:1208:19)
      at asyncRunIt (node_modules/fast-check/lib/cjs/fast-check.js:2503:15)
      at Object.<anonymous> (src/__tests__/properties/checkout-email-registro-pro.property.test.ts:166:7)

  console.error
    [Wompi] Error en getCheckoutUrl: TypeError: supabase_1.supabaseAdmin.from(...).select is not a function
        at PricingService.getPricingConfig (C:\Users\Matt\Lookitry\backend\src\services\pricing.service.ts:18:8)
        at PricingService.calculateTotal (C:\Users\Matt\Lookitry\backend\src\services\pricing.service.ts:38:32)
        at WompiController.getCheckoutUrl (C:\Users\Matt\Lookitry\backend\src\controllers\wompi.controller.ts:317:44)
        at C:\Users\Matt\Lookitry\backend\src\__tests__\properties\checkout-email-registro-pro.property.test.ts:188:30
        at AsyncProperty.predicate (C:\Users\Matt\Lookitry\backend\node_modules\fast-check\lib\cjs\fast-check.js:1272:104)
        at AsyncProperty.run (C:\Users\Matt\Lookitry\backend\node_modules\fast-check\lib\cjs\fast-check.js:1208:30)
        at asyncRunIt (C:\Users\Matt\Lookitry\backend\node_modules\fast-check\lib\cjs\fast-check.js:2503:30)
        at Object.<anonymous> (C:\Users\Matt\Lookitry\backend\src\__tests__\properties\checkout-email-registro-pro.property.test.ts:166:7)

    [0m [90m 345 |[39m       res[33m.[39mjson({ checkoutUrl })[33m;[39m
     [90m 346 |[39m     } [36mcatch[39m (error) {
    [31m[1m>[22m[39m[90m 347 |[39m       console[33m.[39merror([32m'[Wompi] Error en getCheckoutUrl:'[39m[33m,[39m error)[33m;[39m
     [90m     |[39m               [31m[1m^[22m[39m
     [90m 348 |[39m       res[33m.[39mstatus([35m500[39m)[33m.[39mjson({ error[33m:[39m [32m'Error interno'[39m })[33m;[39m
     [90m 349 |[39m     }
     [90m 350 |[39m   }[0m

      at WompiController.getCheckoutUrl (src/controllers/wompi.controller.ts:347:15)
      at src/__tests__/properties/checkout-email-registro-pro.property.test.ts:188:13
      at AsyncProperty.run (node_modules/fast-check/lib/cjs/fast-check.js:1208:19)
      at asyncRunIt (node_modules/fast-check/lib/cjs/fast-check.js:2503:15)
      at Object.<anonymous> (src/__tests__/properties/checkout-email-registro-pro.property.test.ts:166:7)

  console.error
    [Wompi] Error en getCheckoutUrl: TypeError: supabase_1.supabaseAdmin.from(...).select is not a function
        at PricingService.getPricingConfig (C:\Users\Matt\Lookitry\backend\src\services\pricing.service.ts:18:8)
        at PricingService.calculateTotal (C:\Users\Matt\Lookitry\backend\src\services\pricing.service.ts:38:32)
        at WompiController.getCheckoutUrl (C:\Users\Matt\Lookitry\backend\src\controllers\wompi.controller.ts:317:44)
        at C:\Users\Matt\Lookitry\backend\src\__tests__\properties\checkout-email-registro-pro.property.test.ts:188:30
        at AsyncProperty.predicate (C:\Users\Matt\Lookitry\backend\node_modules\fast-check\lib\cjs\fast-check.js:1272:104)
        at AsyncProperty.run (C:\Users\Matt\Lookitry\backend\node_modules\fast-check\lib\cjs\fast-check.js:1208:30)
        at asyncRunIt (C:\Users\Matt\Lookitry\backend\node_modules\fast-check\lib\cjs\fast-check.js:2503:30)
        at Object.<anonymous> (C:\Users\Matt\Lookitry\backend\src\__tests__\properties\checkout-email-registro-pro.property.test.ts:166:7)

    [0m [90m 345 |[39m       res[33m.[39mjson({ checkoutUrl })[33m;[39m
     [90m 346 |[39m     } [36mcatch[39m (error) {
    [31m[1m>[22m[39m[90m 347 |[39m       console[33m.[39merror([32m'[Wompi] Error en getCheckoutUrl:'[39m[33m,[39m error)[33m;[39m
     [90m     |[39m               [31m[1m^[22m[39m
     [90m 348 |[39m       res[33m.[39mstatus([35m500[39m)[33m.[39mjson({ error[33m:[39m [32m'Error interno'[39m })[33m;[39m
     [90m 349 |[39m     }
     [90m 350 |[39m   }[0m

      at WompiController.getCheckoutUrl (src/controllers/wompi.controller.ts:347:15)
      at src/__tests__/properties/checkout-email-registro-pro.property.test.ts:188:13
      at AsyncProperty.run (node_modules/fast-check/lib/cjs/fast-check.js:1208:19)
      at asyncRunIt (node_modules/fast-check/lib/cjs/fast-check.js:2503:15)
      at Object.<anonymous> (src/__tests__/properties/checkout-email-registro-pro.property.test.ts:166:7)

  console.error
    [Wompi] Error en getCheckoutUrl: TypeError: supabase_1.supabaseAdmin.from(...).select is not a function
        at PricingService.getPricingConfig (C:\Users\Matt\Lookitry\backend\src\services\pricing.service.ts:18:8)
        at PricingService.calculateTotal (C:\Users\Matt\Lookitry\backend\src\services\pricing.service.ts:38:32)
        at WompiController.getCheckoutUrl (C:\Users\Matt\Lookitry\backend\src\controllers\wompi.controller.ts:317:44)
        at C:\Users\Matt\Lookitry\backend\src\__tests__\properties\checkout-email-registro-pro.property.test.ts:188:30
        at AsyncProperty.predicate (C:\Users\Matt\Lookitry\backend\node_modules\fast-check\lib\cjs\fast-check.js:1272:104)
        at AsyncProperty.run (C:\Users\Matt\Lookitry\backend\node_modules\fast-check\lib\cjs\fast-check.js:1208:30)
        at asyncRunIt (C:\Users\Matt\Lookitry\backend\node_modules\fast-check\lib\cjs\fast-check.js:2503:30)
        at Object.<anonymous> (C:\Users\Matt\Lookitry\backend\src\__tests__\properties\checkout-email-registro-pro.property.test.ts:166:7)

    [0m [90m 345 |[39m       res[33m.[39mjson({ checkoutUrl })[33m;[39m
     [90m 346 |[39m     } [36mcatch[39m (error) {
    [31m[1m>[22m[39m[90m 347 |[39m       console[33m.[39merror([32m'[Wompi] Error en getCheckoutUrl:'[39m[33m,[39m error)[33m;[39m
     [90m     |[39m               [31m[1m^[22m[39m
     [90m 348 |[39m       res[33m.[39mstatus([35m500[39m)[33m.[39mjson({ error[33m:[39m [32m'Error interno'[39m })[33m;[39m
     [90m 349 |[39m     }
     [90m 350 |[39m   }[0m

      at WompiController.getCheckoutUrl (src/controllers/wompi.controller.ts:347:15)
      at src/__tests__/properties/checkout-email-registro-pro.property.test.ts:188:13
      at AsyncProperty.run (node_modules/fast-check/lib/cjs/fast-check.js:1208:19)
      at asyncRunIt (node_modules/fast-check/lib/cjs/fast-check.js:2503:15)
      at Object.<anonymous> (src/__tests__/properties/checkout-email-registro-pro.property.test.ts:166:7)

  console.error
    [Wompi] Error en getCheckoutUrl: TypeError: supabase_1.supabaseAdmin.from(...).select is not a function
        at PricingService.getPricingConfig (C:\Users\Matt\Lookitry\backend\src\services\pricing.service.ts:18:8)
        at PricingService.calculateTotal (C:\Users\Matt\Lookitry\backend\src\services\pricing.service.ts:38:32)
        at WompiController.getCheckoutUrl (C:\Users\Matt\Lookitry\backend\src\controllers\wompi.controller.ts:317:44)
        at C:\Users\Matt\Lookitry\backend\src\__tests__\properties\checkout-email-registro-pro.property.test.ts:188:30
        at AsyncProperty.predicate (C:\Users\Matt\Lookitry\backend\node_modules\fast-check\lib\cjs\fast-check.js:1272:104)
        at AsyncProperty.run (C:\Users\Matt\Lookitry\backend\node_modules\fast-check\lib\cjs\fast-check.js:1208:30)
        at asyncRunIt (C:\Users\Matt\Lookitry\backend\node_modules\fast-check\lib\cjs\fast-check.js:2503:30)
        at Object.<anonymous> (C:\Users\Matt\Lookitry\backend\src\__tests__\properties\checkout-email-registro-pro.property.test.ts:166:7)

    [0m [90m 345 |[39m       res[33m.[39mjson({ checkoutUrl })[33m;[39m
     [90m 346 |[39m     } [36mcatch[39m (error) {
    [31m[1m>[22m[39m[90m 347 |[39m       console[33m.[39merror([32m'[Wompi] Error en getCheckoutUrl:'[39m[33m,[39m error)[33m;[39m
     [90m     |[39m               [31m[1m^[22m[39m
     [90m 348 |[39m       res[33m.[39mstatus([35m500[39m)[33m.[39mjson({ error[33m:[39m [32m'Error interno'[39m })[33m;[39m
     [90m 349 |[39m     }
     [90m 350 |[39m   }[0m

      at WompiController.getCheckoutUrl (src/controllers/wompi.controller.ts:347:15)
      at src/__tests__/properties/checkout-email-registro-pro.property.test.ts:188:13
      at AsyncProperty.run (node_modules/fast-check/lib/cjs/fast-check.js:1208:19)
      at asyncRunIt (node_modules/fast-check/lib/cjs/fast-check.js:2503:15)
      at Object.<anonymous> (src/__tests__/properties/checkout-email-registro-pro.property.test.ts:166:7)

  console.error
    [Wompi] Error en getCheckoutUrl: TypeError: supabase_1.supabaseAdmin.from(...).select is not a function
        at PricingService.getPricingConfig (C:\Users\Matt\Lookitry\backend\src\services\pricing.service.ts:18:8)
        at PricingService.calculateTotal (C:\Users\Matt\Lookitry\backend\src\services\pricing.service.ts:38:32)
        at WompiController.getCheckoutUrl (C:\Users\Matt\Lookitry\backend\src\controllers\wompi.controller.ts:317:44)
        at C:\Users\Matt\Lookitry\backend\src\__tests__\properties\checkout-email-registro-pro.property.test.ts:188:30
        at AsyncProperty.predicate (C:\Users\Matt\Lookitry\backend\node_modules\fast-check\lib\cjs\fast-check.js:1272:104)
        at AsyncProperty.run (C:\Users\Matt\Lookitry\backend\node_modules\fast-check\lib\cjs\fast-check.js:1208:30)
        at asyncRunIt (C:\Users\Matt\Lookitry\backend\node_modules\fast-check\lib\cjs\fast-check.js:2503:30)
        at Object.<anonymous> (C:\Users\Matt\Lookitry\backend\src\__tests__\properties\checkout-email-registro-pro.property.test.ts:166:7)

    [0m [90m 345 |[39m       res[33m.[39mjson({ checkoutUrl })[33m;[39m
     [90m 346 |[39m     } [36mcatch[39m (error) {
    [31m[1m>[22m[39m[90m 347 |[39m       console[33m.[39merror([32m'[Wompi] Error en getCheckoutUrl:'[39m[33m,[39m error)[33m;[39m
     [90m     |[39m               [31m[1m^[22m[39m
     [90m 348 |[39m       res[33m.[39mstatus([35m500[39m)[33m.[39mjson({ error[33m:[39m [32m'Error interno'[39m })[33m;[39m
     [90m 349 |[39m     }
     [90m 350 |[39m   }[0m

      at WompiController.getCheckoutUrl (src/controllers/wompi.controller.ts:347:15)
      at src/__tests__/properties/checkout-email-registro-pro.property.test.ts:188:13
      at AsyncProperty.run (node_modules/fast-check/lib/cjs/fast-check.js:1208:19)
      at asyncRunIt (node_modules/fast-check/lib/cjs/fast-check.js:2503:15)
      at Object.<anonymous> (src/__tests__/properties/checkout-email-registro-pro.property.test.ts:166:7)

  console.error
    [Wompi] Error en getCheckoutUrl: TypeError: supabase_1.supabaseAdmin.from(...).select is not a function
        at PricingService.getPricingConfig (C:\Users\Matt\Lookitry\backend\src\services\pricing.service.ts:18:8)
        at PricingService.calculateTotal (C:\Users\Matt\Lookitry\backend\src\services\pricing.service.ts:38:32)
        at WompiController.getCheckoutUrl (C:\Users\Matt\Lookitry\backend\src\controllers\wompi.controller.ts:317:44)
        at C:\Users\Matt\Lookitry\backend\src\__tests__\properties\checkout-email-registro-pro.property.test.ts:188:30
        at AsyncProperty.predicate (C:\Users\Matt\Lookitry\backend\node_modules\fast-check\lib\cjs\fast-check.js:1272:104)
        at AsyncProperty.run (C:\Users\Matt\Lookitry\backend\node_modules\fast-check\lib\cjs\fast-check.js:1208:30)
        at asyncRunIt (C:\Users\Matt\Lookitry\backend\node_modules\fast-check\lib\cjs\fast-check.js:2503:30)
        at Object.<anonymous> (C:\Users\Matt\Lookitry\backend\src\__tests__\properties\checkout-email-registro-pro.property.test.ts:166:7)

    [0m [90m 345 |[39m       res[33m.[39mjson({ checkoutUrl })[33m;[39m
     [90m 346 |[39m     } [36mcatch[39m (error) {
    [31m[1m>[22m[39m[90m 347 |[39m       console[33m.[39merror([32m'[Wompi] Error en getCheckoutUrl:'[39m[33m,[39m error)[33m;[39m
     [90m     |[39m               [31m[1m^[22m[39m
     [90m 348 |[39m       res[33m.[39mstatus([35m500[39m)[33m.[39mjson({ error[33m:[39m [32m'Error interno'[39m })[33m;[39m
     [90m 349 |[39m     }
     [90m 350 |[39m   }[0m

      at WompiController.getCheckoutUrl (src/controllers/wompi.controller.ts:347:15)
      at src/__tests__/properties/checkout-email-registro-pro.property.test.ts:188:13
      at AsyncProperty.run (node_modules/fast-check/lib/cjs/fast-check.js:1208:19)
      at asyncRunIt (node_modules/fast-check/lib/cjs/fast-check.js:2503:15)
      at Object.<anonymous> (src/__tests__/properties/checkout-email-registro-pro.property.test.ts:166:7)

  console.error
    [Wompi] Error en getCheckoutUrl: TypeError: supabase_1.supabaseAdmin.from(...).select is not a function
        at PricingService.getPricingConfig (C:\Users\Matt\Lookitry\backend\src\services\pricing.service.ts:18:8)
        at PricingService.calculateTotal (C:\Users\Matt\Lookitry\backend\src\services\pricing.service.ts:38:32)
        at WompiController.getCheckoutUrl (C:\Users\Matt\Lookitry\backend\src\controllers\wompi.controller.ts:317:44)
        at C:\Users\Matt\Lookitry\backend\src\__tests__\properties\checkout-email-registro-pro.property.test.ts:188:30
        at AsyncProperty.predicate (C:\Users\Matt\Lookitry\backend\node_modules\fast-check\lib\cjs\fast-check.js:1272:104)
        at AsyncProperty.run (C:\Users\Matt\Lookitry\backend\node_modules\fast-check\lib\cjs\fast-check.js:1208:30)
        at asyncRunIt (C:\Users\Matt\Lookitry\backend\node_modules\fast-check\lib\cjs\fast-check.js:2503:30)
        at Object.<anonymous> (C:\Users\Matt\Lookitry\backend\src\__tests__\properties\checkout-email-registro-pro.property.test.ts:166:7)

    [0m [90m 345 |[39m       res[33m.[39mjson({ checkoutUrl })[33m;[39m
     [90m 346 |[39m     } [36mcatch[39m (error) {
    [31m[1m>[22m[39m[90m 347 |[39m       console[33m.[39merror([32m'[Wompi] Error en getCheckoutUrl:'[39m[33m,[39m error)[33m;[39m
     [90m     |[39m               [31m[1m^[22m[39m
     [90m 348 |[39m       res[33m.[39mstatus([35m500[39m)[33m.[39mjson({ error[33m:[39m [32m'Error interno'[39m })[33m;[39m
     [90m 349 |[39m     }
     [90m 350 |[39m   }[0m

      at WompiController.getCheckoutUrl (src/controllers/wompi.controller.ts:347:15)
      at src/__tests__/properties/checkout-email-registro-pro.property.test.ts:188:13
      at AsyncProperty.run (node_modules/fast-check/lib/cjs/fast-check.js:1208:19)
      at asyncRunIt (node_modules/fast-check/lib/cjs/fast-check.js:2503:15)
      at Object.<anonymous> (src/__tests__/properties/checkout-email-registro-pro.property.test.ts:166:7)

  console.error
    [Wompi] Error en getCheckoutUrl: TypeError: supabase_1.supabaseAdmin.from(...).select is not a function
        at PricingService.getPricingConfig (C:\Users\Matt\Lookitry\backend\src\services\pricing.service.ts:18:8)
        at PricingService.calculateTotal (C:\Users\Matt\Lookitry\backend\src\services\pricing.service.ts:38:32)
        at WompiController.getCheckoutUrl (C:\Users\Matt\Lookitry\backend\src\controllers\wompi.controller.ts:317:44)
        at C:\Users\Matt\Lookitry\backend\src\__tests__\properties\checkout-email-registro-pro.property.test.ts:188:30
        at AsyncProperty.predicate (C:\Users\Matt\Lookitry\backend\node_modules\fast-check\lib\cjs\fast-check.js:1272:104)
        at AsyncProperty.run (C:\Users\Matt\Lookitry\backend\node_modules\fast-check\lib\cjs\fast-check.js:1208:30)
        at asyncRunIt (C:\Users\Matt\Lookitry\backend\node_modules\fast-check\lib\cjs\fast-check.js:2503:30)
        at Object.<anonymous> (C:\Users\Matt\Lookitry\backend\src\__tests__\properties\checkout-email-registro-pro.property.test.ts:166:7)

    [0m [90m 345 |[39m       res[33m.[39mjson({ checkoutUrl })[33m;[39m
     [90m 346 |[39m     } [36mcatch[39m (error) {
    [31m[1m>[22m[39m[90m 347 |[39m       console[33m.[39merror([32m'[Wompi] Error en getCheckoutUrl:'[39m[33m,[39m error)[33m;[39m
     [90m     |[39m               [31m[1m^[22m[39m
     [90m 348 |[39m       res[33m.[39mstatus([35m500[39m)[33m.[39mjson({ error[33m:[39m [32m'Error interno'[39m })[33m;[39m
     [90m 349 |[39m     }
     [90m 350 |[39m   }[0m

      at WompiController.getCheckoutUrl (src/controllers/wompi.controller.ts:347:15)
      at src/__tests__/properties/checkout-email-registro-pro.property.test.ts:188:13
      at AsyncProperty.run (node_modules/fast-check/lib/cjs/fast-check.js:1208:19)
      at asyncRunIt (node_modules/fast-check/lib/cjs/fast-check.js:2503:15)
      at Object.<anonymous> (src/__tests__/properties/checkout-email-registro-pro.property.test.ts:166:7)

  console.error
    [Wompi] Error en getCheckoutUrl: TypeError: supabase_1.supabaseAdmin.from(...).select is not a function
        at PricingService.getPricingConfig (C:\Users\Matt\Lookitry\backend\src\services\pricing.service.ts:18:8)
        at PricingService.calculateTotal (C:\Users\Matt\Lookitry\backend\src\services\pricing.service.ts:38:32)
        at WompiController.getCheckoutUrl (C:\Users\Matt\Lookitry\backend\src\controllers\wompi.controller.ts:317:44)
        at C:\Users\Matt\Lookitry\backend\src\__tests__\properties\checkout-email-registro-pro.property.test.ts:188:30
        at AsyncProperty.predicate (C:\Users\Matt\Lookitry\backend\node_modules\fast-check\lib\cjs\fast-check.js:1272:104)
        at AsyncProperty.run (C:\Users\Matt\Lookitry\backend\node_modules\fast-check\lib\cjs\fast-check.js:1208:30)
        at asyncRunIt (C:\Users\Matt\Lookitry\backend\node_modules\fast-check\lib\cjs\fast-check.js:2503:30)
        at Object.<anonymous> (C:\Users\Matt\Lookitry\backend\src\__tests__\properties\checkout-email-registro-pro.property.test.ts:166:7)

    [0m [90m 345 |[39m       res[33m.[39mjson({ checkoutUrl })[33m;[39m
     [90m 346 |[39m     } [36mcatch[39m (error) {
    [31m[1m>[22m[39m[90m 347 |[39m       console[33m.[39merror([32m'[Wompi] Error en getCheckoutUrl:'[39m[33m,[39m error)[33m;[39m
     [90m     |[39m               [31m[1m^[22m[39m
     [90m 348 |[39m       res[33m.[39mstatus([35m500[39m)[33m.[39mjson({ error[33m:[39m [32m'Error interno'[39m })[33m;[39m
     [90m 349 |[39m     }
     [90m 350 |[39m   }[0m

      at WompiController.getCheckoutUrl (src/controllers/wompi.controller.ts:347:15)
      at src/__tests__/properties/checkout-email-registro-pro.property.test.ts:188:13
      at AsyncProperty.run (node_modules/fast-check/lib/cjs/fast-check.js:1208:19)
      at asyncRunIt (node_modules/fast-check/lib/cjs/fast-check.js:2503:15)
      at Object.<anonymous> (src/__tests__/properties/checkout-email-registro-pro.property.test.ts:166:7)

  console.error
    [Wompi] Error en getCheckoutUrl: TypeError: supabase_1.supabaseAdmin.from(...).select is not a function
        at PricingService.getPricingConfig (C:\Users\Matt\Lookitry\backend\src\services\pricing.service.ts:18:8)
        at PricingService.calculateTotal (C:\Users\Matt\Lookitry\backend\src\services\pricing.service.ts:38:32)
        at WompiController.getCheckoutUrl (C:\Users\Matt\Lookitry\backend\src\controllers\wompi.controller.ts:317:44)
        at C:\Users\Matt\Lookitry\backend\src\__tests__\properties\checkout-email-registro-pro.property.test.ts:188:30
        at AsyncProperty.predicate (C:\Users\Matt\Lookitry\backend\node_modules\fast-check\lib\cjs\fast-check.js:1272:104)
        at AsyncProperty.run (C:\Users\Matt\Lookitry\backend\node_modules\fast-check\lib\cjs\fast-check.js:1208:30)
        at asyncRunIt (C:\Users\Matt\Lookitry\backend\node_modules\fast-check\lib\cjs\fast-check.js:2503:30)
        at Object.<anonymous> (C:\Users\Matt\Lookitry\backend\src\__tests__\properties\checkout-email-registro-pro.property.test.ts:166:7)

    [0m [90m 345 |[39m       res[33m.[39mjson({ checkoutUrl })[33m;[39m
     [90m 346 |[39m     } [36mcatch[39m (error) {
    [31m[1m>[22m[39m[90m 347 |[39m       console[33m.[39merror([32m'[Wompi] Error en getCheckoutUrl:'[39m[33m,[39m error)[33m;[39m
     [90m     |[39m               [31m[1m^[22m[39m
     [90m 348 |[39m       res[33m.[39mstatus([35m500[39m)[33m.[39mjson({ error[33m:[39m [32m'Error interno'[39m })[33m;[39m
     [90m 349 |[39m     }
     [90m 350 |[39m   }[0m

      at WompiController.getCheckoutUrl (src/controllers/wompi.controller.ts:347:15)
      at src/__tests__/properties/checkout-email-registro-pro.property.test.ts:188:13
      at AsyncProperty.run (node_modules/fast-check/lib/cjs/fast-check.js:1208:19)
      at asyncRunIt (node_modules/fast-check/lib/cjs/fast-check.js:2503:15)
      at Object.<anonymous> (src/__tests__/properties/checkout-email-registro-pro.property.test.ts:166:7)

  console.error
    [Wompi] Error en getCheckoutUrl: TypeError: supabase_1.supabaseAdmin.from(...).select is not a function
        at PricingService.getPricingConfig (C:\Users\Matt\Lookitry\backend\src\services\pricing.service.ts:18:8)
        at PricingService.calculateTotal (C:\Users\Matt\Lookitry\backend\src\services\pricing.service.ts:38:32)
        at WompiController.getCheckoutUrl (C:\Users\Matt\Lookitry\backend\src\controllers\wompi.controller.ts:317:44)
        at C:\Users\Matt\Lookitry\backend\src\__tests__\properties\checkout-email-registro-pro.property.test.ts:188:30
        at AsyncProperty.predicate (C:\Users\Matt\Lookitry\backend\node_modules\fast-check\lib\cjs\fast-check.js:1272:104)
        at AsyncProperty.run (C:\Users\Matt\Lookitry\backend\node_modules\fast-check\lib\cjs\fast-check.js:1208:30)
        at asyncRunIt (C:\Users\Matt\Lookitry\backend\node_modules\fast-check\lib\cjs\fast-check.js:2503:30)
        at Object.<anonymous> (C:\Users\Matt\Lookitry\backend\src\__tests__\properties\checkout-email-registro-pro.property.test.ts:166:7)

    [0m [90m 345 |[39m       res[33m.[39mjson({ checkoutUrl })[33m;[39m
     [90m 346 |[39m     } [36mcatch[39m (error) {
    [31m[1m>[22m[39m[90m 347 |[39m       console[33m.[39merror([32m'[Wompi] Error en getCheckoutUrl:'[39m[33m,[39m error)[33m;[39m
     [90m     |[39m               [31m[1m^[22m[39m
     [90m 348 |[39m       res[33m.[39mstatus([35m500[39m)[33m.[39mjson({ error[33m:[39m [32m'Error interno'[39m })[33m;[39m
     [90m 349 |[39m     }
     [90m 350 |[39m   }[0m

      at WompiController.getCheckoutUrl (src/controllers/wompi.controller.ts:347:15)
      at src/__tests__/properties/checkout-email-registro-pro.property.test.ts:188:13
      at AsyncProperty.run (node_modules/fast-check/lib/cjs/fast-check.js:1208:19)
      at asyncRunIt (node_modules/fast-check/lib/cjs/fast-check.js:2503:15)
      at Object.<anonymous> (src/__tests__/properties/checkout-email-registro-pro.property.test.ts:166:7)

node.exe : FAIL src/__tests__/properties/checkout-email-re
gistro-pro.property.test.ts
En línea: 1 Carácter: 1
+ & "C:\Program Files\nodejs/node.exe" "C:\Program 
Files\nodejs/node_mo ...
+ ~~~~~~~~~~~~~~~~~~~~~~~~~~~~~~~~~~~~~~~~~~~~~~~~~~~~~~~~
~~~~~~~~~~~~~
    + CategoryInfo          : NotSpecified: (FAIL src/__t 
   est...roperty.test.ts:String) [], RemoteException
    + FullyQualifiedErrorId : NativeCommandError
 
  Property-Based Tests: checkout-email-registro-pro
    Property 2: Pending registration round-trip
      ├ù el INSERT recibe exactamente email, plan, months 
y reference generados (122 ms)
      ÔêÜ retorna 500 y no devuelve checkoutUrl si el 
INSERT falla (327 ms)
      ÔêÜ no crea pending_registration cuando el usuario 
tiene sesi├│n activa (335 ms)

  ÔùÅ Property-Based Tests: checkout-email-registro-pro 
ÔÇ║ Property 2: Pending registration round-trip ÔÇ║ el 
INSERT recibe exactamente email, plan, months y reference 
generados

    Property failed after 1 tests
    { seed: 654999568, path: "0:0:0:0:0:0:0:0:0:0:0:0", 
endOnFailure: true }
    Counterexample: 
[{"email":"a@a.aa","plan":"BASIC","months":1}]
    Shrunk 11 time(s)

    Hint: Enable verbose mode in order to have the list 
of all failing values encountered during the run

      at buildError 
(node_modules/fast-check/lib/cjs/fast-check.js:2449:16)
      at asyncThrowIfFailed 
(node_modules/fast-check/lib/cjs/fast-check.js:2461:8)

    Cause:
    expect(jest.fn()).toHaveBeenCalledWith(...expected)

    Expected: "pending_registrations"
    Received: "pricing_config"

    Number of calls: 1

    [0m [90m 107 |[39m
     [90m 108 |[39m             [90m// El controlador 
debe haber llamado a 
supabaseAdmin.from('pending_registrations')[39m
    [31m[1m>[22m[39m[90m 109 |[39m             expec
t(mockFrom)[33m.[39mtoHaveBeenCalledWith([32m'pending_r
egistrations'[39m)[33m;[39m
     [90m     |[39m                              
[31m[1m^[22m[39m
     [90m 110 |[39m
     [90m 111 |[39m             [90m// El INSERT debe 
recibir exactamente los valores generados[39m
     [90m 112 |[39m             
expect(mockInsert)[33m.[39mtoHaveBeenCalledWith([0m

      at src/__tests__/properties/checkout-email-registro-
pro.property.test.ts:109:30
      at AsyncProperty.run 
(node_modules/fast-check/lib/cjs/fast-check.js:1208:19)
      at asyncRunIt 
(node_modules/fast-check/lib/cjs/fast-check.js:2503:15)
      at Object.<anonymous> (src/__tests__/properties/chec
kout-email-registro-pro.property.test.ts:87:7)

Test Suites: 1 failed, 1 total
Tests:       1 failed, 2 passed, 3 total
Snapshots:   0 total
Time:        2.672 s, estimated 3 s
Ran all test suites matching src/__tests__/properties/chec
kout-email-registro-pro.property.test.ts.
